<html>
<body>
<pre>
<h1>µVision Build Log</h1>
<h2>Project:</h2>
C:\Users\Kapil\Desktop\RTOS-realTImeCommSystem\RTOSgradproj\Lab7 - Client\Code\Lab7.uvproj
Project File Date:  05/06/2016

<h2>Output:</h2>
Build target 'Lab7'
compiling main.c...
main.c(465): warning:  #1-D: last line of file ends without a newline
  }
main.c: 1 warning, 0 errors
linking...
Program Size: Code=16664 RO-data=588 RW-data=548 ZI-data=30716  
".\CAN.axf" - 0 Error(s), 1 Warning(s).
Load "C:\\Users\\Kapil\\Desktop\\RTOS-realTImeCommSystem\\RTOSgradproj\\Lab7 - Client\\Code\\CAN.axf" 
Connecting: Mode=JTAG, Speed=1000000Hz
Erase Done.
Programming Done.
Verify OK.
TOS-realTImeCommSystem\\RTOSgradproj\\Lab7 - Client\\Code\\CAN.axf" 
Connecting: Mode=JTAG, Speed=1000000Hz
Erase Done.
Programming Done.
Verify OK.
Load "C:\\Users\\Kapil\\Desktop\\RTOS-realTImeCommSystem\\RTOSgradproj\\Lab7 - Client\\Code\\CAN.axf" 
Connecting: Mode=JTAG, Speed=1000000Hz
Erase Done.
Programming Done.
Verify OK.
ling esp8266.c...
esp8266.c(807): warning:  #1-D: last line of file ends without a newline
  }
esp8266.c: 1 warning, 0 errors
compiling LED.c...
linking...
Program Size: Code=16820 RO-data=588 RW-data=548 ZI-data=30716  
".\CAN.axf" - 0 Error(s), 2 Warning(s).
Load "C:\\Users\\Kapil\\Desktop\\RTOS-realTImeCommSystem\\RTOSgradproj\\Lab7 - Client\\Code\\CAN.axf" 
Connecting: Mode=JTAG, Speed=1000000Hz
Erase Done.
Programming Done.
Verify OK.
