ARM Linker, 5.03 [Build 76] [MDK-ARM Lite]

==============================================================================

Section Cross References

    startup.o(STACK) refers (Special) to heapauxi.o(.text) for __use_two_region_memory
    startup.o(HEAP) refers (Special) to heapauxi.o(.text) for __use_two_region_memory
    startup.o(RESET) refers (Special) to heapauxi.o(.text) for __use_two_region_memory
    startup.o(RESET) refers to startup.o(STACK) for StackMem
    startup.o(RESET) refers to os.o(i.HardFault_Handler) for HardFault_Handler
    startup.o(RESET) refers to osasm.o(.text) for PendSV_Handler
    startup.o(RESET) refers to ping.o(i.GPIOPortB_Handler) for GPIOPortB_Handler
    startup.o(RESET) refers to uart.o(i.UART0_Handler) for UART0_Handler
    startup.o(RESET) refers to adc.o(i.ADC0Seq3_Handler) for ADC0Seq3_Handler
    startup.o(RESET) refers to os_periodictasks.o(i.Timer1A_Handler) for Timer1A_Handler
    startup.o(RESET) refers to os.o(i.Timer2A_Handler) for Timer2A_Handler
    startup.o(RESET) refers to os_switch.o(i.GPIOPortF_Handler) for GPIOPortF_Handler
    startup.o(RESET) refers to esp8266.o(i.UART2_Handler) for UART2_Handler
    startup.o(RESET) refers to timer3.o(i.Timer3A_Handler) for Timer3A_Handler
    startup.o(RESET) refers to os_periodictasks.o(i.Timer3B_Handler) for Timer3B_Handler
    startup.o(RESET) refers to can0.o(i.CAN0_Handler) for CAN0_Handler
    startup.o(RESET) refers to diskio.o(i.Timer5A_Handler) for Timer5A_Handler
    startup.o(RESET) refers to __main.o(!!!main) for __main
    startup.o(.text) refers (Special) to heapauxi.o(.text) for __use_two_region_memory
    startup.o(.text) refers to startup.o(HEAP) for HeapMem
    startup.o(.text) refers to startup.o(STACK) for StackMem
    main.o(i.AddIRThreads) refers to os.o(i.OS_AddThread) for OS_AddThread
    main.o(i.AddIRThreads) refers to ir.o(i.IRSensor0Thread) for IRSensor0Thread
    main.o(i.AddIRThreads) refers to ir.o(i.IRSensor1Thread) for IRSensor1Thread
    main.o(i.AddIRThreads) refers to ir.o(i.IRSensor2Thread) for IRSensor2Thread
    main.o(i.AddIRThreads) refers to ir.o(i.IRSensor3Thread) for IRSensor3Thread
    main.o(i.AddPingThreads) refers to os.o(i.OS_AddThread) for OS_AddThread
    main.o(i.AddPingThreads) refers to ping.o(i.Ping3_PollThread) for Ping3_PollThread
    main.o(i.CANMotorThread) refers to can0.o(i.CAN0_Open) for CAN0_Open
    main.o(i.CANMotorThread) refers to can0.o(i.CAN0_GetMailNonBlock) for CAN0_GetMailNonBlock
    main.o(i.CANMotorThread) refers to os.o(i.OS_MailBox_Send) for OS_MailBox_Send
    main.o(i.CANSensorSendThread) refers to can0.o(i.CAN0_Open) for CAN0_Open
    main.o(i.CANSensorSendThread) refers to os.o(i.OS_MailBox_Recv) for OS_MailBox_Recv
    main.o(i.CANSensorSendThread) refers to can0.o(i.CAN0_SendData) for CAN0_SendData
    main.o(i.CANSensorSendThread) refers to st7735.o(i.ST7735_SClear) for ST7735_SClear
    main.o(i.CANSensorSendThread) refers to st7735.o(i.ST7735_SDrawString) for ST7735_SDrawString
    main.o(i.CANSensorSendThread) refers to st7735.o(i.ST7735_SDrawValue) for ST7735_SDrawValue
    main.o(i.Interpreter) refers to interpreter.o(i.Interpreter_Init) for Interpreter_Init
    main.o(i.Interpreter) refers to interpreter.o(i.Interpreter_Get) for Interpreter_Get
    main.o(i.MotorProcessor) refers to dcmotor.o(i.Motor_Init) for Motor_Init
    main.o(i.MotorProcessor) refers to os.o(i.OS_MailBox_Recv) for OS_MailBox_Recv
    main.o(i.MotorProcessor) refers to dcmotor.o(i.Motor_Run) for Motor_Run
    main.o(i.MotorProcessor) refers to dcmotor.o(i.Motor_Direction) for Motor_Direction
    main.o(i.ProcessSensors) refers to ping.o(i.Ping_Fifo3_Get) for Ping_Fifo3_Get
    main.o(i.ProcessSensors) refers to ir.o(i.IR_Fifo0_Get) for IR_Fifo0_Get
    main.o(i.ProcessSensors) refers to ir.o(i.IR_Fifo1_Get) for IR_Fifo1_Get
    main.o(i.ProcessSensors) refers to ir.o(i.IR_Fifo2_Get) for IR_Fifo2_Get
    main.o(i.ProcessSensors) refers to ir.o(i.IR_Fifo3_Get) for IR_Fifo3_Get
    main.o(i.ProcessSensors) refers to main.o(i.min) for min
    main.o(i.ProcessSensors) refers to os.o(i.OS_MailBox_Send) for OS_MailBox_Send
    main.o(i.ProcessSensors) refers to st7735.o(i.ST7735_SClear) for ST7735_SClear
    main.o(i.ProcessSensors) refers to st7735.o(i.ST7735_SDrawString) for ST7735_SDrawString
    main.o(i.ProcessSensors) refers to st7735.o(i.ST7735_SDrawValue) for ST7735_SDrawValue
    main.o(i.ProcessSensors) refers to os.o(i.OS_Sleep) for OS_Sleep
    main.o(i.ProcessSensors) refers to main.o(.data) for runningTime
    main.o(i.doTCP) refers to _printf_percent.o(.ARM.Collect$$_printf_percent$$00000000) for _printf_percent
    main.o(i.doTCP) refers to _printf_d.o(.ARM.Collect$$_printf_percent$$00000009) for _printf_d
    main.o(i.doTCP) refers to _printf_dec.o(.text) for _printf_int_dec
    main.o(i.doTCP) refers to led.o(i.LED_RedOff) for LED_RedOff
    main.o(i.doTCP) refers to led.o(i.LED_GreenOff) for LED_GreenOff
[...]
    Comp0_Handler                            0x00000283   Thumb Code     0  startup.o(RESET)
    Comp1_Handler                            0x00000283   Thumb Code     0  startup.o(RESET)
    Comp2_Handler                            0x00000283   Thumb Code     0  startup.o(RESET)
    Ethernet_Handler                         0x00000283   Thumb Code     0  startup.o(RESET)
    ExtBus_Handler                           0x00000283   Thumb Code     0  startup.o(RESET)
    FPU_Handler                              0x00000283   Thumb Code     0  startup.o(RESET)
    Fan0_Handler                             0x00000283   Thumb Code     0  startup.o(RESET)
    FlashCtl_Handler                         0x00000283   Thumb Code     0  startup.o(RESET)
    GPIOPortA_Handler                        0x00000283   Thumb Code     0  startup.o(RESET)
    GPIOPortC_Handler                        0x00000283   Thumb Code     0  startup.o(RESET)
    GPIOPortD_Handler                        0x00000283   Thumb Code     0  startup.o(RESET)
    GPIOPortE_Handler                        0x00000283   Thumb Code     0  startup.o(RESET)
    GPIOPortG_Handler                        0x00000283   Thumb Code     0  startup.o(RESET)
    GPIOPortH_Handler                        0x00000283   Thumb Code     0  startup.o(RESET)
    GPIOPortJ_Handler                        0x00000283   Thumb Code     0  startup.o(RESET)
    GPIOPortK_Handler                        0x00000283   Thumb Code     0  startup.o(RESET)
    GPIOPortL_Handler                        0x00000283   Thumb Code     0  startup.o(RESET)
    GPIOPortM_Handler                        0x00000283   Thumb Code     0  startup.o(RESET)
    GPIOPortN_Handler                        0x00000283   Thumb Code     0  startup.o(RESET)
    GPIOPortP1_Handler                       0x00000283   Thumb Code     0  startup.o(RESET)
    GPIOPortP2_Handler                       0x00000283   Thumb Code     0  startup.o(RESET)
    GPIOPortP3_Handler                       0x00000283   Thumb Code     0  startup.o(RESET)
    GPIOPortP4_Handler                       0x00000283   Thumb Code     0  startup.o(RESET)
    GPIOPortP5_Handler                       0x00000283   Thumb Code     0  startup.o(RESET)
    GPIOPortP6_Handler                       0x00000283   Thumb Code     0  startup.o(RESET)
    GPIOPortP7_Handler                       0x00000283   Thumb Code     0  startup.o(RESET)
    GPIOPortP_Handler                        0x00000283   Thumb Code     0  startup.o(RESET)
    GPIOPortQ1_Handler                       0x00000283   Thumb Code     0  startup.o(RESET)
    GPIOPortQ2_Handler                       0x00000283   Thumb Code     0  startup.o(RESET)
    GPIOPortQ3_Handler                       0x00000283   Thumb Code     0  startup.o(RESET)
    GPIOPortQ4_Handler                       0x00000283   Thumb Code     0  startup.o(RESET)
    GPIOPortQ5_Handler                       0x00000283   Thumb Code     0  startup.o(RESET)
    GPIOPortQ6_Handler                       0x00000283   Thumb Code     0  startup.o(RESET)
    GPIOPortQ7_Handler                       0x00000283   Thumb Code     0  startup.o(RESET)
    GPIOPortQ_Handler                        0x00000283   Thumb Code     0  startup.o(RESET)
    GPIOPortR_Handler                        0x00000283   Thumb Code     0  startup.o(RESET)
    GPIOPortS_Handler                        0x00000283   Thumb Code     0  startup.o(RESET)
    Hibernate_Handler                        0x00000283   Thumb Code     0  startup.o(RESET)
    I2C0_Handler                             0x00000283   Thumb Code     0  startup.o(RESET)
    I2C1_Handler                             0x00000283   Thumb Code     0  startup.o(RESET)
    I2C2_Handler                             0x00000283   Thumb Code     0  startup.o(RESET)
    I2C3_Handler                             0x00000283   Thumb Code     0  startup.o(RESET)
    I2C4_Handler                             0x00000283   Thumb Code     0  startup.o(RESET)
    I2C5_Handler                             0x00000283   Thumb Code     0  startup.o(RESET)
    I2S0_Handler                             0x00000283   Thumb Code     0  startup.o(RESET)
    LPC0_Handler                             0x00000283   Thumb Code     0  startup.o(RESET)
    PECI0_Handler                            0x00000283   Thumb Code     0  startup.o(RESET)
    PWM0Fault_Handler                        0x00000283   Thumb Code     0  startup.o(RESET)
    PWM0Generator0_Handler                   0x00000283   Thumb Code     0  startup.o(RESET)
    PWM0Generator1_Handler                   0x00000283   Thumb Code     0  startup.o(RESET)
    PWM0Generator2_Handler                   0x00000283   Thumb Code     0  startup.o(RESET)
    PWM0Generator3_Handler                   0x00000283   Thumb Code     0  startup.o(RESET)
    PWM1Fault_Handler                        0x00000283   Thumb Code     0  startup.o(RESET)
    PWM1Generator0_Handler                   0x00000283   Thumb Code     0  startup.o(RESET)
    PWM1Generator1_Handler                   0x00000283   Thumb Code     0  startup.o(RESET)
    PWM1Generator2_Handler                   0x00000283   Thumb Code     0  startup.o(RESET)
    PWM1Generator3_Handler                   0x00000283   Thumb Code     0  startup.o(RESET)
    Quadrature0_Handler                      0x00000283   Thumb Code     0  startup.o(RESET)
    Quadrature1_Handler                      0x00000283   Thumb Code     0  startup.o(RESET)
    Quadrature2_Handler                      0x00000283   Thumb Code     0  startup.o(RESET)
    SSI0_Handler                             0x00000283   Thumb Code     0  startup.o(RESET)
    SSI1_Handler                             0x00000283   Thumb Code     0  startup.o(RESET)
    SSI2_Handler                             0x00000283   Thumb Code     0  startup.o(RESET)
    SSI3_Handler                             0x00000283   Thumb Code     0  startup.o(RESET)
    SysCtl_Handler                           0x00000283   Thumb Code     0  startup.o(RESET)
    Timer0A_Handler                          0x00000283   Thumb Code     0  startup.o(RESET)
    Timer0B_Handler                          0x00000283   Thumb Code     0  startup.o(RESET)
    Timer1B_Handler                          0x00000283   Thumb Code     0  startup.o(RESET)
    Timer2B_Handler                          0x00000283   Thumb Code     0  startup.o(RESET)
    Timer4A_Handler                          0x00000283   Thumb Code     0  startup.o(RESET)
    Timer4B_Handler                          0x00000283   Thumb Code     0  startup.o(RESET)
    Timer5B_Handler                          0x00000283   Thumb Code     0  startup.o(RESET)
    UART1_Handler                            0x00000283   Thumb Code     0  startup.o(RESET)
    UART3_Handler                            0x00000283   Thumb Code     0  startup.o(RESET)
    UART4_Handler                            0x00000283   Thumb Code     0  startup.o(RESET)
    UART5_Handler                            0x00000283   Thumb Code     0  startup.o(RESET)
    UART6_Handler                            0x00000283   Thumb Code     0  startup.o(RESET)
    UART7_Handler                            0x00000283   Thumb Code     0  startup.o(RESET)
    USB0_Handler                             0x00000283   Thumb Code     0  startup.o(RESET)
    WDT_Handler                              0x00000283   Thumb Code     0  startup.o(RESET)
    WideTimer0A_Handler                      0x00000283   Thumb Code     0  startup.o(RESET)
    WideTimer0B_Handler                      0x00000283   Thumb Code     0  startup.o(RESET)
    WideTimer1A_Handler                      0x00000283   Thumb Code     0  startup.o(RESET)
    WideTimer1B_Handler                      0x00000283   Thumb Code     0  startup.o(RESET)
    WideTimer2A_Handler                      0x00000283   Thumb Code     0  startup.o(RESET)
    WideTimer2B_Handler                      0x00000283   Thumb Code     0  startup.o(RESET)
    WideTimer3A_Handler                      0x00000283   Thumb Code     0  startup.o(RESET)
    WideTimer3B_Handler                      0x00000283   Thumb Code     0  startup.o(RESET)
    WideTimer4A_Handler                      0x00000283   Thumb Code     0  startup.o(RESET)
    WideTimer4B_Handler                      0x00000283   Thumb Code     0  startup.o(RESET)
    WideTimer5A_Handler                      0x00000283   Thumb Code     0  startup.o(RESET)
    WideTimer5B_Handler                      0x00000283   Thumb Code     0  startup.o(RESET)
    uDMA_Error                               0x00000283   Thumb Code     0  startup.o(RESET)
    uDMA_Handler                             0x00000283   Thumb Code     0  startup.o(RESET)
    __main                                   0x00000285   Thumb Code     8  __main.o(!!!main)
    __scatterload                            0x0000028d   Thumb Code     0  __scatter.o(!!!scatter)
    __scatterload_rt2                        0x0000028d   Thumb Code    44  __scatter.o(!!!scatter)
    __scatterload_rt2_thumb_only             0x0000028d   Thumb Code     0  __scatter.o(!!!scatter)
    __scatterload_null                       0x0000029b   Thumb Code     0  __scatter.o(!!!scatter)
    __decompress                             0x000002c1   Thumb Code    90  __dczerorl2.o(!!dczerorl2)
    __decompress1                            0x000002c1   Thumb Code     0  __dczerorl2.o(!!dczerorl2)
    __scatterload_zeroinit                   0x0000031d   Thumb Code    28  __scatter_zi.o(!!handler_zi)
    _printf_n                                0x00000339   Thumb Code     0  _printf_n.o(.ARM.Collect$$_printf_percent$$00000001)
    _printf_percent                          0x00000339   Thumb Code     0  _printf_percent.o(.ARM.Collect$$_printf_percent$$00000000)
    _printf_p                                0x0000033f   Thumb Code     0  _printf_p.o(.ARM.Collect$$_printf_percent$$00000002)
    _printf_f                                0x00000345   Thumb Code     0  _printf_f.o(.ARM.Collect$$_printf_percent$$00000003)
    _printf_e                                0x0000034b   Thumb Code     0  _printf_e.o(.ARM.Collect$$_printf_percent$$00000004)
    _printf_g                                0x00000351   Thumb Code     0  _printf_g.o(.ARM.Collect$$_printf_percent$$00000005)
    _printf_a                                0x00000357   Thumb Code     0  _printf_a.o(.ARM.Collect$$_printf_percent$$00000006)
    _printf_ll                               0x0000035d   Thumb Code     0  _printf_ll.o(.ARM.Collect$$_printf_percent$$00000007)
    _printf_i                                0x00000367   Thumb Code     0  _printf_i.o(.ARM.Collect$$_printf_percent$$00000008)
    _printf_d                                0x0000036d   Thumb Code     0  _printf_d.o(.ARM.Collect$$_printf_percent$$00000009)
    _printf_u                                0x00000373   Thumb Code     0  _printf_u.o(.ARM.Collect$$_printf_percent$$0000000A)
    _printf_o                                0x00000379   Thumb Code     0  _printf_o.o(.ARM.Collect$$_printf_percent$$0000000B)
    _printf_x                                0x0000037f   Thumb Code     0  _printf_x.o(.ARM.Collect$$_printf_percent$$0000000C)
    _printf_lli                              0x00000385   Thumb Code     0  _printf_lli.o(.ARM.Collect$$_printf_percent$$0000000D)
    _printf_lld                              0x0000038b   Thumb Code     0  _printf_lld.o(.ARM.Collect$$_printf_percent$$0000000E)
    _printf_llu                              0x00000391   Thumb Code     0  _printf_llu.o(.ARM.Collect$$_printf_percent$$0000000F)
    _printf_llo                              0x00000397   Thumb Code     0  _printf_llo.o(.ARM.Collect$$_printf_percent$$00000010)
    _printf_llx                              0x0000039d   Thumb Code     0  _printf_llx.o(.ARM.Collect$$_printf_percent$$00000011)
    _printf_l                                0x000003a3   Thumb Code     0  _printf_l.o(.ARM.Collect$$_printf_percent$$00000012)
    _printf_c                                0x000003ad   Thumb Code     0  _printf_c.o(.ARM.Collect$$_printf_percent$$00000013)
    _printf_s                                0x000003b3   Thumb Code     0  _printf_s.o(.ARM.Collect$$_printf_percent$$00000014)
    _printf_lc                               0x000003b9   Thumb Code     0  _printf_lc.o(.ARM.Collect$$_printf_percent$$00000015)
    _printf_ls                               0x000003bf   Thumb Code     0  _printf_ls.o(.ARM.Collect$$_printf_percent$$00000016)
    _printf_percent_end                      0x000003c5   Thumb Code     0  _printf_percent_end.o(.ARM.Collect$$_printf_percent$$00000017)
    __rt_lib_init                            0x000003c9   Thumb Code     0  libinit.o(.ARM.Collect$$libinit$$00000000)
    __rt_lib_init_fp_1                       0x000003cb   Thumb Code     0  libinit2.o(.ARM.Collect$$libinit$$00000002)
    __rt_lib_init_heap_2                     0x000003cb   Thumb Code     0  libinit2.o(.ARM.Collect$$libinit$$00000003)
    __rt_lib_init_heap_1                     0x000003d3   Thumb Code     0  libinit2.o(.ARM.Collect$$libinit$$00000008)
    __rt_lib_init_lc_common                  0x000003d3   Thumb Code     0  libinit2.o(.ARM.Collect$$libinit$$0000000D)
    __rt_lib_init_rand_1                     0x000003d3   Thumb Code     0  libinit2.o(.ARM.Collect$$libinit$$0000000C)
    __rt_lib_init_user_alloc_1               0x000003d3   Thumb Code     0  libinit2.o(.ARM.Collect$$libinit$$0000000A)
    __rt_lib_init_lc_collate_1               0x000003d9   Thumb Code     0  libinit2.o(.ARM.Collect$$libinit$$0000000F)
    __rt_lib_init_lc_ctype_2                 0x000003d9   Thumb Code     0  libinit2.o(.ARM.Collect$$libinit$$00000010)
    __rt_lib_init_lc_ctype_1                 0x000003e5   Thumb Code     0  libinit2.o(.ARM.Collect$$libinit$$00000011)
    __rt_lib_init_lc_monetary_1              0x000003e5   Thumb Code     0  libinit2.o(.ARM.Collect$$libinit$$00000013)
    __rt_lib_init_lc_numeric_2               0x000003e5   Thumb Code     0  libinit2.o(.ARM.Collect$$libinit$$00000014)
    __rt_lib_init_atexit_1                   0x000003ef   Thumb Code     0  libinit2.o(.ARM.Collect$$libinit$$00000019)
    __rt_lib_init_clock_1                    0x000003ef   Thumb Code     0  libinit2.o(.ARM.Collect$$libinit$$0000001F)
    __rt_lib_init_fp_trap_1                  0x000003ef   Thumb Code     0  libinit2.o(.ARM.Collect$$libinit$$0000001D)
    __rt_lib_init_getenv_1                   0x000003ef   Thumb Code     0  libinit2.o(.ARM.Collect$$libinit$$00000021)
    __rt_lib_init_lc_numeric_1               0x000003ef   Thumb Code     0  libinit2.o(.ARM.Collect$$libinit$$00000015)
    __rt_lib_init_lc_time_1                  0x000003ef   Thumb Code     0  libinit2.o(.ARM.Collect$$libinit$$00000017)
    __rt_lib_init_signal_1                   0x000003ef   Thumb Code     0  libinit2.o(.ARM.Collect$$libinit$$0000001B)
    __rt_lib_init_stdio_2                    0x000003ef   Thumb Code     0  libinit2.o(.ARM.Collect$$libinit$$00000022)
    __rt_lib_init_alloca_1                   0x000003f3   Thumb Code     0  libinit2.o(.ARM.Collect$$libinit$$0000002C)
    __rt_lib_init_argv_1                     0x000003f3   Thumb Code     0  libinit2.o(.ARM.Collect$$libinit$$0000002A)
    __rt_lib_init_cpp_1                      0x000003f3   Thumb Code     0  libinit2.o(.ARM.Collect$$libinit$$00000030)
    __rt_lib_init_exceptions_1               0x000003f3   Thumb Code     0  libinit2.o(.ARM.Collect$$libinit$$0000002E)
    __rt_lib_init_return                     0x000003f3   Thumb Code     0  libinit2.o(.ARM.Collect$$libinit$$00000031)
    __rt_lib_init_stdio_1                    0x000003f3   Thumb Code     0  libinit2.o(.ARM.Collect$$libinit$$00000023)
    __rt_lib_shutdown                        0x000003f5   Thumb Code     0  libshutdown.o(.ARM.Collect$$libshutdown$$00000000)
    __rt_lib_shutdown_stdio_2                0x000003f7   Thumb Code     0  libshutdown2.o(.ARM.Collect$$libshutdown$$00000002)
    __rt_lib_shutdown_fp_trap_1              0x000003fb   Thumb Code     0  libshutdown2.o(.ARM.Collect$$libshutdown$$00000006)
    __rt_lib_shutdown_heap_1                 0x000003fb   Thumb Code     0  libshutdown2.o(.ARM.Collect$$libshutdown$$0000000E)
    __rt_lib_shutdown_return                 0x000003fb   Thumb Code     0  libshutdown2.o(.ARM.Collect$$libshutdown$$0000000F)
    __rt_lib_shutdown_signal_1               0x000003fb   Thumb Code     0  libshutdown2.o(.ARM.Collect$$libshutdown$$00000009)
    __rt_lib_shutdown_stdio_1                0x000003fb   Thumb Code     0  libshutdown2.o(.ARM.Collect$$libshutdown$$00000003)
    __rt_lib_shutdown_user_alloc_1           0x000003fb   Thumb Code     0  libshutdown2.o(.ARM.Collect$$libshutdown$$0000000B)
    __rt_entry                               0x000003fd   Thumb Code     0  rtentry.o(.ARM.Collect$$rtentry$$00000000)
    __rt_entry_presh_1                       0x000003fd   Thumb Code     0  rtentry2.o(.ARM.Collect$$rtentry$$00000002)
    __rt_entry_sh                            0x000003fd   Thumb Code     0  rtentry4.o(.ARM.Collect$$rtentry$$00000004)
    __rt_entry_li                            0x00000403   Thumb Code     0  rtentry2.o(.ARM.Collect$$rtentry$$0000000A)
    __rt_entry_postsh_1                      0x00000403   Thumb Code     0  rtentry2.o(.ARM.Collect$$rtentry$$00000009)
    __rt_entry_main                          0x00000407   Thumb Code     0  rtentry2.o(.ARM.Collect$$rtentry$$0000000D)
    __rt_entry_postli_1                      0x00000407   Thumb Code     0  rtentry2.o(.ARM.Collect$$rtentry$$0000000C)
    __rt_exit                                0x0000040f   Thumb Code     0  rtexit.o(.ARM.Collect$$rtexit$$00000000)
    __rt_exit_ls                             0x00000411   Thumb Code     0  rtexit2.o(.ARM.Collect$$rtexit$$00000003)
    __rt_exit_prels_1                        0x00000411   Thumb Code     0  rtexit2.o(.ARM.Collect$$rtexit$$00000002)
    __rt_exit_exit                           0x00000415   Thumb Code     0  rtexit2.o(.ARM.Collect$$rtexit$$00000004)
    DisableInterrupts                        0x0000041d   Thumb Code     0  startup.o(.text)
    _maybe_terminate_alloc                   0x0000041d   Thumb Code     0  maybetermalloc1.o(.emb_text)
    EnableInterrupts                         0x00000421   Thumb Code     0  startup.o(.text)
    StartCritical                            0x00000425   Thumb Code     0  startup.o(.text)
    EndCritical                              0x0000042d   Thumb Code     0  startup.o(.text)
    WaitForInterrupt                         0x00000433   Thumb Code     0  startup.o(.text)
    __user_initial_stackheap                 0x00000437   Thumb Code     0  startup.o(.text)
    OS_StartCritical                         0x0000044d   Thumb Code     0  osasm.o(.text)
    OS_EndCritical                           0x00000463   Thumb Code     0  osasm.o(.text)
    OS_DisableInterrupts                     0x0000047b   Thumb Code     0  osasm.o(.text)
    OS_EnableInterrupts                      0x00000489   Thumb Code     0  osasm.o(.text)
    PendSV_Handler                           0x00000497   Thumb Code     0  osasm.o(.text)
    SysTick_Handler                          0x000004b7   Thumb Code     0  osasm.o(.text)
    StartOS                                  0x000004dd   Thumb Code     0  osasm.o(.text)
    vsnprintf                                0x00000505   Thumb Code    48  vsnprintf.o(.text)
    __2printf                                0x00000539   Thumb Code    20  __2printf.o(.text)
    __2sprintf                               0x00000551   Thumb Code    38  __2sprintf.o(.text)
    _printf_str                              0x0000057d   Thumb Code    82  _printf_str.o(.text)
    _printf_int_dec                          0x000005d1   Thumb Code   102  _printf_dec.o(.text)
    __printf                                 0x00000649   Thumb Code   390  __printf_flags_ss_wp.o(.text)
    strcpy                                   0x000007d5   Thumb Code    72  strcpy.o(.text)
    strlen                                   0x0000081d   Thumb Code    62  strlen.o(.text)
    __aeabi_memclr4                          0x0000085b   Thumb Code     0  rt_memclr_w.o(.text)
    __aeabi_memclr8                          0x0000085b   Thumb Code     0  rt_memclr_w.o(.text)
    __rt_memclr_w                            0x0000085b   Thumb Code    78  rt_memclr_w.o(.text)
    _memset_w                                0x0000085f   Thumb Code     0  rt_memclr_w.o(.text)
    strcmp                                   0x000008a9   Thumb Code   128  strcmpv7m.o(.text)
    __use_two_region_memory                  0x00000929   Thumb Code     2  heapauxi.o(.text)
    __rt_heap_escrow                         0x0000092b   Thumb Code     2  heapauxi.o(.text)
    __rt_heap_expand                         0x0000092d   Thumb Code     2  heapauxi.o(.text)
    _printf_pre_padding                      0x0000092f   Thumb Code    46  _printf_pad.o(.text)
    _printf_post_padding                     0x0000095d   Thumb Code    36  _printf_pad.o(.text)
    _printf_truncate_signed                  0x00000981   Thumb Code    18  _printf_truncate.o(.text)
    _printf_truncate_unsigned                0x00000993   Thumb Code    18  _printf_truncate.o(.text)
    _printf_int_common                       0x000009a5   Thumb Code   184  _printf_intcommon.o(.text)
    _printf_charcount                        0x00000a5d   Thumb Code    42  _printf_charcount.o(.text)
    _printf_char_common                      0x00000a93   Thumb Code    32  _printf_char_common.o(.text)
    _sputc                                   0x00000ab9   Thumb Code    10  _sputc.o(.text)
    _snputc                                  0x00000ac3   Thumb Code    16  _snputc.o(.text)
    _printf_cs_common                        0x00000ad3   Thumb Code    20  _printf_char.o(.text)
    _printf_char                             0x00000ae7   Thumb Code    16  _printf_char.o(.text)
    _printf_string                           0x00000af7   Thumb Code     8  _printf_char.o(.text)
    _printf_char_file                        0x00000b01   Thumb Code    32  _printf_char_file.o(.text)
    _printf_wctomb                           0x00000b25   Thumb Code   182  _printf_wctomb.o(.text)
    _printf_longlong_dec                     0x00000be1   Thumb Code   104  _printf_longlong_dec.o(.text)
    _printf_longlong_oct                     0x00000c59   Thumb Code    76  _printf_oct_int_ll.o(.text)
    _printf_int_oct                          0x00000ca5   Thumb Code    24  _printf_oct_int_ll.o(.text)
    _printf_ll_oct                           0x00000cbd   Thumb Code    12  _printf_oct_int_ll.o(.text)
    _printf_longlong_hex                     0x00000cd1   Thumb Code    92  _printf_hex_int_ll_ptr.o(.text)
    _printf_int_hex                          0x00000d2d   Thumb Code    28  _printf_hex_int_ll_ptr.o(.text)
    _printf_ll_hex                           0x00000d49   Thumb Code    12  _printf_hex_int_ll_ptr.o(.text)
    _printf_hex_ptr                          0x00000d55   Thumb Code    18  _printf_hex_int_ll_ptr.o(.text)
    _ll_udiv10                               0x00000d6d   Thumb Code   138  lludiv10.o(.text)
    __lib_sel_fp_printf                      0x00000df7   Thumb Code     2  _printf_fp_dec.o(.text)
    _printf_fp_dec_real                      0x00000fa3   Thumb Code   628  _printf_fp_dec.o(.text)
    _printf_fp_hex_real                      0x00001219   Thumb Code   760  _printf_fp_hex.o(.text)
    _printf_lcs_common                       0x00001519   Thumb Code    20  _printf_wchar.o(.text)
    _printf_wchar                            0x0000152d   Thumb Code    16  _printf_wchar.o(.text)
    _printf_wstring                          0x0000153d   Thumb Code     8  _printf_wchar.o(.text)
    _initio                                  0x00001545   Thumb Code   210  initio.o(.text)
    _terminateio                             0x00001617   Thumb Code    56  initio.o(.text)
    _wcrtomb                                 0x0000167d   Thumb Code    64  _wcrtomb.o(.text)
    _sys_open                                0x000016bd   Thumb Code    20  sys_io.o(.text)
    _sys_close                               0x000016d1   Thumb Code    12  sys_io.o(.text)
    _sys_write                               0x000016dd   Thumb Code    16  sys_io.o(.text)
    _sys_read                                0x000016ed   Thumb Code    14  sys_io.o(.text)
    _sys_istty                               0x000016fb   Thumb Code    12  sys_io.o(.text)
    _sys_seek                                0x00001707   Thumb Code    14  sys_io.o(.text)
    _sys_ensure                              0x00001715   Thumb Code     2  sys_io.o(.text)
    _sys_flen                                0x00001717   Thumb Code    12  sys_io.o(.text)
    __user_setup_stackheap                   0x00001723   Thumb Code    74  sys_stackheap_outer.o(.text)
    __rt_ctype_table                         0x0000176d   Thumb Code    16  rt_ctype_table.o(.text)
    __rt_locale                              0x0000177d   Thumb Code     8  rt_locale_intlibspace.o(.text)
    free                                     0x00001785   Thumb Code    78  h1_free.o(.text)
    _printf_fp_infnan                        0x000017d5   Thumb Code   112  _printf_fp_infnan.o(.text)
    _btod_etento                             0x00001855   Thumb Code   222  bigflt0.o(.text)
    setvbuf                                  0x00001939   Thumb Code    70  setvbuf.o(.text)
    freopen                                  0x00001981   Thumb Code   158  fopen.o(.text)
    fopen                                    0x00001a1f   Thumb Code    74  fopen.o(.text)
    _fclose_internal                         0x00001a6d   Thumb Code    76  fclose.o(.text)
    fclose                                   0x00001a6d   Thumb Code     0  fclose.o(.text)
    exit                                     0x00001ab9   Thumb Code    12  exit.o(.text)
    __rt_SIGRTRED                            0x00001ac5   Thumb Code    14  defsig_rtred_outer.o(.text)
    __user_libspace                          0x00001ad5   Thumb Code     8  libspace.o(.text)
    __user_perproc_libspace                  0x00001ad5   Thumb Code     0  libspace.o(.text)
    __user_perthread_libspace                0x00001ad5   Thumb Code     0  libspace.o(.text)
    __I$use$semihosting                      0x00001add   Thumb Code     0  use_no_semi.o(.text)
    __use_no_semihosting_swi                 0x00001add   Thumb Code     2  use_no_semi.o(.text)
    __semihosting_library_function           0x00001adf   Thumb Code     0  indicate_semi.o(.text)
    __rt_heap_descriptor                     0x00001ae1   Thumb Code     8  rt_heap_descriptor_intlibspace.o(.text)
    __use_no_heap                            0x00001ae9   Thumb Code     2  hguard.o(.text)
    __heap$guard                             0x00001aeb   Thumb Code     2  hguard.o(.text)
    _terminate_user_alloc                    0x00001aed   Thumb Code     2  init_alloc.o(.text)
    _init_user_alloc                         0x00001aef   Thumb Code     2  init_alloc.o(.text)
    __Heap_Full                              0x00001af1   Thumb Code    34  init_alloc.o(.text)
    __Heap_Broken                            0x00001b13   Thumb Code     6  init_alloc.o(.text)
    _init_alloc                              0x00001b19   Thumb Code    94  init_alloc.o(.text)
    malloc                                   0x00001b77   Thumb Code    94  h1_alloc.o(.text)
    _fseek                                   0x00001bd5   Thumb Code   242  fseek.o(.text)
    fseek                                    0x00001bd5   Thumb Code     0  fseek.o(.text)
    _seterr                                  0x00001ccd   Thumb Code    20  stdio.o(.text)
    _writebuf                                0x00001ce1   Thumb Code    84  stdio.o(.text)
    _fflush                                  0x00001d35   Thumb Code    70  stdio.o(.text)
    _deferredlazyseek                        0x00001d7b   Thumb Code    60  stdio.o(.text)
    __sig_exit                               0x00001dbd   Thumb Code    10  defsig_exit.o(.text)
    __rt_SIGRTRED_inner                      0x00001dc9   Thumb Code    14  defsig_rtred_inner.o(.text)
    _sys_exit                                0x00001dfd   Thumb Code     8  sys_exit.o(.text)
    __Heap_Initialize                        0x00001e09   Thumb Code    10  h1_init.o(.text)
    __Heap_DescSize                          0x00001e13   Thumb Code     4  h1_init.o(.text)
    __Heap_ProvideMemory                     0x00001e17   Thumb Code    52  h1_extend.o(.text)
    _ftell_internal                          0x00001e4b   Thumb Code    70  ftell.o(.text)
    ftell                                    0x00001e4b   Thumb Code     0  ftell.o(.text)
    __default_signal_display                 0x00001e91   Thumb Code    50  defsig_general.o(.text)
    __rt_SIGRTMEM                            0x00001ec3   Thumb Code    14  defsig_rtmem_outer.o(.text)
    _ttywrch                                 0x00001ed1   Thumb Code    14  sys_wrch.o(.text)
    __aeabi_errno_addr                       0x00001ee1   Thumb Code     8  rt_errno_addr_intlibspace.o(.text)
    __errno$intlibspace                      0x00001ee1   Thumb Code     0  rt_errno_addr_intlibspace.o(.text)
    __rt_errno_addr$intlibspace              0x00001ee1   Thumb Code     0  rt_errno_addr_intlibspace.o(.text)
    __rt_SIGRTMEM_inner                      0x00001ee9   Thumb Code    22  defsig_rtmem_inner.o(.text)
    _btod_d2e                                0x00001f39   Thumb Code    62  btod.o(CL$$btod_d2e)
    _d2e_denorm_low                          0x00001f77   Thumb Code    70  btod.o(CL$$btod_d2e_denorm_low)
    _d2e_norm_op1                            0x00001fbd   Thumb Code    96  btod.o(CL$$btod_d2e_norm_op1)
    __btod_div_common                        0x0000201d   Thumb Code   696  btod.o(CL$$btod_div_common)
    _e2e                                     0x00002355   Thumb Code   198  btod.o(CL$$btod_e2e)
    _btod_ediv                               0x0000241b   Thumb Code    40  btod.o(CL$$btod_ediv)
    _btod_emul                               0x00002443   Thumb Code    40  btod.o(CL$$btod_emul)
    __btod_mult_common                       0x0000246b   Thumb Code   580  btod.o(CL$$btod_mult_common)
    ADC0Seq3_Handler                         0x000026b1   Thumb Code    20  adc.o(i.ADC0Seq3_Handler)
    Board_Input                              0x0000277d   Thumb Code    18  led.o(i.Board_Input)
    CAN0_Handler                             0x00002795   Thumb Code   114  can0.o(i.CAN0_Handler)
    CANIntClear                              0x0000284b   Thumb Code    76  can.o(i.CANIntClear)
    CANIntStatus                             0x000028c9   Thumb Code    60  can.o(i.CANIntStatus)
    CANMessageGet                            0x00002905   Thumb Code   434  can.o(i.CANMessageGet)
    CANStatusGet                             0x00002b21   Thumb Code   124  can.o(i.CANStatusGet)
    DelayMs                                  0x00002bdd   Thumb Code    32  esp8266.o(i.DelayMs)
    DelayMsSearching                         0x00002bfd   Thumb Code    42  esp8266.o(i.DelayMsSearching)
    ESP8266FIFOtoBuffer                      0x00002c2d   Thumb Code   100  esp8266.o(i.ESP8266FIFOtoBuffer)
    ESP8266SendCommand                       0x00002ca9   Thumb Code    26  esp8266.o(i.ESP8266SendCommand)
    ESP8266_EnableRXInterrupt                0x00002cc5   Thumb Code     8  esp8266.o(i.ESP8266_EnableRXInterrupt)
    ESP8266_GetIPAddress                     0x00002cd1   Thumb Code    46  esp8266.o(i.ESP8266_GetIPAddress)
    ESP8266_GetVersionNumber                 0x00002d15   Thumb Code    46  esp8266.o(i.ESP8266_GetVersionNumber)
    ESP8266_Init                             0x00002d59   Thumb Code   144  esp8266.o(i.ESP8266_Init)
    ESP8266_InitUART                         0x00002f29   Thumb Code   254  esp8266.o(i.ESP8266_InitUART)
    ESP8266_JoinAccessPoint                  0x00003055   Thumb Code    62  esp8266.o(i.ESP8266_JoinAccessPoint)
    ESP8266_ListAccessPoints                 0x000030b9   Thumb Code    46  esp8266.o(i.ESP8266_ListAccessPoints)
    ESP8266_MakeTCPConnection                0x000030fd   Thumb Code    58  esp8266.o(i.ESP8266_MakeTCPConnection)
    ESP8266_PrintChar                        0x00003161   Thumb Code    18  esp8266.o(i.ESP8266_PrintChar)
    ESP8266_Reset                            0x00003179   Thumb Code    84  esp8266.o(i.ESP8266_Reset)
    ESP8266_SendClientResponse               0x000031ed   Thumb Code    80  esp8266.o(i.ESP8266_SendClientResponse)
    ESP8266_SetDataTransmissionMode          0x00003289   Thumb Code    58  esp8266.o(i.ESP8266_SetDataTransmissionMode)
    GPIOPortB_Handler                        0x000032e1   Thumb Code   178  ping.o(i.GPIOPortB_Handler)
    GPIOPortF_Handler                        0x0000339d   Thumb Code   136  os_switch.o(i.GPIOPortF_Handler)
    HardBeat_Init                            0x00003439   Thumb Code    86  heartbeat.o(i.HardBeat_Init)
    HardBeat_Toggle                          0x0000349d   Thumb Code    14  heartbeat.o(i.HardBeat_Toggle)
    HardFault_Handler                        0x000034b1   Thumb Code    20  os.o(i.HardFault_Handler)
    HeartBeat_Init                           0x000034c9   Thumb Code    86  heartbeat.o(i.HeartBeat_Init)
    HeartBeat_Toggle                         0x00003531   Thumb Code    24  heartbeat.o(i.HeartBeat_Toggle)
    IntDisable                               0x0000354d   Thumb Code   116  interrupt.o(i.IntDisable)
    IntEnable                                0x000035cd   Thumb Code   116  interrupt.o(i.IntEnable)
    LED_GreenOff                             0x0000364d   Thumb Code     8  led.o(i.LED_GreenOff)
    LED_GreenOn                              0x00003659   Thumb Code     8  led.o(i.LED_GreenOn)
    LED_Init                                 0x00003665   Thumb Code    88  led.o(i.LED_Init)
    LED_RedOff                               0x000036d1   Thumb Code     8  led.o(i.LED_RedOff)
    LED_RedOn                                0x000036dd   Thumb Code     8  led.o(i.LED_RedOn)
    OS_AddThread                             0x000036e9   Thumb Code   162  os.o(i.OS_AddThread)
    OS_DisableSWTasks                        0x000037b1   Thumb Code    14  os_switch.o(i.OS_DisableSWTasks)
    OS_GetNextThread                         0x000037e9   Thumb Code    34  os.o(i.OS_GetNextThread)
    OS_Init                                  0x00003815   Thumb Code   170  os.o(i.OS_Init)
    OS_InitSemaphore                         0x000038fd   Thumb Code    22  os.o(i.OS_InitSemaphore)
    OS_Kill                                  0x00003915   Thumb Code    78  os.o(i.OS_Kill)
    OS_Launch                                0x00003979   Thumb Code    48  os.o(i.OS_Launch)
    OS_MSTimerInit                           0x000039b5   Thumb Code    84  os.o(i.OS_MSTimerInit)
    OS_Signal                                0x00003a19   Thumb Code    70  os.o(i.OS_Signal)
    OS_Sleep                                 0x00003a69   Thumb Code    88  os.o(i.OS_Sleep)
    OS_SwitchInit                            0x00003ad5   Thumb Code   236  os_switch.o(i.OS_SwitchInit)
    OS_Time                                  0x00003c0d   Thumb Code    24  os_time.o(i.OS_Time)
    OS_TimeDifference                        0x00003c31   Thumb Code     6  os_time.o(i.OS_TimeDifference)
    OS_UpdateTimeInfoOnDisable               0x00003c39   Thumb Code   110  os_time.o(i.OS_UpdateTimeInfoOnDisable)
    OS_UpdateTimeInfoOnEnable                0x00003cc5   Thumb Code   124  os_time.o(i.OS_UpdateTimeInfoOnEnable)
    OS_Wait                                  0x00003d61   Thumb Code   106  os.o(i.OS_Wait)
    PLL_Init                                 0x00003e31   Thumb Code   118  pll.o(i.PLL_Init)
    Ping1Fifo_Put                            0x00003ead   Thumb Code    50  ping.o(i.Ping1Fifo_Put)
    Ping2Fifo_Put                            0x00003eed   Thumb Code    50  ping.o(i.Ping2Fifo_Put)
    Ping3Fifo_Put                            0x00003f2d   Thumb Code    50  ping.o(i.Ping3Fifo_Put)
    Ping4Fifo_Put                            0x00003f6d   Thumb Code    50  ping.o(i.Ping4Fifo_Put)
    Ping_Fifo1_Put                           0x00003fad   Thumb Code    24  ping.o(i.Ping_Fifo1_Put)
    Ping_Fifo2_Put                           0x00003fc9   Thumb Code    24  ping.o(i.Ping_Fifo2_Put)
    Ping_Fifo3_Put                           0x00003fe5   Thumb Code    24  ping.o(i.Ping_Fifo3_Put)
    Ping_Fifo4_Put                           0x00004001   Thumb Code    24  ping.o(i.Ping_Fifo4_Put)
    ST7735_DrawCharS                         0x00004069   Thumb Code   232  st7735.o(i.ST7735_DrawCharS)
    ST7735_DrawPixel                         0x0000415d   Thumb Code    64  st7735.o(i.ST7735_DrawPixel)
    ST7735_DrawString                        0x000041a5   Thumb Code    86  st7735.o(i.ST7735_DrawString)
    ST7735_FillRect                          0x000041fd   Thumb Code   164  st7735.o(i.ST7735_FillRect)
    ST7735_OutChar                           0x000042a9   Thumb Code   176  st7735.o(i.ST7735_OutChar)
    SearchCheck                              0x0000437d   Thumb Code    68  esp8266.o(i.SearchCheck)
    SearchStart                              0x000043d1   Thumb Code    30  esp8266.o(i.SearchStart)
    ServerResponseSearchCheck                0x00004401   Thumb Code   180  esp8266.o(i.ServerResponseSearchCheck)
    Timer1A_Handler                          0x000045c1   Thumb Code    22  os_periodictasks.o(i.Timer1A_Handler)
    Timer2A_Handler                          0x000045e1   Thumb Code    84  os.o(i.Timer2A_Handler)
    Timer3A_Handler                          0x00004641   Thumb Code    16  timer3.o(i.Timer3A_Handler)
    Timer3B_Handler                          0x00004659   Thumb Code    22  os_periodictasks.o(i.Timer3B_Handler)
    Timer5A_Handler                          0x00004679   Thumb Code    14  diskio.o(i.Timer5A_Handler)
    UART0_Handler                            0x0000468d   Thumb Code    82  uart.o(i.UART0_Handler)
    UART2_Handler                            0x000046e5   Thumb Code    44  esp8266.o(i.UART2_Handler)
    UART_Init                                0x00004715   Thumb Code   220  uart.o(i.UART_Init)
    UART_OutChar                             0x00004819   Thumb Code    46  uart.o(i.UART_OutChar)
    UART_OutString                           0x00004851   Thumb Code    36  uart.o(i.UART_OutString)
    UART_printf                              0x00004879   Thumb Code    38  uart.o(i.UART_printf)
    URxFifo_Init                             0x000048a1   Thumb Code    26  uart.o(i.URxFifo_Init)
    URxFifo_Put                              0x000048c5   Thumb Code    48  uart.o(i.URxFifo_Put)
    URxFifo_Size                             0x00004901   Thumb Code    14  uart.o(i.URxFifo_Size)
    UTxFifo_Get                              0x00004919   Thumb Code    46  uart.o(i.UTxFifo_Get)
    UTxFifo_Init                             0x00004955   Thumb Code    26  uart.o(i.UTxFifo_Init)
    UTxFifo_Put                              0x00004979   Thumb Code    48  uart.o(i.UTxFifo_Put)
    UTxFifo_Size                             0x000049b5   Thumb Code    14  uart.o(i.UTxFifo_Size)
    __ARM_fpclassify                         0x000049cd   Thumb Code    40  fpclassify.o(i.__ARM_fpclassify)
    _is_digit                                0x000049f5   Thumb Code    14  __printf_wp.o(i._is_digit)
    disk_timerproc                           0x00004ae5   Thumb Code    52  diskio.o(i.disk_timerproc)
    doTCP                                    0x00004b25   Thumb Code    76  main.o(i.doTCP)
    ferror                                   0x00004bad   Thumb Code     8  st7735.o(i.ferror)
    fputc                                    0x00004bb5   Thumb Code    16  st7735.o(i.fputc)
    lc                                       0x00004bc5   Thumb Code    14  esp8266.o(i.lc)
    main                                     0x00004bd5   Thumb Code    30  main.o(i.main)
    processPingData                          0x00004bfd   Thumb Code    96  ping.o(i.processPingData)
    _get_lc_numeric                          0x00004d89   Thumb Code    44  lc_numeric_c.o(locale$$code)
    _get_lc_ctype                            0x00004db5   Thumb Code    44  lc_ctype_c.o(locale$$code)
    _printf_fp_dec                           0x00004de1   Thumb Code     4  printf1.o(x$fpl$printf1)
    _printf_fp_hex                           0x00004de5   Thumb Code     4  printf2.o(x$fpl$printf2)
    __I$use$fp                               0x00004de8   Number         0  usenofp.o(x$fpl$usenofp)
    dBfs                                     0x000053ca   Data         512  st7735.o(.constdata)
    __stdin_name                             0x00005632   Data           4  sys_io.o(.constdata)
    __stdout_name                            0x00005636   Data           4  sys_io.o(.constdata)
    __stderr_name                            0x0000563a   Data           4  sys_io.o(.constdata)
    Region$$Table$$Base                      0x000056d4   Number         0  anon$$obj.o(Region$$Table)
    Region$$Table$$Limit                     0x000056f4   Number         0  anon$$obj.o(Region$$Table)
    __ctype                                  0x0000571d   Data           0  lc_ctype_c.o(locale$$data)
    Fetch                                    0x20000000   Data         120  main.o(.data)
    sendPacketCount                          0x20000078   Data           4  main.o(.data)
    NumCreated                               0x2000007c   Data           4  main.o(.data)
    Coeff                                    0x20000084   Data           6  main.o(.data)
    Actuator                                 0x2000008a   Data           2  main.o(.data)
    PeriodicTask                             0x2000008c   Data           4  timer3.o(.data)
    ADCTask                                  0x200000a4   Data           4  adc.o(.data)
    SystemTimeMS                             0x200000b8   Data           4  os.o(.data)
    SleepingThreads                          0x200000c0   Data           4  os.o(.data)
    DeadThreads                              0x200000c4   Data           4  os.o(.data)
    RunPt                                    0x200000c8   Data           4  os.o(.data)
    NumThreads                               0x200000cc   Data           4  os.o(.data)
    NumActiveThreads                         0x200000d0   Data           4  os.o(.data)
    NumSleepingThreads                       0x200000d4   Data           4  os.o(.data)
    NumDeadThreads                           0x200000d8   Data           4  os.o(.data)
    NextThread                               0x200000dc   Data           4  os.o(.data)
    disableTime                              0x200000e0   Data           8  os.o(.data)
    enableTime                               0x200000e8   Data           8  os.o(.data)
    maxDisableTime                           0x200000f0   Data           4  os.o(.data)
    lastDisableTime                          0x200000f4   Data           4  os.o(.data)
    lastEnableTime                           0x200000f8   Data           4  os.o(.data)
    interruptsEnabled                        0x200000fc   Data           4  os.o(.data)
    continueMeasuring                        0x20000100   Data           4  os.o(.data)
    OS_IsRunning                             0x20000104   Data           4  os.o(.data)
    OSPutI                                   0x20000118   Data           4  os.o(.data)
    OSGetI                                   0x2000011c   Data           4  os.o(.data)
    Mailbox_Mail                             0x20000130   Data           3  os.o(.data)
    MaxJitter                                0x20000134   Data           4  os_periodictasks.o(.data)
    numPeriodicTasks                         0x20000138   Data           1  os_periodictasks.o(.data)
    SW1Task                                  0x2000013c   Data           4  os_switch.o(.data)
    SW2Task                                  0x20000140   Data           4  os_switch.o(.data)
    LastSW1                                  0x20000144   Data           4  os_switch.o(.data)
    LastSW2                                  0x20000148   Data           4  os_switch.o(.data)
    SW1Priority                              0x2000014c   Data           4  os_switch.o(.data)
    SW2Priority                              0x20000150   Data           4  os_switch.o(.data)
    StX                                      0x20000154   Data           4  st7735.o(.data)
    StY                                      0x20000158   Data           4  st7735.o(.data)
    StTextColor                              0x2000015c   Data           2  st7735.o(.data)
    lastj                                    0x20000164   Data           4  st7735.o(.data)
    Messageindex                             0x2000016c   Data           4  st7735.o(.data)
    Ymax                                     0x20000170   Data           4  st7735.o(.data)
    Ymin                                     0x20000174   Data           4  st7735.o(.data)
    X                                        0x20000178   Data           4  st7735.o(.data)
    Yrange                                   0x2000017c   Data           4  st7735.o(.data)
    ST7735Mutex                              0x20000180   Data           8  st7735.o(.data)
    URxPutI                                  0x20000188   Data           4  uart.o(.data)
    URxGetI                                  0x2000018c   Data           4  uart.o(.data)
    UTxPutI                                  0x20000190   Data           4  uart.o(.data)
    UTxGetI                                  0x20000194   Data           4  uart.o(.data)
    RxDataAvailable                          0x20000198   Data           8  uart.o(.data)
    TxRoomLeft                               0x200001a0   Data           8  uart.o(.data)
    RxMutex                                  0x200001a8   Data           8  uart.o(.data)
    TxMutex                                  0x200001b0   Data           8  uart.o(.data)
    Ping1PutI                                0x200001f8   Data           4  ping.o(.data)
    Ping1GetI                                0x200001fc   Data           4  ping.o(.data)
    Ping2PutI                                0x20000200   Data           4  ping.o(.data)
    Ping2GetI                                0x20000204   Data           4  ping.o(.data)
    Ping3PutI                                0x20000208   Data           4  ping.o(.data)
    Ping3GetI                                0x2000020c   Data           4  ping.o(.data)
    Ping4PutI                                0x20000210   Data           4  ping.o(.data)
    Ping4GetI                                0x20000214   Data           4  ping.o(.data)
    RXBufferIndex                            0x20000218   Data           4  esp8266.o(.data)
    LastReturnIndex                          0x2000021c   Data           4  esp8266.o(.data)
    CurrentReturnIndex                       0x20000220   Data           4  esp8266.o(.data)
    ServerResponseIndex                      0x20000224   Data           4  esp8266.o(.data)
    ESP8266_ProcessBuffer                    0x20000228   Data           1  esp8266.o(.data)
    ESP8266_EchoResponse                     0x20000229   Data           1  esp8266.o(.data)
    ESP8266_ResponseComplete                 0x2000022a   Data           1  esp8266.o(.data)
    ESP8266_APEnabled                        0x2000022b   Data           1  esp8266.o(.data)
    ESP8266_ClientEnabled                    0x2000022c   Data           1  esp8266.o(.data)
    ESP8266_ServerEnabled                    0x2000022d   Data           1  esp8266.o(.data)
    ESP8266_InputProcessingEnabled           0x2000022e   Data           1  esp8266.o(.data)
    ESP8266_PageRequested                    0x2000022f   Data           1  esp8266.o(.data)
    SearchLooking                            0x20000230   Data           1  esp8266.o(.data)
    SearchFound                              0x20000231   Data           1  esp8266.o(.data)
    SearchIndex                              0x20000234   Data           4  esp8266.o(.data)
    ServerResponseSearchString               0x20000238   Data          16  esp8266.o(.data)
    ServerResponseSearchFinished             0x20000248   Data           4  esp8266.o(.data)
    ServerResponseSearchIndex                0x2000024c   Data           4  esp8266.o(.data)
    ServerResponseSearchLooking              0x20000250   Data           4  esp8266.o(.data)
    ESP8266_ServerPort                       0x20000254   Data           2  esp8266.o(.data)
    ESP8266_ServerTimeout                    0x20000256   Data           2  esp8266.o(.data)
    __aeabi_stdin                            0x20000258   Data           4  stdio_streams.o(.data)
    __aeabi_stdout                           0x2000025c   Data           4  stdio_streams.o(.data)
    __aeabi_stderr                           0x20000260   Data           4  stdio_streams.o(.data)
    buffer                                   0x20000264   Data        1024  main.o(.bss)
    tcbs                                     0x20000664   Data         336  os.o(.bss)
    ActiveThreads                            0x200007b4   Data          32  os.o(.bss)
    Stacks                                   0x200007d4   Data       24576  os.o(.bss)
    OS_JitterHistogram                       0x200067f4   Data         256  os_periodictasks.o(.bss)
    periodicTasks                            0x200068f4   Data          40  os_periodictasks.o(.bss)
    lastFlag                                 0x2000693c   Data          16  ping.o(.bss)
    lastTime                                 0x2000694c   Data          16  ping.o(.bss)
    RXBuffer                                 0x200069dc   Data        1024  esp8266.o(.bss)
    TXBuffer                                 0x20006ddc   Data        1024  esp8266.o(.bss)
    ServerResponseBuffer                     0x200071dc   Data        1024  esp8266.o(.bss)
    SearchString                             0x200075dc   Data          32  esp8266.o(.bss)
    __stdin                                  0x200075fc   Data          84  stdio_streams.o(.bss)
    __stdout                                 0x20007650   Data          84  stdio_streams.o(.bss)
    __stderr                                 0x200076a4   Data          84  stdio_streams.o(.bss)
    __libspace_start                         0x200076f8   Data          96  libspace.o(.bss)
    __temporary_stack_top$libspace           0x20007758   Data           0  libspace.o(.bss)



==============================================================================

Memory Map of the image

  Image Entry point : 0x0000026d

  Load Region LR_1 (Base: 0x00000000, Size: 0x00005a84, Max: 0xffffffff, ABSOLUTE, COMPRESSED[0x000058ac])

    Execution Region ER_RO (Base: 0x00000000, Size: 0x00005820, Max: 0xffffffff, ABSOLUTE)

    Base Addr    Size         Type   Attr      Idx    E Section Name        Object

    0x00000000   0x00000284   Code   RO            3  * RESET               startup.o
    0x00000284   0x00000008   Code   RO         3118  * !!!main             c_w.l(__main.o)
    0x0000028c   0x00000034   Code   RO         3558    !!!scatter          c_w.l(__scatter.o)
    0x000002c0   0x0000005a   Code   RO         3556    !!dczerorl2         c_w.l(__dczerorl2.o)
    0x0000031a   0x00000002   PAD
    0x0000031c   0x0000001c   Code   RO         3560    !!handler_zi        c_w.l(__scatter_zi.o)
    0x00000338   0x00000000   Code   RO         3103    .ARM.Collect$$_printf_percent$$00000000  c_w.l(_printf_percent.o)
    0x00000338   0x00000006   Code   RO         3172    .ARM.Collect$$_printf_percent$$00000001  c_w.l(_printf_n.o)
    0x0000033e   0x00000006   Code   RO         3174    .ARM.Collect$$_printf_percent$$00000002  c_w.l(_printf_p.o)
    0x00000344   0x00000006   Code   RO         3178    .ARM.Collect$$_printf_percent$$00000003  c_w.l(_printf_f.o)
    0x0000034a   0x00000006   Code   RO         3179    .ARM.Collect$$_printf_percent$$00000004  c_w.l(_printf_e.o)
    0x00000350   0x00000006   Code   RO         3180    .ARM.Collect$$_printf_percent$$00000005  c_w.l(_printf_g.o)
    0x00000356   0x00000006   Code   RO         3181    .ARM.Collect$$_printf_percent$$00000006  c_w.l(_printf_a.o)
    0x0000035c   0x0000000a   Code   RO         3186    .ARM.Collect$$_printf_percent$$00000007  c_w.l(_printf_ll.o)
    0x00000366   0x00000006   Code   RO         3176    .ARM.Collect$$_printf_percent$$00000008  c_w.l(_printf_i.o)
    0x0000036c   0x00000006   Code   RO         3102    .ARM.Collect$$_printf_percent$$00000009  c_w.l(_printf_d.o)
    0x00000372   0x00000006   Code   RO         3177    .ARM.Collect$$_printf_percent$$0000000A  c_w.l(_printf_u.o)
    0x00000378   0x00000006   Code   RO         3175    .ARM.Collect$$_printf_percent$$0000000B  c_w.l(_printf_o.o)
    0x0000037e   0x00000006   Code   RO         3173    .ARM.Collect$$_printf_percent$$0000000C  c_w.l(_printf_x.o)
    0x00000384   0x00000006   Code   RO         3183    .ARM.Collect$$_printf_percent$$0000000D  c_w.l(_printf_lli.o)
    0x0000038a   0x00000006   Code   RO         3184    .ARM.Collect$$_printf_percent$$0000000E  c_w.l(_printf_lld.o)
    0x00000390   0x00000006   Code   RO         3185    .ARM.Collect$$_printf_percent$$0000000F  c_w.l(_printf_llu.o)
    0x00000396   0x00000006   Code   RO         3190    .ARM.Collect$$_printf_percent$$00000010  c_w.l(_printf_llo.o)
    0x0000039c   0x00000006   Code   RO         3191    .ARM.Collect$$_printf_percent$$00000011  c_w.l(_printf_llx.o)
    0x000003a2   0x0000000a   Code   RO         3187    .ARM.Collect$$_printf_percent$$00000012  c_w.l(_printf_l.o)
    0x000003ac   0x00000006   Code   RO         3171    .ARM.Collect$$_printf_percent$$00000013  c_w.l(_printf_c.o)
    0x000003b2   0x00000006   Code   RO         3101    .ARM.Collect$$_printf_percent$$00000014  c_w.l(_printf_s.o)
    0x000003b8   0x00000006   Code   RO         3188    .ARM.Collect$$_printf_percent$$00000015  c_w.l(_printf_lc.o)
    0x000003be   0x00000006   Code   RO         3189    .ARM.Collect$$_printf_percent$$00000016  c_w.l(_printf_ls.o)
    0x000003c4   0x00000004   Code   RO         3182    .ARM.Collect$$_printf_percent$$00000017  c_w.l(_printf_percent_end.o)
    0x000003c8   0x00000002   Code   RO         3362    .ARM.Collect$$libinit$$00000000  c_w.l(libinit.o)
    0x000003ca   0x00000000   Code   RO         3364    .ARM.Collect$$libinit$$00000002  c_w.l(libinit2.o)
    0x000003ca   0x00000008   Code   RO         3365    .ARM.Collect$$libinit$$00000003  c_w.l(libinit2.o)
    0x000003d2   0x00000000   Code   RO         3367    .ARM.Collect$$libinit$$00000008  c_w.l(libinit2.o)
    0x000003d2   0x00000000   Code   RO         3369    .ARM.Collect$$libinit$$0000000A  c_w.l(libinit2.o)
    0x000003d2   0x00000000   Code   RO         3371    .ARM.Collect$$libinit$$0000000C  c_w.l(libinit2.o)
    0x000003d2   0x00000006   Code   RO         3372    .ARM.Collect$$libinit$$0000000D  c_w.l(libinit2.o)
    0x000003d8   0x00000000   Code   RO         3374    .ARM.Collect$$libinit$$0000000F  c_w.l(libinit2.o)
    0x000003d8   0x0000000c   Code   RO         3375    .ARM.Collect$$libinit$$00000010  c_w.l(libinit2.o)
    0x000003e4   0x00000000   Code   RO         3376    .ARM.Collect$$libinit$$00000011  c_w.l(libinit2.o)
    0x000003e4   0x00000000   Code   RO         3378    .ARM.Collect$$libinit$$00000013  c_w.l(libinit2.o)
    0x000003e4   0x0000000a   Code   RO         3379    .ARM.Collect$$libinit$$00000014  c_w.l(libinit2.o)
    0x000003ee   0x00000000   Code   RO         3380    .ARM.Collect$$libinit$$00000015  c_w.l(libinit2.o)
    0x000003ee   0x00000000   Code   RO         3382    .ARM.Collect$$libinit$$00000017  c_w.l(libinit2.o)
    0x000003ee   0x00000000   Code   RO         3384    .ARM.Collect$$libinit$$00000019  c_w.l(libinit2.o)
    0x000003ee   0x00000000   Code   RO         3386    .ARM.Collect$$libinit$$0000001B  c_w.l(libinit2.o)
    0x000003ee   0x00000000   Code   RO         3388    .ARM.Collect$$libinit$$0000001D  c_w.l(libinit2.o)
    0x000003ee   0x00000000   Code   RO         3390    .ARM.Collect$$libinit$$0000001F  c_w.l(libinit2.o)
    0x000003ee   0x00000000   Code   RO         3392    .ARM.Collect$$libinit$$00000021  c_w.l(libinit2.o)
    0x000003ee   0x00000004   Code   RO         3393    .ARM.Collect$$libinit$$00000022  c_w.l(libinit2.o)
    0x000003f2   0x00000000   Code   RO         3394    .ARM.Collect$$libinit$$00000023  c_w.l(libinit2.o)
    0x000003f2   0x00000000   Code   RO         3398    .ARM.Collect$$libinit$$0000002A  c_w.l(libinit2.o)
    0x000003f2   0x00000000   Code   RO         3400    .ARM.Collect$$libinit$$0000002C  c_w.l(libinit2.o)
    0x000003f2   0x00000000   Code   RO         3402    .ARM.Collect$$libinit$$0000002E  c_w.l(libinit2.o)
    0x000003f2   0x00000000   Code   RO         3404    .ARM.Collect$$libinit$$00000030  c_w.l(libinit2.o)
    0x000003f2   0x00000002   Code   RO         3405    .ARM.Collect$$libinit$$00000031  c_w.l(libinit2.o)
    0x000003f4   0x00000002   Code   RO         3535    .ARM.Collect$$libshutdown$$00000000  c_w.l(libshutdown.o)
    0x000003f6   0x00000004   Code   RO         3407    .ARM.Collect$$libshutdown$$00000002  c_w.l(libshutdown2.o)
    0x000003fa   0x00000000   Code   RO         3408    .ARM.Collect$$libshutdown$$00000003  c_w.l(libshutdown2.o)
    0x000003fa   0x00000000   Code   RO         3411    .ARM.Collect$$libshutdown$$00000006  c_w.l(libshutdown2.o)
    0x000003fa   0x00000000   Code   RO         3414    .ARM.Collect$$libshutdown$$00000009  c_w.l(libshutdown2.o)
    0x000003fa   0x00000000   Code   RO         3416    .ARM.Collect$$libshutdown$$0000000B  c_w.l(libshutdown2.o)
    0x000003fa   0x00000000   Code   RO         3419    .ARM.Collect$$libshutdown$$0000000E  c_w.l(libshutdown2.o)
    0x000003fa   0x00000002   Code   RO         3420    .ARM.Collect$$libshutdown$$0000000F  c_w.l(libshutdown2.o)
    0x000003fc   0x00000000   Code   RO         3120    .ARM.Collect$$rtentry$$00000000  c_w.l(rtentry.o)
    0x000003fc   0x00000000   Code   RO         3207    .ARM.Collect$$rtentry$$00000002  c_w.l(rtentry2.o)
    0x000003fc   0x00000006   Code   RO         3219    .ARM.Collect$$rtentry$$00000004  c_w.l(rtentry4.o)
    0x00000402   0x00000000   Code   RO         3209    .ARM.Collect$$rtentry$$00000009  c_w.l(rtentry2.o)
    0x00000402   0x00000004   Code   RO         3210    .ARM.Collect$$rtentry$$0000000A  c_w.l(rtentry2.o)
    0x00000406   0x00000000   Code   RO         3212    .ARM.Collect$$rtentry$$0000000C  c_w.l(rtentry2.o)
    0x00000406   0x00000008   Code   RO         3213    .ARM.Collect$$rtentry$$0000000D  c_w.l(rtentry2.o)
    0x0000040e   0x00000002   Code   RO         3432    .ARM.Collect$$rtexit$$00000000  c_w.l(rtexit.o)
    0x00000410   0x00000000   Code   RO         3481    .ARM.Collect$$rtexit$$00000002  c_w.l(rtexit2.o)
    0x00000410   0x00000004   Code   RO         3482    .ARM.Collect$$rtexit$$00000003  c_w.l(rtexit2.o)
    0x00000414   0x00000006   Code   RO         3483    .ARM.Collect$$rtexit$$00000004  c_w.l(rtexit2.o)
    0x0000041a   0x00000002   PAD
    0x0000041c   0x00000000   Code   RO         3487    .emb_text           c_w.l(maybetermalloc1.o)
    0x0000041c   0x00000030   Code   RO            4    .text               startup.o
    0x0000044c   0x000000b8   Code   RO         2390    .text               osasm.o
    0x00000504   0x00000034   Code   RO         3065    .text               c_w.l(vsnprintf.o)
    0x00000538   0x00000018   Code   RO         3067    .text               c_w.l(__2printf.o)
    0x00000550   0x0000002c   Code   RO         3069    .text               c_w.l(__2sprintf.o)
    0x0000057c   0x00000052   Code   RO         3077    .text               c_w.l(_printf_str.o)
    0x000005ce   0x00000002   PAD
    0x000005d0   0x00000078   Code   RO         3079    .text               c_w.l(_printf_dec.o)
    0x00000648   0x0000018c   Code   RO         3098    .text               c_w.l(__printf_flags_ss_wp.o)
    0x000007d4   0x00000048   Code   RO         3106    .text               c_w.l(strcpy.o)
    0x0000081c   0x0000003e   Code   RO         3108    .text               c_w.l(strlen.o)
    0x0000085a   0x0000004e   Code   RO         3112    .text               c_w.l(rt_memclr_w.o)
    0x000008a8   0x00000080   Code   RO         3114    .text               c_w.l(strcmpv7m.o)
    0x00000928   0x00000006   Code   RO         3116    .text               c_w.l(heapauxi.o)
    0x0000092e   0x00000052   Code   RO         3121    .text               c_w.l(_printf_pad.o)
    0x00000980   0x00000024   Code   RO         3123    .text               c_w.l(_printf_truncate.o)
    0x000009a4   0x000000b8   Code   RO         3125    .text               c_w.l(_printf_intcommon.o)
    0x00000a5c   0x0000002a   Code   RO         3127    .text               c_w.l(_printf_charcount.o)
    0x00000a86   0x00000002   PAD
    0x00000a88   0x00000030   Code   RO         3129    .text               c_w.l(_printf_char_common.o)
    0x00000ab8   0x0000000a   Code   RO         3131    .text               c_w.l(_sputc.o)
    0x00000ac2   0x00000010   Code   RO         3133    .text               c_w.l(_snputc.o)
    0x00000ad2   0x0000002c   Code   RO         3135    .text               c_w.l(_printf_char.o)
    0x00000afe   0x00000002   PAD
    0x00000b00   0x00000024   Code   RO         3137    .text               c_w.l(_printf_char_file.o)
    0x00000b24   0x000000bc   Code   RO         3139    .text               c_w.l(_printf_wctomb.o)
    0x00000be0   0x00000078   Code   RO         3142    .text               c_w.l(_printf_longlong_dec.o)
    0x00000c58   0x00000078   Code   RO         3148    .text               c_w.l(_printf_oct_int_ll.o)
    0x00000cd0   0x0000009c   Code   RO         3168    .text               c_w.l(_printf_hex_int_ll_ptr.o)
    0x00000d6c   0x0000008a   Code   RO         3221    .text               c_w.l(lludiv10.o)
    0x00000df6   0x00000420   Code   RO         3223    .text               c_w.l(_printf_fp_dec.o)
    0x00001216   0x00000002   PAD
    0x00001218   0x00000300   Code   RO         3225    .text               c_w.l(_printf_fp_hex.o)
    0x00001518   0x0000002c   Code   RO         3230    .text               c_w.l(_printf_wchar.o)
    0x00001544   0x00000138   Code   RO         3232    .text               c_w.l(initio.o)
    0x0000167c   0x00000040   Code   RO         3236    .text               c_w.l(_wcrtomb.o)
    0x000016bc   0x00000066   Code   RO         3238    .text               c_w.l(sys_io.o)
    0x00001722   0x0000004a   Code   RO         3245    .text               c_w.l(sys_stackheap_outer.o)
    0x0000176c   0x00000010   Code   RO         3247    .text               c_w.l(rt_ctype_table.o)
    0x0000177c   0x00000008   Code   RO         3252    .text               c_w.l(rt_locale_intlibspace.o)
    0x00001784   0x0000004e   Code   RO         3256    .text               c_w.l(h1_free.o)
    0x000017d2   0x00000002   PAD
    0x000017d4   0x00000080   Code   RO         3310    .text               c_w.l(_printf_fp_infnan.o)
    0x00001854   0x000000e4   Code   RO         3312    .text               c_w.l(bigflt0.o)
    0x00001938   0x00000046   Code   RO         3337    .text               c_w.l(setvbuf.o)
    0x0000197e   0x00000002   PAD
    0x00001980   0x000000ec   Code   RO         3340    .text               c_w.l(fopen.o)
    0x00001a6c   0x0000004c   Code   RO         3342    .text               c_w.l(fclose.o)
    0x00001ab8   0x0000000c   Code   RO         3351    .text               c_w.l(exit.o)
    0x00001ac4   0x0000000e   Code   RO         3353    .text               c_w.l(defsig_rtred_outer.o)
    0x00001ad2   0x00000002   PAD
    0x00001ad4   0x00000008   Code   RO         3426    .text               c_w.l(libspace.o)
    0x00001adc   0x00000002   Code   RO         3429    .text               c_w.l(use_no_semi.o)
    0x00001ade   0x00000000   Code   RO         3431    .text               c_w.l(indicate_semi.o)
    0x00001ade   0x00000002   PAD
    0x00001ae0   0x00000008   Code   RO         3439    .text               c_w.l(rt_heap_descriptor_intlibspace.o)
    0x00001ae8   0x00000004   Code   RO         3441    .text               c_w.l(hguard.o)
    0x00001aec   0x0000008a   Code   RO         3443    .text               c_w.l(init_alloc.o)
    0x00001b76   0x0000005e   Code   RO         3449    .text               c_w.l(h1_alloc.o)
    0x00001bd4   0x000000f8   Code   RO         3463    .text               c_w.l(fseek.o)
    0x00001ccc   0x000000f0   Code   RO         3465    .text               c_w.l(stdio.o)
    0x00001dbc   0x0000000a   Code   RO         3470    .text               c_w.l(defsig_exit.o)
    0x00001dc6   0x00000002   PAD
    0x00001dc8   0x00000034   Code   RO         3472    .text               c_w.l(defsig_rtred_inner.o)
    0x00001dfc   0x0000000c   Code   RO         3478    .text               c_w.l(sys_exit.o)
    0x00001e08   0x0000000e   Code   RO         3489    .text               c_w.l(h1_init.o)
    0x00001e16   0x00000034   Code   RO         3491    .text               c_w.l(h1_extend.o)
    0x00001e4a   0x00000046   Code   RO         3497    .text               c_w.l(ftell.o)
    0x00001e90   0x00000032   Code   RO         3501    .text               c_w.l(defsig_general.o)
    0x00001ec2   0x0000000e   Code   RO         3503    .text               c_w.l(defsig_rtmem_outer.o)
    0x00001ed0   0x0000000e   Code   RO         3516    .text               c_w.l(sys_wrch.o)
    0x00001ede   0x00000002   PAD
    0x00001ee0   0x00000008   Code   RO         3523    .text               c_w.l(rt_errno_addr_intlibspace.o)
    0x00001ee8   0x00000050   Code   RO         3529    .text               c_w.l(defsig_rtmem_inner.o)
    0x00001f38   0x0000003e   Code   RO         3315    CL$$btod_d2e        c_w.l(btod.o)
    0x00001f76   0x00000046   Code   RO         3317    CL$$btod_d2e_denorm_low  c_w.l(btod.o)
    0x00001fbc   0x00000060   Code   RO         3316    CL$$btod_d2e_norm_op1  c_w.l(btod.o)
    0x0000201c   0x00000338   Code   RO         3325    CL$$btod_div_common  c_w.l(btod.o)
    0x00002354   0x000000c6   Code   RO         3322    CL$$btod_e2e        c_w.l(btod.o)
    0x0000241a   0x00000028   Code   RO         3319    CL$$btod_ediv       c_w.l(btod.o)
    0x00002442   0x00000028   Code   RO         3318    CL$$btod_emul       c_w.l(btod.o)
    0x0000246a   0x00000244   Code   RO         3324    CL$$btod_mult_common  c_w.l(btod.o)
    0x000026ae   0x00000002   PAD
    0x000026b0   0x00000020   Code   RO          495    i.ADC0Seq3_Handler  adc.o
    0x000026d0   0x00000030   Code   RO         1223    i.AppendToCircularList  os.o
    0x00002700   0x00000036   Code   RO         1224    i.AppendToList      os.o
    0x00002736   0x00000046   Code   RO         1225    i.AppendToPriorityList  os.o
    0x0000277c   0x00000018   Code   RO         3003    i.Board_Input       led.o
    0x00002794   0x00000080   Code   RO          357    i.CAN0_Handler      can0.o
    0x00002814   0x00000036   Code   RO          196    i.CANDataRegRead    can.o
    0x0000284a   0x0000004c   Code   RO          202    i.CANIntClear       can.o
    0x00002896   0x00000002   PAD
    0x00002898   0x00000030   Code   RO          205    i.CANIntNumberGet   can.o
    0x000028c8   0x0000003c   Code   RO          207    i.CANIntStatus      can.o
    0x00002904   0x000001b2   Code   RO          210    i.CANMessageGet     can.o
    0x00002ab6   0x00000002   PAD
    0x00002ab8   0x00000050   Code   RO          212    i.CANRegRead        can.o
    0x00002b08   0x00000018   Code   RO          213    i.CANRegWrite       can.o
    0x00002b20   0x0000007c   Code   RO          216    i.CANStatusGet      can.o
    0x00002b9c   0x00000040   Code   RO         1520    i.DebounceTaskSW2   os_switch.o
    0x00002bdc   0x00000020   Code   RO         2770    i.DelayMs           esp8266.o
    0x00002bfc   0x00000030   Code   RO         2771    i.DelayMsSearching  esp8266.o
    0x00002c2c   0x0000007c   Code   RO         2772    i.ESP8266FIFOtoBuffer  esp8266.o
    0x00002ca8   0x0000001a   Code   RO         2774    i.ESP8266SendCommand  esp8266.o
    0x00002cc2   0x00000002   PAD
    0x00002cc4   0x0000000c   Code   RO         2779    i.ESP8266_EnableRXInterrupt  esp8266.o
    0x00002cd0   0x00000044   Code   RO         2781    i.ESP8266_GetIPAddress  esp8266.o
    0x00002d14   0x00000044   Code   RO         2783    i.ESP8266_GetVersionNumber  esp8266.o
    0x00002d58   0x000001d0   Code   RO         2784    i.ESP8266_Init      esp8266.o
    0x00002f28   0x0000012c   Code   RO         2785    i.ESP8266_InitUART  esp8266.o
    0x00003054   0x00000064   Code   RO         2786    i.ESP8266_JoinAccessPoint  esp8266.o
    0x000030b8   0x00000044   Code   RO         2787    i.ESP8266_ListAccessPoints  esp8266.o
    0x000030fc   0x00000064   Code   RO         2788    i.ESP8266_MakeTCPConnection  esp8266.o
    0x00003160   0x00000018   Code   RO         2789    i.ESP8266_PrintChar  esp8266.o
    0x00003178   0x00000074   Code   RO         2791    i.ESP8266_Reset     esp8266.o
    0x000031ec   0x0000009c   Code   RO         2792    i.ESP8266_SendClientResponse  esp8266.o
    0x00003288   0x00000058   Code   RO         2795    i.ESP8266_SetDataTransmissionMode  esp8266.o
    0x000032e0   0x000000bc   Code   RO         2114    i.GPIOPortB_Handler  ping.o
    0x0000339c   0x0000009c   Code   RO         1521    i.GPIOPortF_Handler  os_switch.o
    0x00003438   0x00000064   Code   RO         1107    i.HardBeat_Init     heartbeat.o
    0x0000349c   0x00000014   Code   RO         1108    i.HardBeat_Toggle   heartbeat.o
    0x000034b0   0x00000018   Code   RO         1226    i.HardFault_Handler  os.o
    0x000034c8   0x00000068   Code   RO         1109    i.HeartBeat_Init    heartbeat.o
    0x00003530   0x0000001c   Code   RO         1110    i.HeartBeat_Toggle  heartbeat.o
    0x0000354c   0x00000080   Code   RO          404    i.IntDisable        interrupt.o
    0x000035cc   0x00000080   Code   RO          405    i.IntEnable         interrupt.o
    0x0000364c   0x0000000c   Code   RO         3005    i.LED_GreenOff      led.o
    0x00003658   0x0000000c   Code   RO         3006    i.LED_GreenOn       led.o
    0x00003664   0x0000006c   Code   RO         3008    i.LED_Init          led.o
    0x000036d0   0x0000000c   Code   RO         3009    i.LED_RedOff        led.o
    0x000036dc   0x0000000c   Code   RO         3010    i.LED_RedOn         led.o
    0x000036e8   0x000000c0   Code   RO         1231    i.OS_AddThread      os.o
    0x000037a8   0x00000008   Code   RO         1232    i.OS_BackupThread   os.o
    0x000037b0   0x00000014   Code   RO         1525    i.OS_DisableSWTasks  os_switch.o
    0x000037c4   0x00000024   Code   RO         1237    i.OS_GetHighestPriorityNum  os.o
    0x000037e8   0x0000002c   Code   RO         1238    i.OS_GetNextThread  os.o
    0x00003814   0x000000e8   Code   RO         1240    i.OS_Init           os.o
    0x000038fc   0x00000016   Code   RO         1241    i.OS_InitSemaphore  os.o
    0x00003912   0x00000002   PAD
    0x00003914   0x00000064   Code   RO         1242    i.OS_Kill           os.o
    0x00003978   0x0000003c   Code   RO         1243    i.OS_Launch         os.o
    0x000039b4   0x00000064   Code   RO         1244    i.OS_MSTimerInit    os.o
    0x00003a18   0x00000050   Code   RO         1248    i.OS_Signal         os.o
    0x00003a68   0x0000006c   Code   RO         1249    i.OS_Sleep          os.o
    0x00003ad4   0x0000010c   Code   RO         1528    i.OS_SwitchInit     os_switch.o
    0x00003be0   0x0000002c   Code   RO         1251    i.OS_SwitchThread   os.o
    0x00003c0c   0x00000024   Code   RO         1590    i.OS_Time           os_time.o
    0x00003c30   0x00000006   Code   RO         1591    i.OS_TimeDifference  os_time.o
    0x00003c36   0x00000002   PAD
    0x00003c38   0x0000008c   Code   RO         1593    i.OS_UpdateTimeInfoOnDisable  os_time.o
    0x00003cc4   0x0000009c   Code   RO         1594    i.OS_UpdateTimeInfoOnEnable  os_time.o
    0x00003d60   0x0000007c   Code   RO         1252    i.OS_Wait           os.o
    0x00003ddc   0x00000054   Code   RO         1253    i.OS_Wake           os.o
    0x00003e30   0x0000007c   Code   RO           12    i.PLL_Init          pll.o
    0x00003eac   0x00000040   Code   RO         2117    i.Ping1Fifo_Put     ping.o
    0x00003eec   0x00000040   Code   RO         2123    i.Ping2Fifo_Put     ping.o
    0x00003f2c   0x00000040   Code   RO         2129    i.Ping3Fifo_Put     ping.o
    0x00003f6c   0x00000040   Code   RO         2135    i.Ping4Fifo_Put     ping.o
    0x00003fac   0x0000001c   Code   RO         2141    i.Ping_Fifo1_Put    ping.o
    0x00003fc8   0x0000001c   Code   RO         2145    i.Ping_Fifo2_Put    ping.o
    0x00003fe4   0x0000001c   Code   RO         2149    i.Ping_Fifo3_Put    ping.o
    0x00004000   0x0000001c   Code   RO         2153    i.Ping_Fifo4_Put    ping.o
    0x0000401c   0x0000004a   Code   RO         1256    i.RemoveFromList    os.o
    0x00004066   0x00000002   PAD
    0x00004068   0x000000f4   Code   RO         1654    i.ST7735_DrawCharS  st7735.o
    0x0000415c   0x00000048   Code   RO         1657    i.ST7735_DrawPixel  st7735.o
    0x000041a4   0x00000056   Code   RO         1658    i.ST7735_DrawString  st7735.o
    0x000041fa   0x00000002   PAD
    0x000041fc   0x000000ac   Code   RO         1659    i.ST7735_FillRect   st7735.o
    0x000042a8   0x000000d4   Code   RO         1665    i.ST7735_OutChar    st7735.o
    0x0000437c   0x00000054   Code   RO         2800    i.SearchCheck       esp8266.o
    0x000043d0   0x00000030   Code   RO         2801    i.SearchStart       esp8266.o
    0x00004400   0x000000d4   Code   RO         2802    i.ServerResponseSearchCheck  esp8266.o
    0x000044d4   0x000000ec   Code   RO         1257    i.SetInitialStack   os.o
    0x000045c0   0x00000020   Code   RO         1455    i.Timer1A_Handler   os_periodictasks.o
    0x000045e0   0x00000060   Code   RO         1258    i.Timer2A_Handler   os.o
    0x00004640   0x00000018   Code   RO          174    i.Timer3A_Handler   timer3.o
    0x00004658   0x00000020   Code   RO         1457    i.Timer3B_Handler   os_periodictasks.o
    0x00004678   0x00000014   Code   RO          571    i.Timer5A_Handler   diskio.o
    0x0000468c   0x00000058   Code   RO         1967    i.UART0_Handler     uart.o
    0x000046e4   0x00000030   Code   RO         2804    i.UART2_Handler     esp8266.o
    0x00004714   0x00000104   Code   RO         1972    i.UART_Init         uart.o
    0x00004818   0x00000038   Code   RO         1974    i.UART_OutChar      uart.o
    0x00004850   0x00000028   Code   RO         1975    i.UART_OutString    uart.o
    0x00004878   0x00000026   Code   RO         1978    i.UART_printf       uart.o
    0x0000489e   0x00000002   PAD
    0x000048a0   0x00000024   Code   RO         1980    i.URxFifo_Init      uart.o
    0x000048c4   0x0000003c   Code   RO         1981    i.URxFifo_Put       uart.o
    0x00004900   0x00000018   Code   RO         1982    i.URxFifo_Size      uart.o
    0x00004918   0x0000003c   Code   RO         1983    i.UTxFifo_Get       uart.o
    0x00004954   0x00000024   Code   RO         1984    i.UTxFifo_Init      uart.o
    0x00004978   0x0000003c   Code   RO         1985    i.UTxFifo_Put       uart.o
    0x000049b4   0x00000018   Code   RO         1986    i.UTxFifo_Size      uart.o
    0x000049cc   0x00000028   Code   RO         3424    i.__ARM_fpclassify  m_ws.l(fpclassify.o)
    0x000049f4   0x0000000e   Code   RO         3091    i._is_digit         c_w.l(__printf_wp.o)
    0x00004a02   0x00000002   PAD
    0x00004a04   0x00000078   Code   RO         1459    i.calculateJitter   os_periodictasks.o
    0x00004a7c   0x00000034   Code   RO         1987    i.copyHardwareToSoftware  uart.o
    0x00004ab0   0x00000034   Code   RO         1988    i.copySoftwareToHardware  uart.o
    0x00004ae4   0x00000040   Code   RO          578    i.disk_timerproc    diskio.o
    0x00004b24   0x00000088   Code   RO           43    i.doTCP             main.o
    0x00004bac   0x00000008   Code   RO         1686    i.ferror            st7735.o
    0x00004bb4   0x00000010   Code   RO         1689    i.fputc             st7735.o
    0x00004bc4   0x0000000e   Code   RO         2805    i.lc                esp8266.o
    0x00004bd2   0x00000002   PAD
    0x00004bd4   0x00000028   Code   RO           44    i.main              main.o
    0x00004bfc   0x00000068   Code   RO         2156    i.processPingData   ping.o
    0x00004c64   0x00000012   Code   RO         1691    i.pushColor         st7735.o
    0x00004c76   0x00000002   PAD
    0x00004c78   0x00000074   Code   RO         1693    i.setAddrWindow     st7735.o
    0x00004cec   0x0000004c   Code   RO         1695    i.writecommand      st7735.o
    0x00004d38   0x00000050   Code   RO         1696    i.writedata         st7735.o
    0x00004d88   0x0000002c   Code   RO         3349    locale$$code        c_w.l(lc_numeric_c.o)
    0x00004db4   0x0000002c   Code   RO         3468    locale$$code        c_w.l(lc_ctype_c.o)
    0x00004de0   0x00000004   Code   RO         3198    x$fpl$printf1       fz_ws.l(printf1.o)
    0x00004de4   0x00000004   Code   RO         3200    x$fpl$printf2       fz_ws.l(printf2.o)
    0x00004de8   0x00000000   Code   RO         3423    x$fpl$usenofp       fz_ws.l(usenofp.o)
    0x00004de8   0x000007e2   Data   RO         1698    .constdata          st7735.o
    0x000055ca   0x00000011   Data   RO         3099    .constdata          c_w.l(__printf_flags_ss_wp.o)
    0x000055db   0x00000001   PAD
    0x000055dc   0x00000008   Data   RO         3140    .constdata          c_w.l(_printf_wctomb.o)
    0x000055e4   0x00000028   Data   RO         3169    .constdata          c_w.l(_printf_hex_int_ll_ptr.o)
    0x0000560c   0x00000026   Data   RO         3226    .constdata          c_w.l(_printf_fp_hex.o)
    0x00005632   0x00000004   Data   RO         3239    .constdata          c_w.l(sys_io.o)
    0x00005636   0x00000004   Data   RO         3240    .constdata          c_w.l(sys_io.o)
    0x0000563a   0x00000004   Data   RO         3241    .constdata          c_w.l(sys_io.o)
    0x0000563e   0x00000002   PAD
    0x00005640   0x00000094   Data   RO         3313    .constdata          c_w.l(bigflt0.o)
    0x000056d4   0x00000020   Data   RO         3554    Region$$Table       anon$$obj.o
    0x000056f4   0x0000001c   Data   RO         3348    locale$$data        c_w.l(lc_numeric_c.o)
    0x00005710   0x00000110   Data   RO         3467    locale$$data        c_w.l(lc_ctype_c.o)


    Execution Region ER_RW (Base: 0x20000000, Size: 0x00000264, Max: 0xffffffff, ABSOLUTE, COMPRESSED[0x0000008c])

    Base Addr    Size         Type   Attr      Idx    E Section Name        Object

    0x20000000   0x0000008c   Data   RW           47    .data               main.o
    0x2000008c   0x00000004   Data   RW          176    .data               timer3.o
    0x20000090   0x00000008   Data   RW          361    .data               can0.o
    0x20000098   0x00000010   Data   RW          506    .data               adc.o
    0x200000a8   0x0000000d   Data   RW          590    .data               diskio.o
    0x200000b5   0x00000003   PAD
    0x200000b8   0x0000007b   Data   RW         1260    .data               os.o
    0x20000133   0x00000001   PAD
    0x20000134   0x00000005   Data   RW         1462    .data               os_periodictasks.o
    0x20000139   0x00000003   PAD
    0x2000013c   0x00000018   Data   RW         1530    .data               os_switch.o
    0x20000154   0x00000034   Data   RW         1699    .data               st7735.o
    0x20000188   0x00000030   Data   RW         1990    .data               uart.o
    0x200001b8   0x00000060   Data   RW         2159    .data               ping.o
    0x20000218   0x00000040   Data   RW         2808    .data               esp8266.o
    0x20000258   0x00000004   Data   RW         3195    .data               c_w.l(stdio_streams.o)
    0x2000025c   0x00000004   Data   RW         3196    .data               c_w.l(stdio_streams.o)
    0x20000260   0x00000004   Data   RW         3197    .data               c_w.l(stdio_streams.o)


    Execution Region ER_ZI (Base: 0x20000264, Size: 0x000078f4, Max: 0xffffffff, ABSOLUTE)

    Base Addr    Size         Type   Attr      Idx    E Section Name        Object

    0x20000264   0x00000400   Zero   RW           46    .bss                main.o
    0x20000664   0x00006190   Zero   RW         1259    .bss                os.o
    0x200067f4   0x00000128   Zero   RW         1460    .bss                os_periodictasks.o
    0x2000691c   0x00000020   Zero   RW         1989    .bss                uart.o
    0x2000693c   0x000000a0   Zero   RW         2158    .bss                ping.o
    0x200069dc   0x00000c20   Zero   RW         2806    .bss                esp8266.o
    0x200075fc   0x00000054   Zero   RW         3192    .bss                c_w.l(stdio_streams.o)
    0x20007650   0x00000054   Zero   RW         3193    .bss                c_w.l(stdio_streams.o)
    0x200076a4   0x00000054   Zero   RW         3194    .bss                c_w.l(stdio_streams.o)
    0x200076f8   0x00000060   Zero   RW         3427    .bss                c_w.l(libspace.o)
    0x20007758   0x00000000   Zero   RW            2    HEAP                startup.o
    0x20007758   0x00000400   Zero   RW            1    STACK               startup.o


==============================================================================

Image component sizes


      Code (inc. data)   RO Data    RW Data    ZI Data      Debug   Object Name

        32         12          0         16          0       2145   adc.o
       900          8          0          0          0       9976   can.o
       128         14          0          8          0       1219   can0.o
        84         18          0         13          0       3379   diskio.o
      2200        760          0         64       3104      12921   esp8266.o
         0          0          0          0          0       1188   fixed.o
       252         42          0          0          0       1606   heartbeat.o
       256         24          0          0          0        969   interrupt.o
       180         42          0          0          0       2211   led.o
       176         70          0        140       1024       4044   main.o
      1836        254          0        123      24976      13266   os.o
       184         28          0          5        296       2600   os_periodictasks.o
       508         72          0         24          0       2822   os_switch.o
       338         74          0          0          0       2099   os_time.o
       184          8          0          0          0        260   osasm.o
       660         90          0         96        160       6866   ping.o
       124          6          0          0          0       4643   pll.o
      1100         90       2018         52          0      11525   st7735.o
       692        632          0          0       1024        940   startup.o
        24          8          0          4          0        873   timer3.o
       886        156          0         48         32       9321   uart.o

    ----------------------------------------------------------------------
     10764       2408       2050        600      30616      94873   Object Totals
         0          0         32          0          0          0   (incl. Generated)
        20          0          0          7          0          0   (incl. Padding)

    ----------------------------------------------------------------------

      Code (inc. data)   RO Data    RW Data    ZI Data      Debug   Library Member Name

        24          4          0          0          0         84   __2printf.o
        44          6          0          0          0         84   __2sprintf.o
        90          0          0          0          0          0   __dczerorl2.o
         8          0          0          0          0         68   __main.o
       396          6         17          0          0         92   __printf_flags_ss_wp.o
        14          0          0          0          0         68   __printf_wp.o
        52          8          0          0          0          0   __scatter.o
        28          0          0          0          0          0   __scatter_zi.o
         6          0          0          0          0          0   _printf_a.o
         6          0          0          0          0          0   _printf_c.o
        44          0          0          0          0        108   _printf_char.o
        48          6          0          0          0         96   _printf_char_common.o
        36          4          0          0          0         80   _printf_char_file.o
        42          0          0          0          0         68   _printf_charcount.o
         6          0          0          0          0          0   _printf_d.o
       120         18          0          0          0         92   _printf_dec.o
         6          0          0          0          0          0   _printf_e.o
         6          0          0          0          0          0   _printf_f.o
      1056          0          0          0          0        216   _printf_fp_dec.o
       768          8         38          0          0        100   _printf_fp_hex.o
       128         16          0          0          0         84   _printf_fp_infnan.o
         6          0          0          0          0          0   _printf_g.o
       156          6         40          0          0        160   _printf_hex_int_ll_ptr.o
         6          0          0          0          0          0   _printf_i.o
       184          0          0          0          0         88   _printf_intcommon.o
        10          0          0          0          0          0   _printf_l.o
         6          0          0          0          0          0   _printf_lc.o
        10          0          0          0          0          0   _printf_ll.o
         6          0          0          0          0          0   _printf_lld.o
         6          0          0          0          0          0   _printf_lli.o
         6          0          0          0          0          0   _printf_llo.o
         6          0          0          0          0          0   _printf_llu.o
         6          0          0          0          0          0   _printf_llx.o
       120         16          0          0          0         92   _printf_longlong_dec.o
         6          0          0          0          0          0   _printf_ls.o
         6          0          0          0          0          0   _printf_n.o
         6          0          0          0          0          0   _printf_o.o
       120          8          0          0          0        124   _printf_oct_int_ll.o
         6          0          0          0          0          0   _printf_p.o
        82          0          0          0          0        108   _printf_pad.o
         0          0          0          0          0          0   _printf_percent.o
         4          0          0          0          0          0   _printf_percent_end.o
         6          0          0          0          0          0   _printf_s.o
        82          0          0          0          0         80   _printf_str.o
        36          0          0          0          0         84   _printf_truncate.o
         6          0          0          0          0          0   _printf_u.o
        44          0          0          0          0        108   _printf_wchar.o
       188          6          8          0          0         92   _printf_wctomb.o
         6          0          0          0          0          0   _printf_x.o
        16          0          0          0          0         68   _snputc.o
        10          0          0          0          0         68   _sputc.o
        64          0          0          0          0         92   _wcrtomb.o
       228          6        148          0          0         96   bigflt0.o
      1910        128          0          0          0        672   btod.o
        10          0          0          0          0         68   defsig_exit.o
        50          0          0          0          0         88   defsig_general.o
        80         58          0          0          0         76   defsig_rtmem_inner.o
        14          0          0          0          0         80   defsig_rtmem_outer.o
        52         38          0          0          0         76   defsig_rtred_inner.o
        14          0          0          0          0         80   defsig_rtred_outer.o
        12          0          0          0          0         72   exit.o
        76          0          0          0          0         88   fclose.o
       236          4          0          0          0        128   fopen.o
       248          6          0          0          0         84   fseek.o
        70          0          0          0          0         76   ftell.o
        94          0          0          0          0         80   h1_alloc.o
        52          0          0          0          0         68   h1_extend.o
        78          0          0          0          0         80   h1_free.o
        14          0          0          0          0         84   h1_init.o
         6          0          0          0          0        152   heapauxi.o
         4          0          0          0          0        136   hguard.o
         0          0          0          0          0          0   indicate_semi.o
       138          0          0          0          0        168   init_alloc.o
       312         46          0          0          0        112   initio.o
        44         10        272          0          0         76   lc_ctype_c.o
        44         10         28          0          0         76   lc_numeric_c.o
         2          0          0          0          0          0   libinit.o
        42          0          0          0          0          0   libinit2.o
         2          0          0          0          0          0   libshutdown.o
         6          0          0          0          0          0   libshutdown2.o
         8          4          0          0         96         68   libspace.o
       138          0          0          0          0         80   lludiv10.o
         0          0          0          0          0          0   maybetermalloc1.o
        16          4          0          0          0         76   rt_ctype_table.o
         8          4          0          0          0         68   rt_errno_addr_intlibspace.o
         8          4          0          0          0         68   rt_heap_descriptor_intlibspace.o
         8          4          0          0          0         68   rt_locale_intlibspace.o
        78          0          0          0          0         80   rt_memclr_w.o
         0          0          0          0          0          0   rtentry.o
        12          0          0          0          0          0   rtentry2.o
         6          0          0          0          0          0   rtentry4.o
         2          0          0          0          0          0   rtexit.o
        10          0          0          0          0          0   rtexit2.o
        70          0          0          0          0         80   setvbuf.o
       240          6          0          0          0        156   stdio.o
         0          0          0         12        252          0   stdio_streams.o
       128          0          0          0          0         68   strcmpv7m.o
        72          0          0          0          0         80   strcpy.o
        62          0          0          0          0         76   strlen.o
        12          4          0          0          0         68   sys_exit.o
       102          0         12          0          0        240   sys_io.o
        74          0          0          0          0         80   sys_stackheap_outer.o
        14          0          0          0          0         76   sys_wrch.o
         2          0          0          0          0         68   use_no_semi.o
        52          4          0          0          0         80   vsnprintf.o
         4          0          0          0          0         68   printf1.o
         4          0          0          0          0         68   printf2.o
         0          0          0          0          0          0   usenofp.o
        40          0          0          0          0         68   fpclassify.o

    ----------------------------------------------------------------------
      9180        452        566         12        348       6904   Library Totals
        28          0          3          0          0          0   (incl. Padding)

    ----------------------------------------------------------------------

      Code (inc. data)   RO Data    RW Data    ZI Data      Debug   Library Name

      9104        452        563         12        348       6700   c_w.l
         8          0          0          0          0        136   fz_ws.l
        40          0          0          0          0         68   m_ws.l

    ----------------------------------------------------------------------
      9180        452        566         12        348       6904   Library Totals

    ----------------------------------------------------------------------

==============================================================================


      Code (inc. data)   RO Data    RW Data    ZI Data      Debug   

     19944       2860       2616        612      30964      91897   Grand Totals
     19944       2860       2616        140      30964      91897   ELF Image Totals (compressed)
     19944       2860       2616        140          0          0   ROM Totals

==============================================================================

    Total RO  Size (Code + RO Data)                22560 (  22.03kB)
    Total RW  Size (RW Data + ZI Data)             31576 (  30.84kB)
    Total ROM Size (Code + RO Data + RW Data)      22700 (  22.17kB)

==============================================================================

