<html>
<body>
<pre>
<h1>µVision Build Log</h1>
<h2>Project:</h2>
C:\Users\Kapil\Desktop\RTOS-realTImeCommSystem\RTOSgradproj\Lab7\Code\Lab7.uvproj
Project File Date:  05/06/2016

<h2>Output:</h2>
Rebuild target 'Lab7'
assembling startup.s...
compiling PLL.c...
compiling main.c...
compiling Timer3.c...
compiling can.c...
compiling can0.c...
compiling interrupt.c...
compiling ADC.c...
compiling diskio.c...
compiling ff.c...
compiling FIFO.c...
compiling fixed.c...
compiling Heartbeat.c...
compiling Interpreter.c...
compiling OS.c...
compiling OS_PeriodicTasks.c...
compiling OS_Switch.c...
compiling OS_Time.c...
compiling ST7735.c...
compiling UART.c...
compiling Ping.c...
assembling osasm.s...
compiling DCMotor.c...
compiling LinearInterpolation.c...
compiling TestMain.c...
compiling IR.c...
compiling PWM.c...
assembling cr4_fft_64_stm32.s...
compiling esp8266.c...
compiling LED.c...
linking...
Program Size: Code=19944 RO-data=2616 RW-data=612 ZI-data=30964  
".\CAN.axf" - 0 Error(s), 0 Warning(s).
Load "C:\\Users\\Kapil\\Desktop\\RTOS-realTImeCommSystem\\RTOSgradproj\\Lab7\\Code\\CAN.axf" 
Connecting: Mode=JTAG, Speed=1000000Hz
Erase Done.
Programming Done.
Verify OK.
</pre>
</body>
</html>
