ARM Linker, 5.03 [Build 76] [MDK-ARM Lite]

==============================================================================

Section Cross References

    startup.o(STACK) refers (Special) to heapauxi.o(.text) for __use_two_region_memory
    startup.o(HEAP) refers (Special) to heapauxi.o(.text) for __use_two_region_memory
    startup.o(RESET) refers (Special) to heapauxi.o(.text) for __use_two_region_memory
    startup.o(RESET) refers to startup.o(STACK) for StackMem
    startup.o(RESET) refers to os.o(i.HardFault_Handler) for HardFault_Handler
    startup.o(RESET) refers to osasm.o(.text) for PendSV_Handler
    startup.o(RESET) refers to ping.o(i.GPIOPortB_Handler) for GPIOPortB_Handler
    startup.o(RESET) refers to uart.o(i.UART0_Handler) for UART0_Handler
    startup.o(RESET) refers to adc.o(i.ADC0Seq3_Handler) for ADC0Seq3_Handler
    startup.o(RESET) refers to os_periodictasks.o(i.Timer1A_Handler) for Timer1A_Handler
    startup.o(RESET) refers to os.o(i.Timer2A_Handler) for Timer2A_Handler
    startup.o(RESET) refers to os_switch.o(i.GPIOPortF_Handler) for GPIOPortF_Handler
    startup.o(RESET) refers to esp8266.o(i.UART2_Handler) for UART2_Handler
    startup.o(RESET) refers to timer3.o(i.Timer3A_Handler) for Timer3A_Handler
    startup.o(RESET) refers to os_periodictasks.o(i.Timer3B_Handler) for Timer3B_Handler
    startup.o(RESET) refers to can0.o(i.CAN0_Handler) for CAN0_Handler
    startup.o(RESET) refers to diskio.o(i.Timer5A_Handler) for Timer5A_Handler
    startup.o(RESET) refers to __main.o(!!!main) for __main
    startup.o(.text) refers (Special) to heapauxi.o(.text) for __use_two_region_memory
    startup.o(.text) refers to startup.o(HEAP) for HeapMem
    startup.o(.text) refers to startup.o(STACK) for StackMem
    main.o(i.AddIRThreads) refers to os.o(i.OS_AddThread) for OS_AddThread
    main.o(i.AddIRThreads) refers to ir.o(i.IRSensor0Thread) for IRSensor0Thread
    main.o(i.AddIRThreads) refers to ir.o(i.IRSensor1Thread) for IRSensor1Thread
    main.o(i.AddIRThreads) refers to ir.o(i.IRSensor2Thread) for IRSensor2Thread
    main.o(i.AddIRThreads) refers to ir.o(i.IRSensor3Thread) for IRSensor3Thread
    main.o(i.AddPingThreads) refers to os.o(i.OS_AddThread) for OS_AddThread
    main.o(i.AddPingThreads) refers to ping.o(i.Ping3_PollThread) for Ping3_PollThread
    main.o(i.CANMotorThread) refers to can0.o(i.CAN0_Open) for CAN0_Open
    main.o(i.CANMotorThread) refers to can0.o(i.CAN0_GetMailNonBlock) for CAN0_GetMailNonBlock
    main.o(i.CANMotorThread) refers to os.o(i.OS_MailBox_Send) for OS_MailBox_Send
    main.o(i.CANSensorSendThread) refers to can0.o(i.CAN0_Open) for CAN0_Open
    main.o(i.CANSensorSendThread) refers to os.o(i.OS_MailBox_Recv) for OS_MailBox_Recv
    main.o(i.CANSensorSendThread) refers to can0.o(i.CAN0_SendData) for CAN0_SendData
    main.o(i.CANSensorSendThread) refers to st7735.o(i.ST7735_SClear) for ST7735_SClear
    main.o(i.CANSensorSendThread) refers to st7735.o(i.ST7735_SDrawString) for ST7735_SDrawString
    main.o(i.CANSensorSendThread) refers to st7735.o(i.ST7735_SDrawValue) for ST7735_SDrawValue
    main.o(i.Interpreter) refers to interpreter.o(i.Interpreter_Init) for Interpreter_Init
    main.o(i.Interpreter) refers to interpreter.o(i.Interpreter_Get) for Interpreter_Get
    main.o(i.MotorProcessor) refers to dcmotor.o(i.Motor_Init) for Motor_Init
    main.o(i.MotorProcessor) refers to os.o(i.OS_MailBox_Recv) for OS_MailBox_Recv
    main.o(i.MotorProcessor) refers to dcmotor.o(i.Motor_Run) for Motor_Run
    main.o(i.MotorProcessor) refers to dcmotor.o(i.Motor_Direction) for Motor_Direction
    main.o(i.ProcessSensors) refers to ping.o(i.Ping_Fifo3_Get) for Ping_Fifo3_Get
    main.o(i.ProcessSensors) refers to ir.o(i.IR_Fifo0_Get) for IR_Fifo0_Get
    main.o(i.ProcessSensors) refers to ir.o(i.IR_Fifo1_Get) for IR_Fifo1_Get
    main.o(i.ProcessSensors) refers to ir.o(i.IR_Fifo2_Get) for IR_Fifo2_Get
    main.o(i.ProcessSensors) refers to ir.o(i.IR_Fifo3_Get) for IR_Fifo3_Get
    main.o(i.ProcessSensors) refers to main.o(i.min) for min
    main.o(i.ProcessSensors) refers to os.o(i.OS_MailBox_Send) for OS_MailBox_Send
    main.o(i.ProcessSensors) refers to st7735.o(i.ST7735_SClear) for ST7735_SClear
    main.o(i.ProcessSensors) refers to st7735.o(i.ST7735_SDrawString) for ST7735_SDrawString
    main.o(i.ProcessSensors) refers to st7735.o(i.ST7735_SDrawValue) for ST7735_SDrawValue
    main.o(i.ProcessSensors) refers to os.o(i.OS_Sleep) for OS_Sleep
    main.o(i.ProcessSensors) refers to main.o(.data) for runningTime
    main.o(i.main) refers to startup.o(.text) for DisableInterrupts
    main.o(i.main) refers to pll.o(i.PLL_Init) for PLL_Init
    main.o(i.main) refers to led.o(i.LED_Init) for LED_Init
    main.o(i.main) refers to st7735.o(i.Output_Init) for Output_Init
    main.o(i.main) refers to __2printf.o(.text) for __2printf
    main.o(i.main) refers to esp8266.o(i.ESP8266_Init) for ESP8266_Init
[...]
    OS_GetHighestPriorityNum                 0x00002219   Thumb Code    30  os.o(i.OS_GetHighestPriorityNum)
    i.OS_GetNextThread                       0x0000223c   Section        0  os.o(i.OS_GetNextThread)
    i.OS_Kill                                0x00002268   Section        0  os.o(i.OS_Kill)
    i.OS_Signal                              0x000022cc   Section        0  os.o(i.OS_Signal)
    i.OS_Sleep                               0x0000231c   Section        0  os.o(i.OS_Sleep)
    i.OS_SwitchThread                        0x00002388   Section        0  os.o(i.OS_SwitchThread)
    OS_SwitchThread                          0x00002389   Thumb Code    36  os.o(i.OS_SwitchThread)
    i.OS_Time                                0x000023b4   Section        0  os_time.o(i.OS_Time)
    i.OS_TimeDifference                      0x000023d8   Section        0  os_time.o(i.OS_TimeDifference)
    i.OS_UpdateTimeInfoOnDisable             0x000023e0   Section        0  os_time.o(i.OS_UpdateTimeInfoOnDisable)
    i.OS_UpdateTimeInfoOnEnable              0x0000246c   Section        0  os_time.o(i.OS_UpdateTimeInfoOnEnable)
    i.OS_Wait                                0x00002508   Section        0  os.o(i.OS_Wait)
    i.OS_Wake                                0x00002584   Section        0  os.o(i.OS_Wake)
    OS_Wake                                  0x00002585   Thumb Code    68  os.o(i.OS_Wake)
    i.Output_Init                            0x000025d8   Section        0  st7735.o(i.Output_Init)
    i.PLL_Init                               0x000025e8   Section        0  pll.o(i.PLL_Init)
    i.Ping1Fifo_Put                          0x00002664   Section        0  ping.o(i.Ping1Fifo_Put)
    i.Ping2Fifo_Put                          0x000026a4   Section        0  ping.o(i.Ping2Fifo_Put)
    i.Ping3Fifo_Put                          0x000026e4   Section        0  ping.o(i.Ping3Fifo_Put)
    i.Ping4Fifo_Put                          0x00002724   Section        0  ping.o(i.Ping4Fifo_Put)
    i.Ping_Fifo1_Put                         0x00002764   Section        0  ping.o(i.Ping_Fifo1_Put)
    i.Ping_Fifo2_Put                         0x00002780   Section        0  ping.o(i.Ping_Fifo2_Put)
    i.Ping_Fifo3_Put                         0x0000279c   Section        0  ping.o(i.Ping_Fifo3_Put)
    i.Ping_Fifo4_Put                         0x000027b8   Section        0  ping.o(i.Ping_Fifo4_Put)
    i.RemoveFromList                         0x000027d4   Section        0  os.o(i.RemoveFromList)
    RemoveFromList                           0x000027d5   Thumb Code    74  os.o(i.RemoveFromList)
    i.ST7735_DrawCharS                       0x00002820   Section        0  st7735.o(i.ST7735_DrawCharS)
    i.ST7735_DrawPixel                       0x00002914   Section        0  st7735.o(i.ST7735_DrawPixel)
    i.ST7735_DrawString                      0x0000295c   Section        0  st7735.o(i.ST7735_DrawString)
    i.ST7735_FillRect                        0x000029b4   Section        0  st7735.o(i.ST7735_FillRect)
    i.ST7735_FillScreen                      0x00002a60   Section        0  st7735.o(i.ST7735_FillScreen)
    i.ST7735_InitR                           0x00002a84   Section        0  st7735.o(i.ST7735_InitR)
    i.ST7735_OutChar                         0x00002b00   Section        0  st7735.o(i.ST7735_OutChar)
    i.ST7735_SetCursor                       0x00002bd4   Section        0  st7735.o(i.ST7735_SetCursor)
    i.SearchCheck                            0x00002bf4   Section        0  esp8266.o(i.SearchCheck)
    i.SearchStart                            0x00002c48   Section        0  esp8266.o(i.SearchStart)
    i.ServerResponseSearchCheck              0x00002c78   Section        0  esp8266.o(i.ServerResponseSearchCheck)
    i.ServerResponseSearchStart              0x00002d4c   Section        0  esp8266.o(i.ServerResponseSearchStart)
    i.SetInitialStack                        0x00002d8c   Section        0  os.o(i.SetInitialStack)
    SetInitialStack                          0x00002d8d   Thumb Code   228  os.o(i.SetInitialStack)
    i.Timer1A_Handler                        0x00002e78   Section        0  os_periodictasks.o(i.Timer1A_Handler)
    i.Timer2A_Handler                        0x00002e98   Section        0  os.o(i.Timer2A_Handler)
    i.Timer3A_Handler                        0x00002ef8   Section        0  timer3.o(i.Timer3A_Handler)
    i.Timer3B_Handler                        0x00002f10   Section        0  os_periodictasks.o(i.Timer3B_Handler)
    i.Timer5A_Handler                        0x00002f30   Section        0  diskio.o(i.Timer5A_Handler)
    i.UART0_Handler                          0x00002f44   Section        0  uart.o(i.UART0_Handler)
    i.UART2_Handler                          0x00002f9c   Section        0  esp8266.o(i.UART2_Handler)
    i.UART_OutChar                           0x00002fcc   Section        0  uart.o(i.UART_OutChar)
    i.URxFifo_Put                            0x00003004   Section        0  uart.o(i.URxFifo_Put)
    i.URxFifo_Size                           0x00003040   Section        0  uart.o(i.URxFifo_Size)
    i.UTxFifo_Get                            0x00003058   Section        0  uart.o(i.UTxFifo_Get)
    i.UTxFifo_Put                            0x00003094   Section        0  uart.o(i.UTxFifo_Put)
    i.UTxFifo_Size                           0x000030d0   Section        0  uart.o(i.UTxFifo_Size)
    i._is_digit                              0x000030e8   Section        0  __printf_wp.o(i._is_digit)
    i.calculateJitter                        0x000030f8   Section        0  os_periodictasks.o(i.calculateJitter)
    calculateJitter                          0x000030f9   Thumb Code   112  os_periodictasks.o(i.calculateJitter)
    i.commandList                            0x00003170   Section        0  st7735.o(i.commandList)
    commandList                              0x00003171   Thumb Code    86  st7735.o(i.commandList)
    i.commonInit                             0x000031c8   Section        0  st7735.o(i.commonInit)
    commonInit                               0x000031c9   Thumb Code   510  st7735.o(i.commonInit)
    i.copyHardwareToSoftware                 0x00003408   Section        0  uart.o(i.copyHardwareToSoftware)
    copyHardwareToSoftware                   0x00003409   Thumb Code    42  uart.o(i.copyHardwareToSoftware)
    i.copySoftwareToHardware                 0x0000343c   Section        0  uart.o(i.copySoftwareToHardware)
    copySoftwareToHardware                   0x0000343d   Thumb Code    44  uart.o(i.copySoftwareToHardware)
    i.disk_timerproc                         0x00003470   Section        0  diskio.o(i.disk_timerproc)
    i.ferror                                 0x000034b0   Section        0  st7735.o(i.ferror)
    i.fputc                                  0x000034b8   Section        0  st7735.o(i.fputc)
    i.lc                                     0x000034c8   Section        0  esp8266.o(i.lc)
    i.main                                   0x000034d8   Section        0  main.o(i.main)
    i.processPingData                        0x00003568   Section        0  ping.o(i.processPingData)
    i.pushColor                              0x000035d0   Section        0  st7735.o(i.pushColor)
    pushColor                                0x000035d1   Thumb Code    18  st7735.o(i.pushColor)
    i.setAddrWindow                          0x000035e4   Section        0  st7735.o(i.setAddrWindow)
    setAddrWindow                            0x000035e5   Thumb Code   106  st7735.o(i.setAddrWindow)
    i.writecommand                           0x00003658   Section        0  st7735.o(i.writecommand)
    writecommand                             0x00003659   Thumb Code    68  st7735.o(i.writecommand)
    i.writedata                              0x000036a4   Section        0  st7735.o(i.writedata)
    writedata                                0x000036a5   Thumb Code    72  st7735.o(i.writedata)
    .constdata                               0x000036f4   Section     2018  st7735.o(.constdata)
    Font                                     0x000036f4   Data        1275  st7735.o(.constdata)
    Bcmd                                     0x00003bef   Data         103  st7735.o(.constdata)
    Rcmd1                                    0x00003c56   Data          59  st7735.o(.constdata)
    Rcmd2green                               0x00003c91   Data          13  st7735.o(.constdata)
    Rcmd2red                                 0x00003c9e   Data          13  st7735.o(.constdata)
    Rcmd3                                    0x00003cab   Data          43  st7735.o(.constdata)
    .constdata                               0x00003ed6   Section       17  __printf_flags_ss_wp.o(.constdata)
    maptable                                 0x00003ed6   Data          17  __printf_flags_ss_wp.o(.constdata)
    .constdata                               0x00003ee7   Section        4  sys_io.o(.constdata)
    .constdata                               0x00003eeb   Section        4  sys_io.o(.constdata)
    .constdata                               0x00003eef   Section        4  sys_io.o(.constdata)
    .data                                    0x20000000   Section      136  main.o(.data)
    runningTime                              0x2000007c   Data           4  main.o(.data)
    .data                                    0x20000088   Section        4  timer3.o(.data)
    .data                                    0x2000008c   Section        8  can0.o(.data)
    RCVData                                  0x2000008c   Data           4  can0.o(.data)
    MailFlag                                 0x20000090   Data           4  can0.o(.data)
    .data                                    0x20000094   Section       16  adc.o(.data)
    collect_complete                         0x20000094   Data           1  adc.o(.data)
    collect_numberOfSamples                  0x20000098   Data           4  adc.o(.data)
    collect_sampleNum                        0x2000009c   Data           4  adc.o(.data)
    .data                                    0x200000a4   Section       13  diskio.o(.data)
    Stat                                     0x200000a4   Data           1  diskio.o(.data)
    Timer1                                   0x200000a8   Data           4  diskio.o(.data)
    Timer2                                   0x200000ac   Data           4  diskio.o(.data)
    CardType                                 0x200000b0   Data           1  diskio.o(.data)
    .data                                    0x200000b8   Section      123  os.o(.data)
    waitCalls                                0x200000bc   Data           4  os.o(.data)
    Fifo_Mutex                               0x20000108   Data           8  os.o(.data)
    Fifo_CurrentSize                         0x20000110   Data           8  os.o(.data)
    OS_Mailbox_Send                          0x20000120   Data           8  os.o(.data)
    OS_Mailbox_Ack                           0x20000128   Data           8  os.o(.data)
    .data                                    0x20000134   Section        5  os_periodictasks.o(.data)
    .data                                    0x2000013c   Section       24  os_switch.o(.data)
    .data                                    0x20000154   Section       52  st7735.o(.data)
    _width                                   0x2000015e   Data           2  st7735.o(.data)
    _height                                  0x20000160   Data           2  st7735.o(.data)
    ColStart                                 0x20000168   Data           1  st7735.o(.data)
    RowStart                                 0x20000169   Data           1  st7735.o(.data)
    Rotation                                 0x2000016a   Data           1  st7735.o(.data)
    TabColor                                 0x2000016b   Data           1  st7735.o(.data)
    .data                                    0x20000188   Section       48  uart.o(.data)
    .data                                    0x200001b8   Section       96  ping.o(.data)
    Fifo1_Mutex                              0x200001b8   Data           8  ping.o(.data)
    Fifo1_CurrentSize                        0x200001c0   Data           8  ping.o(.data)
    Fifo2_Mutex                              0x200001c8   Data           8  ping.o(.data)
    Fifo2_CurrentSize                        0x200001d0   Data           8  ping.o(.data)
    Fifo3_Mutex                              0x200001d8   Data           8  ping.o(.data)
    Fifo3_CurrentSize                        0x200001e0   Data           8  ping.o(.data)
    Fifo4_Mutex                              0x200001e8   Data           8  ping.o(.data)
    Fifo4_CurrentSize                        0x200001f0   Data           8  ping.o(.data)
    .data                                    0x20000218   Section       64  esp8266.o(.data)
    .data                                    0x20000258   Section        4  stdio_streams.o(.data)
    .data                                    0x2000025c   Section        4  stdio_streams.o(.data)
    .data                                    0x20000260   Section        4  stdio_streams.o(.data)
    .bss                                     0x20000264   Section    24976  os.o(.bss)
    OSFifo                                   0x200063d4   Data          32  os.o(.bss)
    .bss                                     0x200063f4   Section      296  os_periodictasks.o(.bss)
    .bss                                     0x2000651c   Section       32  uart.o(.bss)
    URxFifo                                  0x2000651c   Data          16  uart.o(.bss)
    UTxFifo                                  0x2000652c   Data          16  uart.o(.bss)
    .bss                                     0x2000653c   Section      160  ping.o(.bss)
    Ping1Fifo                                0x2000655c   Data          32  ping.o(.bss)
    Ping2Fifo                                0x2000657c   Data          32  ping.o(.bss)
    Ping3Fifo                                0x2000659c   Data          32  ping.o(.bss)
    Ping4Fifo                                0x200065bc   Data          32  ping.o(.bss)
    .bss                                     0x200065dc   Section     3104  esp8266.o(.bss)
    .bss                                     0x200071fc   Section       84  stdio_streams.o(.bss)
    .bss                                     0x20007250   Section       84  stdio_streams.o(.bss)
    .bss                                     0x200072a4   Section       84  stdio_streams.o(.bss)
    .bss                                     0x200072f8   Section       96  libspace.o(.bss)
    HEAP                                     0x20007358   Section        0  startup.o(HEAP)
    STACK                                    0x20007358   Section     1024  startup.o(STACK)
    HeapMem                                  0x20007358   Data           0  startup.o(HEAP)
    StackMem                                 0x20007358   Data           0  startup.o(STACK)

    Global Symbols

    Symbol Name                              Value     Ov Type        Size  Object(Section)

    BuildAttributes$$THM_ISAv4$E$P$D$K$B$S$7EM$PE$A:L22UL41UL21$X:L11$S22US41US21$IEEE1$IW$USESV6$~STKCKD$USESV7$~SHL$OTIME$ROPI$IEEEJ$EBA8$UX$STANDARDLIB$REQ8$PRES8$EABIv2 0x00000000   Number         0  anon$$obj.o ABSOLUTE
    __ARM_use_no_argv                        0x00000000   Number         0  main.o ABSOLUTE
    __Vectors                                0x00000000   Data           0  startup.o(RESET)
    _printf_flags                            0x00000000   Number         0  printf_stubs.o ABSOLUTE
    _printf_return_value                     0x00000000   Number         0  printf_stubs.o ABSOLUTE
    _printf_sizespec                         0x00000000   Number         0  printf_stubs.o ABSOLUTE
    _printf_widthprec                        0x00000000   Number         0  printf_stubs.o ABSOLUTE
    __ARM_exceptions_init                     - Undefined Weak Reference
    __alloca_initialize                       - Undefined Weak Reference
    __cpp_initialize__aeabi_                  - Undefined Weak Reference
    __cxa_finalize                            - Undefined Weak Reference
    __sigvec_lookup                           - Undefined Weak Reference
    __user_heap_extent                        - Undefined Weak Reference
    _atexit_init                              - Undefined Weak Reference
    _call_atexit_fns                          - Undefined Weak Reference
    _clock_init                               - Undefined Weak Reference
    _fp_trap_init                             - Undefined Weak Reference
    _fp_trap_shutdown                         - Undefined Weak Reference
    _get_lc_collate                           - Undefined Weak Reference
    _get_lc_monetary                          - Undefined Weak Reference
    _get_lc_time                              - Undefined Weak Reference
    _getenv_init                              - Undefined Weak Reference
    _handle_redirection                       - Undefined Weak Reference
    _mutex_acquire                            - Undefined Weak Reference
    _mutex_free                               - Undefined Weak Reference
    _mutex_release                            - Undefined Weak Reference
    _printf_mbtowc                            - Undefined Weak Reference
    _printf_wc                                - Undefined Weak Reference
    _rand_init                                - Undefined Weak Reference
    _signal_finish                            - Undefined Weak Reference
    _signal_init                              - Undefined Weak Reference
    Reset_Handler                            0x0000026d   Thumb Code     0  startup.o(RESET)
    NMI_Handler                              0x00000271   Thumb Code     2  startup.o(RESET)
    MemManage_Handler                        0x00000275   Thumb Code     2  startup.o(RESET)
    BusFault_Handler                         0x00000277   Thumb Code     2  startup.o(RESET)
    UsageFault_Handler                       0x00000279   Thumb Code     2  startup.o(RESET)
    SVC_Handler                              0x0000027b   Thumb Code     2  startup.o(RESET)
    DebugMon_Handler                         0x0000027d   Thumb Code     2  startup.o(RESET)
    ADC0Seq0_Handler                         0x00000283   Thumb Code     0  startup.o(RESET)
    ADC0Seq1_Handler                         0x00000283   Thumb Code     0  startup.o(RESET)
    ADC0Seq2_Handler                         0x00000283   Thumb Code     0  startup.o(RESET)
    ADC1Seq0_Handler                         0x00000283   Thumb Code     0  startup.o(RESET)
    ADC1Seq1_Handler                         0x00000283   Thumb Code     0  startup.o(RESET)
    ADC1Seq2_Handler                         0x00000283   Thumb Code     0  startup.o(RESET)
    ADC1Seq3_Handler                         0x00000283   Thumb Code     0  startup.o(RESET)
    CAN1_Handler                             0x00000283   Thumb Code     0  startup.o(RESET)
    CAN2_Handler                             0x00000283   Thumb Code     0  startup.o(RESET)
    Comp0_Handler                            0x00000283   Thumb Code     0  startup.o(RESET)
    Comp1_Handler                            0x00000283   Thumb Code     0  startup.o(RESET)
    Comp2_Handler                            0x00000283   Thumb Code     0  startup.o(RESET)
    Ethernet_Handler                         0x00000283   Thumb Code     0  startup.o(RESET)
    ExtBus_Handler                           0x00000283   Thumb Code     0  startup.o(RESET)
    FPU_Handler                              0x00000283   Thumb Code     0  startup.o(RESET)
    Fan0_Handler                             0x00000283   Thumb Code     0  startup.o(RESET)
    FlashCtl_Handler                         0x00000283   Thumb Code     0  startup.o(RESET)
    GPIOPortA_Handler                        0x00000283   Thumb Code     0  startup.o(RESET)
    GPIOPortC_Handler                        0x00000283   Thumb Code     0  startup.o(RESET)
    GPIOPortD_Handler                        0x00000283   Thumb Code     0  startup.o(RESET)
    GPIOPortE_Handler                        0x00000283   Thumb Code     0  startup.o(RESET)
    GPIOPortG_Handler                        0x00000283   Thumb Code     0  startup.o(RESET)
    GPIOPortH_Handler                        0x00000283   Thumb Code     0  startup.o(RESET)
    GPIOPortJ_Handler                        0x00000283   Thumb Code     0  startup.o(RESET)
    GPIOPortK_Handler                        0x00000283   Thumb Code     0  startup.o(RESET)
    GPIOPortL_Handler                        0x00000283   Thumb Code     0  startup.o(RESET)
    GPIOPortM_Handler                        0x00000283   Thumb Code     0  startup.o(RESET)
    GPIOPortN_Handler                        0x00000283   Thumb Code     0  startup.o(RESET)
    GPIOPortP1_Handler                       0x00000283   Thumb Code     0  startup.o(RESET)
    GPIOPortP2_Handler                       0x00000283   Thumb Code     0  startup.o(RESET)
    GPIOPortP3_Handler                       0x00000283   Thumb Code     0  startup.o(RESET)
    GPIOPortP4_Handler                       0x00000283   Thumb Code     0  startup.o(RESET)
    GPIOPortP5_Handler                       0x00000283   Thumb Code     0  startup.o(RESET)
    GPIOPortP6_Handler                       0x00000283   Thumb Code     0  startup.o(RESET)
    GPIOPortP7_Handler                       0x00000283   Thumb Code     0  startup.o(RESET)
    GPIOPortP_Handler                        0x00000283   Thumb Code     0  startup.o(RESET)
    GPIOPortQ1_Handler                       0x00000283   Thumb Code     0  startup.o(RESET)
    GPIOPortQ2_Handler                       0x00000283   Thumb Code     0  startup.o(RESET)
    GPIOPortQ3_Handler                       0x00000283   Thumb Code     0  startup.o(RESET)
    GPIOPortQ4_Handler                       0x00000283   Thumb Code     0  startup.o(RESET)
    GPIOPortQ5_Handler                       0x00000283   Thumb Code     0  startup.o(RESET)
    GPIOPortQ6_Handler                       0x00000283   Thumb Code     0  startup.o(RESET)
    GPIOPortQ7_Handler                       0x00000283   Thumb Code     0  startup.o(RESET)
    GPIOPortQ_Handler                        0x00000283   Thumb Code     0  startup.o(RESET)
    GPIOPortR_Handler                        0x00000283   Thumb Code     0  startup.o(RESET)
    GPIOPortS_Handler                        0x00000283   Thumb Code     0  startup.o(RESET)
    Hibernate_Handler                        0x00000283   Thumb Code     0  startup.o(RESET)
    I2C0_Handler                             0x00000283   Thumb Code     0  startup.o(RESET)
    I2C1_Handler                             0x00000283   Thumb Code     0  startup.o(RESET)
    I2C2_Handler                             0x00000283   Thumb Code     0  startup.o(RESET)
    I2C3_Handler                             0x00000283   Thumb Code     0  startup.o(RESET)
    I2C4_Handler                             0x00000283   Thumb Code     0  startup.o(RESET)
    I2C5_Handler                             0x00000283   Thumb Code     0  startup.o(RESET)
    I2S0_Handler                             0x00000283   Thumb Code     0  startup.o(RESET)
    LPC0_Handler                             0x00000283   Thumb Code     0  startup.o(RESET)
    PECI0_Handler                            0x00000283   Thumb Code     0  startup.o(RESET)
    PWM0Fault_Handler                        0x00000283   Thumb Code     0  startup.o(RESET)
    PWM0Generator0_Handler                   0x00000283   Thumb Code     0  startup.o(RESET)
    PWM0Generator1_Handler                   0x00000283   Thumb Code     0  startup.o(RESET)
    PWM0Generator2_Handler                   0x00000283   Thumb Code     0  startup.o(RESET)
    PWM0Generator3_Handler                   0x00000283   Thumb Code     0  startup.o(RESET)
    PWM1Fault_Handler                        0x00000283   Thumb Code     0  startup.o(RESET)
    PWM1Generator0_Handler                   0x00000283   Thumb Code     0  startup.o(RESET)
    PWM1Generator1_Handler                   0x00000283   Thumb Code     0  startup.o(RESET)
    PWM1Generator2_Handler                   0x00000283   Thumb Code     0  startup.o(RESET)
    PWM1Generator3_Handler                   0x00000283   Thumb Code     0  startup.o(RESET)
    Quadrature0_Handler                      0x00000283   Thumb Code     0  startup.o(RESET)
    Quadrature1_Handler                      0x00000283   Thumb Code     0  startup.o(RESET)
    Quadrature2_Handler                      0x00000283   Thumb Code     0  startup.o(RESET)
    SSI0_Handler                             0x00000283   Thumb Code     0  startup.o(RESET)
    SSI1_Handler                             0x00000283   Thumb Code     0  startup.o(RESET)
    SSI2_Handler                             0x00000283   Thumb Code     0  startup.o(RESET)
    SSI3_Handler                             0x00000283   Thumb Code     0  startup.o(RESET)
    SysCtl_Handler                           0x00000283   Thumb Code     0  startup.o(RESET)
    Timer0A_Handler                          0x00000283   Thumb Code     0  startup.o(RESET)
    Timer0B_Handler                          0x00000283   Thumb Code     0  startup.o(RESET)
    Timer1B_Handler                          0x00000283   Thumb Code     0  startup.o(RESET)
    Timer2B_Handler                          0x00000283   Thumb Code     0  startup.o(RESET)
    Timer4A_Handler                          0x00000283   Thumb Code     0  startup.o(RESET)
    Timer4B_Handler                          0x00000283   Thumb Code     0  startup.o(RESET)
    Timer5B_Handler                          0x00000283   Thumb Code     0  startup.o(RESET)
    UART1_Handler                            0x00000283   Thumb Code     0  startup.o(RESET)
    UART3_Handler                            0x00000283   Thumb Code     0  startup.o(RESET)
    UART4_Handler                            0x00000283   Thumb Code     0  startup.o(RESET)
    UART5_Handler                            0x00000283   Thumb Code     0  startup.o(RESET)
    UART6_Handler                            0x00000283   Thumb Code     0  startup.o(RESET)
    UART7_Handler                            0x00000283   Thumb Code     0  startup.o(RESET)
    USB0_Handler                             0x00000283   Thumb Code     0  startup.o(RESET)
    WDT_Handler                              0x00000283   Thumb Code     0  startup.o(RESET)
    WideTimer0A_Handler                      0x00000283   Thumb Code     0  startup.o(RESET)
    WideTimer0B_Handler                      0x00000283   Thumb Code     0  startup.o(RESET)
    WideTimer1A_Handler                      0x00000283   Thumb Code     0  startup.o(RESET)
    WideTimer1B_Handler                      0x00000283   Thumb Code     0  startup.o(RESET)
    WideTimer2A_Handler                      0x00000283   Thumb Code     0  startup.o(RESET)
    WideTimer2B_Handler                      0x00000283   Thumb Code     0  startup.o(RESET)
    WideTimer3A_Handler                      0x00000283   Thumb Code     0  startup.o(RESET)
    WideTimer3B_Handler                      0x00000283   Thumb Code     0  startup.o(RESET)
    WideTimer4A_Handler                      0x00000283   Thumb Code     0  startup.o(RESET)
    WideTimer4B_Handler                      0x00000283   Thumb Code     0  startup.o(RESET)
    WideTimer5A_Handler                      0x00000283   Thumb Code     0  startup.o(RESET)
    WideTimer5B_Handler                      0x00000283   Thumb Code     0  startup.o(RESET)
    uDMA_Error                               0x00000283   Thumb Code     0  startup.o(RESET)
    uDMA_Handler                             0x00000283   Thumb Code     0  startup.o(RESET)
    __main                                   0x00000285   Thumb Code     8  __main.o(!!!main)
    __scatterload                            0x0000028d   Thumb Code     0  __scatter.o(!!!scatter)
    __scatterload_rt2                        0x0000028d   Thumb Code    44  __scatter.o(!!!scatter)
    __scatterload_rt2_thumb_only             0x0000028d   Thumb Code     0  __scatter.o(!!!scatter)
    __scatterload_null                       0x0000029b   Thumb Code     0  __scatter.o(!!!scatter)
    __decompress                             0x000002c1   Thumb Code    90  __dczerorl2.o(!!dczerorl2)
    __decompress1                            0x000002c1   Thumb Code     0  __dczerorl2.o(!!dczerorl2)
    __scatterload_zeroinit                   0x0000031d   Thumb Code    28  __scatter_zi.o(!!handler_zi)
    _printf_d                                0x00000339   Thumb Code     0  _printf_d.o(.ARM.Collect$$_printf_percent$$00000009)
    _printf_percent                          0x00000339   Thumb Code     0  _printf_percent.o(.ARM.Collect$$_printf_percent$$00000000)
    _printf_s                                0x0000033f   Thumb Code     0  _printf_s.o(.ARM.Collect$$_printf_percent$$00000014)
    _printf_percent_end                      0x00000345   Thumb Code     0  _printf_percent_end.o(.ARM.Collect$$_printf_percent$$00000017)
    __rt_lib_init                            0x00000349   Thumb Code     0  libinit.o(.ARM.Collect$$libinit$$00000000)
    __rt_lib_init_fp_1                       0x0000034b   Thumb Code     0  libinit2.o(.ARM.Collect$$libinit$$00000002)
    __rt_lib_init_heap_2                     0x0000034b   Thumb Code     0  libinit2.o(.ARM.Collect$$libinit$$00000003)
    __rt_lib_init_atexit_1                   0x00000353   Thumb Code     0  libinit2.o(.ARM.Collect$$libinit$$00000019)
    __rt_lib_init_clock_1                    0x00000353   Thumb Code     0  libinit2.o(.ARM.Collect$$libinit$$0000001F)
    __rt_lib_init_fp_trap_1                  0x00000353   Thumb Code     0  libinit2.o(.ARM.Collect$$libinit$$0000001D)
    __rt_lib_init_getenv_1                   0x00000353   Thumb Code     0  libinit2.o(.ARM.Collect$$libinit$$00000021)
    __rt_lib_init_heap_1                     0x00000353   Thumb Code     0  libinit2.o(.ARM.Collect$$libinit$$00000008)
    __rt_lib_init_lc_collate_1               0x00000353   Thumb Code     0  libinit2.o(.ARM.Collect$$libinit$$0000000F)
    __rt_lib_init_lc_ctype_1                 0x00000353   Thumb Code     0  libinit2.o(.ARM.Collect$$libinit$$00000011)
    __rt_lib_init_lc_monetary_1              0x00000353   Thumb Code     0  libinit2.o(.ARM.Collect$$libinit$$00000013)
    __rt_lib_init_lc_numeric_1               0x00000353   Thumb Code     0  libinit2.o(.ARM.Collect$$libinit$$00000015)
    __rt_lib_init_lc_time_1                  0x00000353   Thumb Code     0  libinit2.o(.ARM.Collect$$libinit$$00000017)
    __rt_lib_init_rand_1                     0x00000353   Thumb Code     0  libinit2.o(.ARM.Collect$$libinit$$0000000C)
    __rt_lib_init_signal_1                   0x00000353   Thumb Code     0  libinit2.o(.ARM.Collect$$libinit$$0000001B)
    __rt_lib_init_stdio_2                    0x00000353   Thumb Code     0  libinit2.o(.ARM.Collect$$libinit$$00000022)
    __rt_lib_init_user_alloc_1               0x00000353   Thumb Code     0  libinit2.o(.ARM.Collect$$libinit$$0000000A)
    __rt_lib_init_alloca_1                   0x00000357   Thumb Code     0  libinit2.o(.ARM.Collect$$libinit$$0000002C)
    __rt_lib_init_argv_1                     0x00000357   Thumb Code     0  libinit2.o(.ARM.Collect$$libinit$$0000002A)
    __rt_lib_init_cpp_1                      0x00000357   Thumb Code     0  libinit2.o(.ARM.Collect$$libinit$$00000030)
    __rt_lib_init_exceptions_1               0x00000357   Thumb Code     0  libinit2.o(.ARM.Collect$$libinit$$0000002E)
    __rt_lib_init_return                     0x00000357   Thumb Code     0  libinit2.o(.ARM.Collect$$libinit$$00000031)
    __rt_lib_init_stdio_1                    0x00000357   Thumb Code     0  libinit2.o(.ARM.Collect$$libinit$$00000023)
    __rt_lib_shutdown                        0x00000359   Thumb Code     0  libshutdown.o(.ARM.Collect$$libshutdown$$00000000)
    __rt_lib_shutdown_stdio_2                0x0000035b   Thumb Code     0  libshutdown2.o(.ARM.Collect$$libshutdown$$00000002)
    __rt_lib_shutdown_fp_trap_1              0x0000035f   Thumb Code     0  libshutdown2.o(.ARM.Collect$$libshutdown$$00000006)
    __rt_lib_shutdown_heap_1                 0x0000035f   Thumb Code     0  libshutdown2.o(.ARM.Collect$$libshutdown$$0000000E)
    __rt_lib_shutdown_return                 0x0000035f   Thumb Code     0  libshutdown2.o(.ARM.Collect$$libshutdown$$0000000F)
    __rt_lib_shutdown_signal_1               0x0000035f   Thumb Code     0  libshutdown2.o(.ARM.Collect$$libshutdown$$00000009)
    __rt_lib_shutdown_stdio_1                0x0000035f   Thumb Code     0  libshutdown2.o(.ARM.Collect$$libshutdown$$00000003)
    __rt_lib_shutdown_user_alloc_1           0x0000035f   Thumb Code     0  libshutdown2.o(.ARM.Collect$$libshutdown$$0000000B)
    __rt_entry                               0x00000361   Thumb Code     0  rtentry.o(.ARM.Collect$$rtentry$$00000000)
    __rt_entry_presh_1                       0x00000361   Thumb Code     0  rtentry2.o(.ARM.Collect$$rtentry$$00000002)
    __rt_entry_sh                            0x00000361   Thumb Code     0  rtentry4.o(.ARM.Collect$$rtentry$$00000004)
    __rt_entry_li                            0x00000367   Thumb Code     0  rtentry2.o(.ARM.Collect$$rtentry$$0000000A)
    __rt_entry_postsh_1                      0x00000367   Thumb Code     0  rtentry2.o(.ARM.Collect$$rtentry$$00000009)
    __rt_entry_main                          0x0000036b   Thumb Code     0  rtentry2.o(.ARM.Collect$$rtentry$$0000000D)
    __rt_entry_postli_1                      0x0000036b   Thumb Code     0  rtentry2.o(.ARM.Collect$$rtentry$$0000000C)
    __rt_exit                                0x00000373   Thumb Code     0  rtexit.o(.ARM.Collect$$rtexit$$00000000)
    __rt_exit_ls                             0x00000375   Thumb Code     0  rtexit2.o(.ARM.Collect$$rtexit$$00000003)
    __rt_exit_prels_1                        0x00000375   Thumb Code     0  rtexit2.o(.ARM.Collect$$rtexit$$00000002)
    __rt_exit_exit                           0x00000379   Thumb Code     0  rtexit2.o(.ARM.Collect$$rtexit$$00000004)
    Delay                                    0x00000381   Thumb Code     6  st7735.o(.emb_text)
    DisableInterrupts                        0x00000389   Thumb Code     0  startup.o(.text)
    _maybe_terminate_alloc                   0x00000389   Thumb Code     0  maybetermalloc1.o(.emb_text)
    EnableInterrupts                         0x0000038d   Thumb Code     0  startup.o(.text)
    StartCritical                            0x00000391   Thumb Code     0  startup.o(.text)
    EndCritical                              0x00000399   Thumb Code     0  startup.o(.text)
    WaitForInterrupt                         0x0000039f   Thumb Code     0  startup.o(.text)
    __user_initial_stackheap                 0x000003a3   Thumb Code     0  startup.o(.text)
    OS_StartCritical                         0x000003b9   Thumb Code     0  osasm.o(.text)
    OS_EndCritical                           0x000003cf   Thumb Code     0  osasm.o(.text)
    OS_DisableInterrupts                     0x000003e7   Thumb Code     0  osasm.o(.text)
    OS_EnableInterrupts                      0x000003f5   Thumb Code     0  osasm.o(.text)
    PendSV_Handler                           0x00000403   Thumb Code     0  osasm.o(.text)
    SysTick_Handler                          0x00000423   Thumb Code     0  osasm.o(.text)
    StartOS                                  0x00000449   Thumb Code     0  osasm.o(.text)
    __2printf                                0x00000471   Thumb Code    20  __2printf.o(.text)
    __2sprintf                               0x00000489   Thumb Code    38  __2sprintf.o(.text)
    _printf_str                              0x000004b5   Thumb Code    82  _printf_str.o(.text)
    _printf_int_dec                          0x00000509   Thumb Code   102  _printf_dec.o(.text)
    __printf                                 0x00000581   Thumb Code   390  __printf_flags_ss_wp.o(.text)
    strcpy                                   0x0000070d   Thumb Code    72  strcpy.o(.text)
    strlen                                   0x00000755   Thumb Code    62  strlen.o(.text)
    __aeabi_memclr4                          0x00000793   Thumb Code     0  rt_memclr_w.o(.text)
    __aeabi_memclr8                          0x00000793   Thumb Code     0  rt_memclr_w.o(.text)
    __rt_memclr_w                            0x00000793   Thumb Code    78  rt_memclr_w.o(.text)
    _memset_w                                0x00000797   Thumb Code     0  rt_memclr_w.o(.text)
    __use_two_region_memory                  0x000007e1   Thumb Code     2  heapauxi.o(.text)
    __rt_heap_escrow                         0x000007e3   Thumb Code     2  heapauxi.o(.text)
    __rt_heap_expand                         0x000007e5   Thumb Code     2  heapauxi.o(.text)
    _printf_int_common                       0x000007e7   Thumb Code   184  _printf_intcommon.o(.text)
    _printf_char_common                      0x000008ab   Thumb Code    32  _printf_char_common.o(.text)
    _sputc                                   0x000008d1   Thumb Code    10  _sputc.o(.text)
    _printf_cs_common                        0x000008db   Thumb Code    20  _printf_char.o(.text)
    _printf_char                             0x000008ef   Thumb Code    16  _printf_char.o(.text)
    _printf_string                           0x000008ff   Thumb Code     8  _printf_char.o(.text)
    _printf_char_file                        0x00000909   Thumb Code    32  _printf_char_file.o(.text)
    _initio                                  0x0000092d   Thumb Code   210  initio.o(.text)
    _terminateio                             0x000009ff   Thumb Code    56  initio.o(.text)
    _sys_open                                0x00000a65   Thumb Code    20  sys_io.o(.text)
    _sys_close                               0x00000a79   Thumb Code    12  sys_io.o(.text)
    _sys_write                               0x00000a85   Thumb Code    16  sys_io.o(.text)
    _sys_read                                0x00000a95   Thumb Code    14  sys_io.o(.text)
    _sys_istty                               0x00000aa3   Thumb Code    12  sys_io.o(.text)
    _sys_seek                                0x00000aaf   Thumb Code    14  sys_io.o(.text)
    _sys_ensure                              0x00000abd   Thumb Code     2  sys_io.o(.text)
    _sys_flen                                0x00000abf   Thumb Code    12  sys_io.o(.text)
    __user_setup_stackheap                   0x00000acb   Thumb Code    74  sys_stackheap_outer.o(.text)
    free                                     0x00000b15   Thumb Code    78  h1_free.o(.text)
    setvbuf                                  0x00000b63   Thumb Code    70  setvbuf.o(.text)
    freopen                                  0x00000ba9   Thumb Code   158  fopen.o(.text)
    fopen                                    0x00000c47   Thumb Code    74  fopen.o(.text)
    _fclose_internal                         0x00000c95   Thumb Code    76  fclose.o(.text)
    fclose                                   0x00000c95   Thumb Code     0  fclose.o(.text)
    exit                                     0x00000ce1   Thumb Code    12  exit.o(.text)
    __rt_SIGRTRED                            0x00000ced   Thumb Code    14  defsig_rtred_outer.o(.text)
    __user_libspace                          0x00000cfd   Thumb Code     8  libspace.o(.text)
    __user_perproc_libspace                  0x00000cfd   Thumb Code     0  libspace.o(.text)
    __user_perthread_libspace                0x00000cfd   Thumb Code     0  libspace.o(.text)
    __I$use$semihosting                      0x00000d05   Thumb Code     0  use_no_semi.o(.text)
    __use_no_semihosting_swi                 0x00000d05   Thumb Code     2  use_no_semi.o(.text)
    __semihosting_library_function           0x00000d07   Thumb Code     0  indicate_semi.o(.text)
    __rt_heap_descriptor                     0x00000d09   Thumb Code     8  rt_heap_descriptor_intlibspace.o(.text)
    __use_no_heap                            0x00000d11   Thumb Code     2  hguard.o(.text)
    __heap$guard                             0x00000d13   Thumb Code     2  hguard.o(.text)
    _terminate_user_alloc                    0x00000d15   Thumb Code     2  init_alloc.o(.text)
    _init_user_alloc                         0x00000d17   Thumb Code     2  init_alloc.o(.text)
    __Heap_Full                              0x00000d19   Thumb Code    34  init_alloc.o(.text)
    __Heap_Broken                            0x00000d3b   Thumb Code     6  init_alloc.o(.text)
    _init_alloc                              0x00000d41   Thumb Code    94  init_alloc.o(.text)
    malloc                                   0x00000d9f   Thumb Code    94  h1_alloc.o(.text)
    _fseek                                   0x00000dfd   Thumb Code   242  fseek.o(.text)
    fseek                                    0x00000dfd   Thumb Code     0  fseek.o(.text)
    _seterr                                  0x00000ef5   Thumb Code    20  stdio.o(.text)
    _writebuf                                0x00000f09   Thumb Code    84  stdio.o(.text)
    _fflush                                  0x00000f5d   Thumb Code    70  stdio.o(.text)
    _deferredlazyseek                        0x00000fa3   Thumb Code    60  stdio.o(.text)
    __sig_exit                               0x00000fe5   Thumb Code    10  defsig_exit.o(.text)
    __rt_SIGRTRED_inner                      0x00000ff1   Thumb Code    14  defsig_rtred_inner.o(.text)
    _sys_exit                                0x00001025   Thumb Code     8  sys_exit.o(.text)
    __Heap_Initialize                        0x00001031   Thumb Code    10  h1_init.o(.text)
    __Heap_DescSize                          0x0000103b   Thumb Code     4  h1_init.o(.text)
    __Heap_ProvideMemory                     0x0000103f   Thumb Code    52  h1_extend.o(.text)
    _ftell_internal                          0x00001073   Thumb Code    70  ftell.o(.text)
    ftell                                    0x00001073   Thumb Code     0  ftell.o(.text)
    __default_signal_display                 0x000010b9   Thumb Code    50  defsig_general.o(.text)
    __rt_SIGRTMEM                            0x000010eb   Thumb Code    14  defsig_rtmem_outer.o(.text)
    _ttywrch                                 0x000010f9   Thumb Code    14  sys_wrch.o(.text)
    __aeabi_errno_addr                       0x00001109   Thumb Code     8  rt_errno_addr_intlibspace.o(.text)
    __errno$intlibspace                      0x00001109   Thumb Code     0  rt_errno_addr_intlibspace.o(.text)
    __rt_errno_addr$intlibspace              0x00001109   Thumb Code     0  rt_errno_addr_intlibspace.o(.text)
    __rt_SIGRTMEM_inner                      0x00001111   Thumb Code    22  defsig_rtmem_inner.o(.text)
    ADC0Seq3_Handler                         0x00001161   Thumb Code    20  adc.o(i.ADC0Seq3_Handler)
    Board_Input                              0x0000122d   Thumb Code    18  led.o(i.Board_Input)
    CAN0_Handler                             0x00001245   Thumb Code   114  can0.o(i.CAN0_Handler)
    CANIntClear                              0x000012fb   Thumb Code    76  can.o(i.CANIntClear)
    CANIntStatus                             0x00001379   Thumb Code    60  can.o(i.CANIntStatus)
    CANMessageGet                            0x000013b5   Thumb Code   434  can.o(i.CANMessageGet)
    CANStatusGet                             0x000015d1   Thumb Code   124  can.o(i.CANStatusGet)
    Delay1ms                                 0x0000168d   Thumb Code    22  st7735.o(i.Delay1ms)
    DelayMs                                  0x000016a3   Thumb Code    32  esp8266.o(i.DelayMs)
    DelayMsSearching                         0x000016c5   Thumb Code    42  esp8266.o(i.DelayMsSearching)
    ESP8266FIFOtoBuffer                      0x000016f5   Thumb Code   100  esp8266.o(i.ESP8266FIFOtoBuffer)
    ESP8266SendCommand                       0x00001771   Thumb Code    26  esp8266.o(i.ESP8266SendCommand)
    ESP8266_CloseTCPConnection               0x0000178d   Thumb Code    46  esp8266.o(i.ESP8266_CloseTCPConnection)
    ESP8266_EnableRXInterrupt                0x000017d5   Thumb Code     8  esp8266.o(i.ESP8266_EnableRXInterrupt)
    ESP8266_GetIPAddress                     0x000017e1   Thumb Code    46  esp8266.o(i.ESP8266_GetIPAddress)
    ESP8266_GetStatus                        0x00001825   Thumb Code    46  esp8266.o(i.ESP8266_GetStatus)
    ESP8266_GetVersionNumber                 0x0000186d   Thumb Code    46  esp8266.o(i.ESP8266_GetVersionNumber)
    ESP8266_Init                             0x000018b1   Thumb Code   148  esp8266.o(i.ESP8266_Init)
    ESP8266_InitUART                         0x00001a85   Thumb Code   254  esp8266.o(i.ESP8266_InitUART)
    ESP8266_JoinAccessPoint                  0x00001bb1   Thumb Code    62  esp8266.o(i.ESP8266_JoinAccessPoint)
    ESP8266_ListAccessPoints                 0x00001c15   Thumb Code    46  esp8266.o(i.ESP8266_ListAccessPoints)
    ESP8266_MakeTCPConnection                0x00001c59   Thumb Code    58  esp8266.o(i.ESP8266_MakeTCPConnection)
    ESP8266_PrintChar                        0x00001cbd   Thumb Code    18  esp8266.o(i.ESP8266_PrintChar)
    ESP8266_Reset                            0x00001cd5   Thumb Code    84  esp8266.o(i.ESP8266_Reset)
    ESP8266_SendTCP                          0x00001d49   Thumb Code   104  esp8266.o(i.ESP8266_SendTCP)
    ESP8266_SetDataTransmissionMode          0x00001dc9   Thumb Code    58  esp8266.o(i.ESP8266_SetDataTransmissionMode)
    GPIOPortB_Handler                        0x00001e21   Thumb Code   178  ping.o(i.GPIOPortB_Handler)
    GPIOPortF_Handler                        0x00001edd   Thumb Code   136  os_switch.o(i.GPIOPortF_Handler)
    HardBeat_Toggle                          0x00001f79   Thumb Code    14  heartbeat.o(i.HardBeat_Toggle)
    HardFault_Handler                        0x00001f8d   Thumb Code    20  os.o(i.HardFault_Handler)
    HeartBeat_Toggle                         0x00001fa5   Thumb Code    24  heartbeat.o(i.HeartBeat_Toggle)
    IntDisable                               0x00001fc1   Thumb Code   116  interrupt.o(i.IntDisable)
    IntEnable                                0x00002041   Thumb Code   116  interrupt.o(i.IntEnable)
    LED_GreenOff                             0x000020c1   Thumb Code     8  led.o(i.LED_GreenOff)
    LED_GreenOn                              0x000020cd   Thumb Code     8  led.o(i.LED_GreenOn)
    LED_Init                                 0x000020d9   Thumb Code    88  led.o(i.LED_Init)
    LED_RedToggle                            0x00002145   Thumb Code    14  led.o(i.LED_RedToggle)
    OS_AddThread                             0x00002159   Thumb Code   162  os.o(i.OS_AddThread)
    OS_GetNextThread                         0x0000223d   Thumb Code    34  os.o(i.OS_GetNextThread)
    OS_Kill                                  0x00002269   Thumb Code    78  os.o(i.OS_Kill)
    OS_Signal                                0x000022cd   Thumb Code    70  os.o(i.OS_Signal)
    OS_Sleep                                 0x0000231d   Thumb Code    88  os.o(i.OS_Sleep)
    OS_Time                                  0x000023b5   Thumb Code    24  os_time.o(i.OS_Time)
    OS_TimeDifference                        0x000023d9   Thumb Code     6  os_time.o(i.OS_TimeDifference)
    OS_UpdateTimeInfoOnDisable               0x000023e1   Thumb Code   110  os_time.o(i.OS_UpdateTimeInfoOnDisable)
    OS_UpdateTimeInfoOnEnable                0x0000246d   Thumb Code   124  os_time.o(i.OS_UpdateTimeInfoOnEnable)
    OS_Wait                                  0x00002509   Thumb Code   106  os.o(i.OS_Wait)
    Output_Init                              0x000025d9   Thumb Code    16  st7735.o(i.Output_Init)
    PLL_Init                                 0x000025e9   Thumb Code   118  pll.o(i.PLL_Init)
    Ping1Fifo_Put                            0x00002665   Thumb Code    50  ping.o(i.Ping1Fifo_Put)
    Ping2Fifo_Put                            0x000026a5   Thumb Code    50  ping.o(i.Ping2Fifo_Put)
    Ping3Fifo_Put                            0x000026e5   Thumb Code    50  ping.o(i.Ping3Fifo_Put)
    Ping4Fifo_Put                            0x00002725   Thumb Code    50  ping.o(i.Ping4Fifo_Put)
    Ping_Fifo1_Put                           0x00002765   Thumb Code    24  ping.o(i.Ping_Fifo1_Put)
    Ping_Fifo2_Put                           0x00002781   Thumb Code    24  ping.o(i.Ping_Fifo2_Put)
    Ping_Fifo3_Put                           0x0000279d   Thumb Code    24  ping.o(i.Ping_Fifo3_Put)
    Ping_Fifo4_Put                           0x000027b9   Thumb Code    24  ping.o(i.Ping_Fifo4_Put)
    ST7735_DrawCharS                         0x00002821   Thumb Code   232  st7735.o(i.ST7735_DrawCharS)
    ST7735_DrawPixel                         0x00002915   Thumb Code    64  st7735.o(i.ST7735_DrawPixel)
    ST7735_DrawString                        0x0000295d   Thumb Code    86  st7735.o(i.ST7735_DrawString)
    ST7735_FillRect                          0x000029b5   Thumb Code   164  st7735.o(i.ST7735_FillRect)
    ST7735_FillScreen                        0x00002a61   Thumb Code    28  st7735.o(i.ST7735_FillScreen)
    ST7735_InitR                             0x00002a85   Thumb Code    90  st7735.o(i.ST7735_InitR)
    ST7735_OutChar                           0x00002b01   Thumb Code   176  st7735.o(i.ST7735_OutChar)
    ST7735_SetCursor                         0x00002bd5   Thumb Code    22  st7735.o(i.ST7735_SetCursor)
    SearchCheck                              0x00002bf5   Thumb Code    68  esp8266.o(i.SearchCheck)
    SearchStart                              0x00002c49   Thumb Code    30  esp8266.o(i.SearchStart)
    ServerResponseSearchCheck                0x00002c79   Thumb Code   180  esp8266.o(i.ServerResponseSearchCheck)
    ServerResponseSearchStart                0x00002d4d   Thumb Code    34  esp8266.o(i.ServerResponseSearchStart)
    Timer1A_Handler                          0x00002e79   Thumb Code    22  os_periodictasks.o(i.Timer1A_Handler)
    Timer2A_Handler                          0x00002e99   Thumb Code    84  os.o(i.Timer2A_Handler)
    Timer3A_Handler                          0x00002ef9   Thumb Code    16  timer3.o(i.Timer3A_Handler)
    Timer3B_Handler                          0x00002f11   Thumb Code    22  os_periodictasks.o(i.Timer3B_Handler)
    Timer5A_Handler                          0x00002f31   Thumb Code    14  diskio.o(i.Timer5A_Handler)
    UART0_Handler                            0x00002f45   Thumb Code    82  uart.o(i.UART0_Handler)
    UART2_Handler                            0x00002f9d   Thumb Code    44  esp8266.o(i.UART2_Handler)
    UART_OutChar                             0x00002fcd   Thumb Code    46  uart.o(i.UART_OutChar)
    URxFifo_Put                              0x00003005   Thumb Code    48  uart.o(i.URxFifo_Put)
    URxFifo_Size                             0x00003041   Thumb Code    14  uart.o(i.URxFifo_Size)
    UTxFifo_Get                              0x00003059   Thumb Code    46  uart.o(i.UTxFifo_Get)
    UTxFifo_Put                              0x00003095   Thumb Code    48  uart.o(i.UTxFifo_Put)
    UTxFifo_Size                             0x000030d1   Thumb Code    14  uart.o(i.UTxFifo_Size)
    _is_digit                                0x000030e9   Thumb Code    14  __printf_wp.o(i._is_digit)
    disk_timerproc                           0x00003471   Thumb Code    52  diskio.o(i.disk_timerproc)
    ferror                                   0x000034b1   Thumb Code     8  st7735.o(i.ferror)
    fputc                                    0x000034b9   Thumb Code    16  st7735.o(i.fputc)
    lc                                       0x000034c9   Thumb Code    14  esp8266.o(i.lc)
    main                                     0x000034d9   Thumb Code    84  main.o(i.main)
    processPingData                          0x00003569   Thumb Code    96  ping.o(i.processPingData)
    dBfs                                     0x00003cd6   Data         512  st7735.o(.constdata)
    __stdin_name                             0x00003ee7   Data           4  sys_io.o(.constdata)
    __stdout_name                            0x00003eeb   Data           4  sys_io.o(.constdata)
    __stderr_name                            0x00003eef   Data           4  sys_io.o(.constdata)
    Region$$Table$$Base                      0x00003ef4   Number         0  anon$$obj.o(Region$$Table)
    Region$$Table$$Limit                     0x00003f14   Number         0  anon$$obj.o(Region$$Table)
    Fetch                                    0x20000000   Data         120  main.o(.data)
    NumCreated                               0x20000078   Data           4  main.o(.data)
    Coeff                                    0x20000080   Data           6  main.o(.data)
    Actuator                                 0x20000086   Data           2  main.o(.data)
    PeriodicTask                             0x20000088   Data           4  timer3.o(.data)
    ADCTask                                  0x200000a0   Data           4  adc.o(.data)
    SystemTimeMS                             0x200000b8   Data           4  os.o(.data)
    SleepingThreads                          0x200000c0   Data           4  os.o(.data)
    DeadThreads                              0x200000c4   Data           4  os.o(.data)
    RunPt                                    0x200000c8   Data           4  os.o(.data)
    NumThreads                               0x200000cc   Data           4  os.o(.data)
    NumActiveThreads                         0x200000d0   Data           4  os.o(.data)
    NumSleepingThreads                       0x200000d4   Data           4  os.o(.data)
    NumDeadThreads                           0x200000d8   Data           4  os.o(.data)
    NextThread                               0x200000dc   Data           4  os.o(.data)
    disableTime                              0x200000e0   Data           8  os.o(.data)
    enableTime                               0x200000e8   Data           8  os.o(.data)
    maxDisableTime                           0x200000f0   Data           4  os.o(.data)
    lastDisableTime                          0x200000f4   Data           4  os.o(.data)
    lastEnableTime                           0x200000f8   Data           4  os.o(.data)
    interruptsEnabled                        0x200000fc   Data           4  os.o(.data)
    continueMeasuring                        0x20000100   Data           4  os.o(.data)
    OS_IsRunning                             0x20000104   Data           4  os.o(.data)
    OSPutI                                   0x20000118   Data           4  os.o(.data)
    OSGetI                                   0x2000011c   Data           4  os.o(.data)
    Mailbox_Mail                             0x20000130   Data           3  os.o(.data)
    MaxJitter                                0x20000134   Data           4  os_periodictasks.o(.data)
    numPeriodicTasks                         0x20000138   Data           1  os_periodictasks.o(.data)
    SW1Task                                  0x2000013c   Data           4  os_switch.o(.data)
    SW2Task                                  0x20000140   Data           4  os_switch.o(.data)
    LastSW1                                  0x20000144   Data           4  os_switch.o(.data)
    LastSW2                                  0x20000148   Data           4  os_switch.o(.data)
    SW1Priority                              0x2000014c   Data           4  os_switch.o(.data)
    SW2Priority                              0x20000150   Data           4  os_switch.o(.data)
    StX                                      0x20000154   Data           4  st7735.o(.data)
    StY                                      0x20000158   Data           4  st7735.o(.data)
    StTextColor                              0x2000015c   Data           2  st7735.o(.data)
    lastj                                    0x20000164   Data           4  st7735.o(.data)
    Messageindex                             0x2000016c   Data           4  st7735.o(.data)
    Ymax                                     0x20000170   Data           4  st7735.o(.data)
    Ymin                                     0x20000174   Data           4  st7735.o(.data)
    X                                        0x20000178   Data           4  st7735.o(.data)
    Yrange                                   0x2000017c   Data           4  st7735.o(.data)
    ST7735Mutex                              0x20000180   Data           8  st7735.o(.data)
    URxPutI                                  0x20000188   Data           4  uart.o(.data)
    URxGetI                                  0x2000018c   Data           4  uart.o(.data)
    UTxPutI                                  0x20000190   Data           4  uart.o(.data)
    UTxGetI                                  0x20000194   Data           4  uart.o(.data)
    RxDataAvailable                          0x20000198   Data           8  uart.o(.data)
    TxRoomLeft                               0x200001a0   Data           8  uart.o(.data)
    RxMutex                                  0x200001a8   Data           8  uart.o(.data)
    TxMutex                                  0x200001b0   Data           8  uart.o(.data)
    Ping1PutI                                0x200001f8   Data           4  ping.o(.data)
    Ping1GetI                                0x200001fc   Data           4  ping.o(.data)
    Ping2PutI                                0x20000200   Data           4  ping.o(.data)
    Ping2GetI                                0x20000204   Data           4  ping.o(.data)
    Ping3PutI                                0x20000208   Data           4  ping.o(.data)
    Ping3GetI                                0x2000020c   Data           4  ping.o(.data)
    Ping4PutI                                0x20000210   Data           4  ping.o(.data)
    Ping4GetI                                0x20000214   Data           4  ping.o(.data)
    RXBufferIndex                            0x20000218   Data           4  esp8266.o(.data)
    LastReturnIndex                          0x2000021c   Data           4  esp8266.o(.data)
    CurrentReturnIndex                       0x20000220   Data           4  esp8266.o(.data)
    ServerResponseIndex                      0x20000224   Data           4  esp8266.o(.data)
    ESP8266_ProcessBuffer                    0x20000228   Data           1  esp8266.o(.data)
    ESP8266_EchoResponse                     0x20000229   Data           1  esp8266.o(.data)
    ESP8266_ResponseComplete                 0x2000022a   Data           1  esp8266.o(.data)
    ESP8266_APEnabled                        0x2000022b   Data           1  esp8266.o(.data)
    ESP8266_ClientEnabled                    0x2000022c   Data           1  esp8266.o(.data)
    ESP8266_ServerEnabled                    0x2000022d   Data           1  esp8266.o(.data)
    ESP8266_InputProcessingEnabled           0x2000022e   Data           1  esp8266.o(.data)
    ESP8266_PageRequested                    0x2000022f   Data           1  esp8266.o(.data)
    SearchLooking                            0x20000230   Data           1  esp8266.o(.data)
    SearchFound                              0x20000231   Data           1  esp8266.o(.data)
    SearchIndex                              0x20000234   Data           4  esp8266.o(.data)
    ServerResponseSearchString               0x20000238   Data          16  esp8266.o(.data)
    ServerResponseSearchFinished             0x20000248   Data           4  esp8266.o(.data)
    ServerResponseSearchIndex                0x2000024c   Data           4  esp8266.o(.data)
    ServerResponseSearchLooking              0x20000250   Data           4  esp8266.o(.data)
    ESP8266_ServerPort                       0x20000254   Data           2  esp8266.o(.data)
    ESP8266_ServerTimeout                    0x20000256   Data           2  esp8266.o(.data)
    __aeabi_stdin                            0x20000258   Data           4  stdio_streams.o(.data)
    __aeabi_stdout                           0x2000025c   Data           4  stdio_streams.o(.data)
    __aeabi_stderr                           0x20000260   Data           4  stdio_streams.o(.data)
    tcbs                                     0x20000264   Data         336  os.o(.bss)
    ActiveThreads                            0x200003b4   Data          32  os.o(.bss)
    Stacks                                   0x200003d4   Data       24576  os.o(.bss)
    OS_JitterHistogram                       0x200063f4   Data         256  os_periodictasks.o(.bss)
    periodicTasks                            0x200064f4   Data          40  os_periodictasks.o(.bss)
    lastFlag                                 0x2000653c   Data          16  ping.o(.bss)
    lastTime                                 0x2000654c   Data          16  ping.o(.bss)
    RXBuffer                                 0x200065dc   Data        1024  esp8266.o(.bss)
    TXBuffer                                 0x200069dc   Data        1024  esp8266.o(.bss)
    ServerResponseBuffer                     0x20006ddc   Data        1024  esp8266.o(.bss)
    SearchString                             0x200071dc   Data          32  esp8266.o(.bss)
    __stdin                                  0x200071fc   Data          84  stdio_streams.o(.bss)
    __stdout                                 0x20007250   Data          84  stdio_streams.o(.bss)
    __stderr                                 0x200072a4   Data          84  stdio_streams.o(.bss)
    __libspace_start                         0x200072f8   Data          96  libspace.o(.bss)
    __temporary_stack_top$libspace           0x20007358   Data           0  libspace.o(.bss)



==============================================================================

Memory Map of the image

  Image Entry point : 0x0000026d

  Load Region LR_1 (Base: 0x00000000, Size: 0x00004178, Max: 0xffffffff, ABSOLUTE, COMPRESSED[0x00003fa0])

    Execution Region ER_RO (Base: 0x00000000, Size: 0x00003f14, Max: 0xffffffff, ABSOLUTE)

    Base Addr    Size         Type   Attr      Idx    E Section Name        Object

    0x00000000   0x00000284   Code   RO            3  * RESET               startup.o
    0x00000284   0x00000008   Code   RO         3087  * !!!main             c_w.l(__main.o)
    0x0000028c   0x00000034   Code   RO         3527    !!!scatter          c_w.l(__scatter.o)
    0x000002c0   0x0000005a   Code   RO         3525    !!dczerorl2         c_w.l(__dczerorl2.o)
    0x0000031a   0x00000002   PAD
    0x0000031c   0x0000001c   Code   RO         3529    !!handler_zi        c_w.l(__scatter_zi.o)
    0x00000338   0x00000000   Code   RO         3072    .ARM.Collect$$_printf_percent$$00000000  c_w.l(_printf_percent.o)
    0x00000338   0x00000006   Code   RO         3071    .ARM.Collect$$_printf_percent$$00000009  c_w.l(_printf_d.o)
    0x0000033e   0x00000006   Code   RO         3070    .ARM.Collect$$_printf_percent$$00000014  c_w.l(_printf_s.o)
    0x00000344   0x00000004   Code   RO         3151    .ARM.Collect$$_printf_percent$$00000017  c_w.l(_printf_percent_end.o)
    0x00000348   0x00000002   Code   RO         3331    .ARM.Collect$$libinit$$00000000  c_w.l(libinit.o)
    0x0000034a   0x00000000   Code   RO         3333    .ARM.Collect$$libinit$$00000002  c_w.l(libinit2.o)
    0x0000034a   0x00000008   Code   RO         3334    .ARM.Collect$$libinit$$00000003  c_w.l(libinit2.o)
    0x00000352   0x00000000   Code   RO         3336    .ARM.Collect$$libinit$$00000008  c_w.l(libinit2.o)
    0x00000352   0x00000000   Code   RO         3338    .ARM.Collect$$libinit$$0000000A  c_w.l(libinit2.o)
    0x00000352   0x00000000   Code   RO         3340    .ARM.Collect$$libinit$$0000000C  c_w.l(libinit2.o)
    0x00000352   0x00000000   Code   RO         3343    .ARM.Collect$$libinit$$0000000F  c_w.l(libinit2.o)
    0x00000352   0x00000000   Code   RO         3345    .ARM.Collect$$libinit$$00000011  c_w.l(libinit2.o)
    0x00000352   0x00000000   Code   RO         3347    .ARM.Collect$$libinit$$00000013  c_w.l(libinit2.o)
    0x00000352   0x00000000   Code   RO         3349    .ARM.Collect$$libinit$$00000015  c_w.l(libinit2.o)
    0x00000352   0x00000000   Code   RO         3351    .ARM.Collect$$libinit$$00000017  c_w.l(libinit2.o)
    0x00000352   0x00000000   Code   RO         3353    .ARM.Collect$$libinit$$00000019  c_w.l(libinit2.o)
    0x00000352   0x00000000   Code   RO         3355    .ARM.Collect$$libinit$$0000001B  c_w.l(libinit2.o)
    0x00000352   0x00000000   Code   RO         3357    .ARM.Collect$$libinit$$0000001D  c_w.l(libinit2.o)
    0x00000352   0x00000000   Code   RO         3359    .ARM.Collect$$libinit$$0000001F  c_w.l(libinit2.o)
    0x00000352   0x00000000   Code   RO         3361    .ARM.Collect$$libinit$$00000021  c_w.l(libinit2.o)
    0x00000352   0x00000004   Code   RO         3362    .ARM.Collect$$libinit$$00000022  c_w.l(libinit2.o)
    0x00000356   0x00000000   Code   RO         3363    .ARM.Collect$$libinit$$00000023  c_w.l(libinit2.o)
    0x00000356   0x00000000   Code   RO         3367    .ARM.Collect$$libinit$$0000002A  c_w.l(libinit2.o)
    0x00000356   0x00000000   Code   RO         3369    .ARM.Collect$$libinit$$0000002C  c_w.l(libinit2.o)
    0x00000356   0x00000000   Code   RO         3371    .ARM.Collect$$libinit$$0000002E  c_w.l(libinit2.o)
    0x00000356   0x00000000   Code   RO         3373    .ARM.Collect$$libinit$$00000030  c_w.l(libinit2.o)
    0x00000356   0x00000002   Code   RO         3374    .ARM.Collect$$libinit$$00000031  c_w.l(libinit2.o)
    0x00000358   0x00000002   Code   RO         3504    .ARM.Collect$$libshutdown$$00000000  c_w.l(libshutdown.o)
    0x0000035a   0x00000004   Code   RO         3376    .ARM.Collect$$libshutdown$$00000002  c_w.l(libshutdown2.o)
    0x0000035e   0x00000000   Code   RO         3377    .ARM.Collect$$libshutdown$$00000003  c_w.l(libshutdown2.o)
    0x0000035e   0x00000000   Code   RO         3380    .ARM.Collect$$libshutdown$$00000006  c_w.l(libshutdown2.o)
    0x0000035e   0x00000000   Code   RO         3383    .ARM.Collect$$libshutdown$$00000009  c_w.l(libshutdown2.o)
    0x0000035e   0x00000000   Code   RO         3385    .ARM.Collect$$libshutdown$$0000000B  c_w.l(libshutdown2.o)
    0x0000035e   0x00000000   Code   RO         3388    .ARM.Collect$$libshutdown$$0000000E  c_w.l(libshutdown2.o)
    0x0000035e   0x00000002   Code   RO         3389    .ARM.Collect$$libshutdown$$0000000F  c_w.l(libshutdown2.o)
    0x00000360   0x00000000   Code   RO         3089    .ARM.Collect$$rtentry$$00000000  c_w.l(rtentry.o)
    0x00000360   0x00000000   Code   RO         3176    .ARM.Collect$$rtentry$$00000002  c_w.l(rtentry2.o)
    0x00000360   0x00000006   Code   RO         3188    .ARM.Collect$$rtentry$$00000004  c_w.l(rtentry4.o)
    0x00000366   0x00000000   Code   RO         3178    .ARM.Collect$$rtentry$$00000009  c_w.l(rtentry2.o)
    0x00000366   0x00000004   Code   RO         3179    .ARM.Collect$$rtentry$$0000000A  c_w.l(rtentry2.o)
    0x0000036a   0x00000000   Code   RO         3181    .ARM.Collect$$rtentry$$0000000C  c_w.l(rtentry2.o)
    0x0000036a   0x00000008   Code   RO         3182    .ARM.Collect$$rtentry$$0000000D  c_w.l(rtentry2.o)
    0x00000372   0x00000002   Code   RO         3401    .ARM.Collect$$rtexit$$00000000  c_w.l(rtexit.o)
    0x00000374   0x00000000   Code   RO         3450    .ARM.Collect$$rtexit$$00000002  c_w.l(rtexit2.o)
    0x00000374   0x00000004   Code   RO         3451    .ARM.Collect$$rtexit$$00000003  c_w.l(rtexit2.o)
    0x00000378   0x00000006   Code   RO         3452    .ARM.Collect$$rtexit$$00000004  c_w.l(rtexit2.o)
    0x0000037e   0x00000002   PAD
    0x00000380   0x00000006   Code   RO         1624    .emb_text           st7735.o
    0x00000386   0x00000002   PAD
    0x00000388   0x00000000   Code   RO         3456    .emb_text           c_w.l(maybetermalloc1.o)
    0x00000388   0x00000030   Code   RO            4    .text               startup.o
    0x000003b8   0x000000b8   Code   RO         2371    .text               osasm.o
    0x00000470   0x00000018   Code   RO         3036    .text               c_w.l(__2printf.o)
    0x00000488   0x0000002c   Code   RO         3038    .text               c_w.l(__2sprintf.o)
    0x000004b4   0x00000052   Code   RO         3046    .text               c_w.l(_printf_str.o)
    0x00000506   0x00000002   PAD
    0x00000508   0x00000078   Code   RO         3048    .text               c_w.l(_printf_dec.o)
    0x00000580   0x0000018c   Code   RO         3067    .text               c_w.l(__printf_flags_ss_wp.o)
    0x0000070c   0x00000048   Code   RO         3075    .text               c_w.l(strcpy.o)
    0x00000754   0x0000003e   Code   RO         3077    .text               c_w.l(strlen.o)
    0x00000792   0x0000004e   Code   RO         3081    .text               c_w.l(rt_memclr_w.o)
    0x000007e0   0x00000006   Code   RO         3085    .text               c_w.l(heapauxi.o)
    0x000007e6   0x000000b8   Code   RO         3094    .text               c_w.l(_printf_intcommon.o)
    0x0000089e   0x00000002   PAD
    0x000008a0   0x00000030   Code   RO         3098    .text               c_w.l(_printf_char_common.o)
    0x000008d0   0x0000000a   Code   RO         3100    .text               c_w.l(_sputc.o)
    0x000008da   0x0000002c   Code   RO         3104    .text               c_w.l(_printf_char.o)
    0x00000906   0x00000002   PAD
    0x00000908   0x00000024   Code   RO         3106    .text               c_w.l(_printf_char_file.o)
    0x0000092c   0x00000138   Code   RO         3201    .text               c_w.l(initio.o)
    0x00000a64   0x00000066   Code   RO         3207    .text               c_w.l(sys_io.o)
    0x00000aca   0x0000004a   Code   RO         3214    .text               c_w.l(sys_stackheap_outer.o)
    0x00000b14   0x0000004e   Code   RO         3225    .text               c_w.l(h1_free.o)
    0x00000b62   0x00000046   Code   RO         3306    .text               c_w.l(setvbuf.o)
    0x00000ba8   0x000000ec   Code   RO         3309    .text               c_w.l(fopen.o)
    0x00000c94   0x0000004c   Code   RO         3311    .text               c_w.l(fclose.o)
    0x00000ce0   0x0000000c   Code   RO         3320    .text               c_w.l(exit.o)
    0x00000cec   0x0000000e   Code   RO         3322    .text               c_w.l(defsig_rtred_outer.o)
    0x00000cfa   0x00000002   PAD
    0x00000cfc   0x00000008   Code   RO         3395    .text               c_w.l(libspace.o)
    0x00000d04   0x00000002   Code   RO         3398    .text               c_w.l(use_no_semi.o)
    0x00000d06   0x00000000   Code   RO         3400    .text               c_w.l(indicate_semi.o)
    0x00000d06   0x00000002   PAD
    0x00000d08   0x00000008   Code   RO         3408    .text               c_w.l(rt_heap_descriptor_intlibspace.o)
    0x00000d10   0x00000004   Code   RO         3410    .text               c_w.l(hguard.o)
    0x00000d14   0x0000008a   Code   RO         3412    .text               c_w.l(init_alloc.o)
    0x00000d9e   0x0000005e   Code   RO         3418    .text               c_w.l(h1_alloc.o)
    0x00000dfc   0x000000f8   Code   RO         3432    .text               c_w.l(fseek.o)
    0x00000ef4   0x000000f0   Code   RO         3434    .text               c_w.l(stdio.o)
    0x00000fe4   0x0000000a   Code   RO         3439    .text               c_w.l(defsig_exit.o)
    0x00000fee   0x00000002   PAD
    0x00000ff0   0x00000034   Code   RO         3441    .text               c_w.l(defsig_rtred_inner.o)
    0x00001024   0x0000000c   Code   RO         3447    .text               c_w.l(sys_exit.o)
    0x00001030   0x0000000e   Code   RO         3458    .text               c_w.l(h1_init.o)
    0x0000103e   0x00000034   Code   RO         3460    .text               c_w.l(h1_extend.o)
    0x00001072   0x00000046   Code   RO         3466    .text               c_w.l(ftell.o)
    0x000010b8   0x00000032   Code   RO         3470    .text               c_w.l(defsig_general.o)
    0x000010ea   0x0000000e   Code   RO         3472    .text               c_w.l(defsig_rtmem_outer.o)
    0x000010f8   0x0000000e   Code   RO         3485    .text               c_w.l(sys_wrch.o)
    0x00001106   0x00000002   PAD
    0x00001108   0x00000008   Code   RO         3492    .text               c_w.l(rt_errno_addr_intlibspace.o)
    0x00001110   0x00000050   Code   RO         3498    .text               c_w.l(defsig_rtmem_inner.o)
    0x00001160   0x00000020   Code   RO          476    i.ADC0Seq3_Handler  adc.o
    0x00001180   0x00000030   Code   RO         1204    i.AppendToCircularList  os.o
    0x000011b0   0x00000036   Code   RO         1205    i.AppendToList      os.o
    0x000011e6   0x00000046   Code   RO         1206    i.AppendToPriorityList  os.o
    0x0000122c   0x00000018   Code   RO         2972    i.Board_Input       led.o
    0x00001244   0x00000080   Code   RO          338    i.CAN0_Handler      can0.o
    0x000012c4   0x00000036   Code   RO          177    i.CANDataRegRead    can.o
    0x000012fa   0x0000004c   Code   RO          183    i.CANIntClear       can.o
    0x00001346   0x00000002   PAD
    0x00001348   0x00000030   Code   RO          186    i.CANIntNumberGet   can.o
    0x00001378   0x0000003c   Code   RO          188    i.CANIntStatus      can.o
    0x000013b4   0x000001b2   Code   RO          191    i.CANMessageGet     can.o
    0x00001566   0x00000002   PAD
    0x00001568   0x00000050   Code   RO          193    i.CANRegRead        can.o
    0x000015b8   0x00000018   Code   RO          194    i.CANRegWrite       can.o
    0x000015d0   0x0000007c   Code   RO          197    i.CANStatusGet      can.o
    0x0000164c   0x00000040   Code   RO         1501    i.DebounceTaskSW2   os_switch.o
    0x0000168c   0x00000016   Code   RO         1625    i.Delay1ms          st7735.o
    0x000016a2   0x00000020   Code   RO         2751    i.DelayMs           esp8266.o
    0x000016c2   0x00000002   PAD
    0x000016c4   0x00000030   Code   RO         2752    i.DelayMsSearching  esp8266.o
    0x000016f4   0x0000007c   Code   RO         2753    i.ESP8266FIFOtoBuffer  esp8266.o
    0x00001770   0x0000001a   Code   RO         2755    i.ESP8266SendCommand  esp8266.o
    0x0000178a   0x00000002   PAD
    0x0000178c   0x00000048   Code   RO         2756    i.ESP8266_CloseTCPConnection  esp8266.o
    0x000017d4   0x0000000c   Code   RO         2760    i.ESP8266_EnableRXInterrupt  esp8266.o
    0x000017e0   0x00000044   Code   RO         2762    i.ESP8266_GetIPAddress  esp8266.o
    0x00001824   0x00000048   Code   RO         2763    i.ESP8266_GetStatus  esp8266.o
    0x0000186c   0x00000044   Code   RO         2764    i.ESP8266_GetVersionNumber  esp8266.o
    0x000018b0   0x000001d4   Code   RO         2765    i.ESP8266_Init      esp8266.o
    0x00001a84   0x0000012c   Code   RO         2766    i.ESP8266_InitUART  esp8266.o
    0x00001bb0   0x00000064   Code   RO         2767    i.ESP8266_JoinAccessPoint  esp8266.o
    0x00001c14   0x00000044   Code   RO         2768    i.ESP8266_ListAccessPoints  esp8266.o
    0x00001c58   0x00000064   Code   RO         2769    i.ESP8266_MakeTCPConnection  esp8266.o
    0x00001cbc   0x00000018   Code   RO         2770    i.ESP8266_PrintChar  esp8266.o
    0x00001cd4   0x00000074   Code   RO         2772    i.ESP8266_Reset     esp8266.o
    0x00001d48   0x00000080   Code   RO         2773    i.ESP8266_SendTCP   esp8266.o
    0x00001dc8   0x00000058   Code   RO         2775    i.ESP8266_SetDataTransmissionMode  esp8266.o
    0x00001e20   0x000000bc   Code   RO         2095    i.GPIOPortB_Handler  ping.o
    0x00001edc   0x0000009c   Code   RO         1502    i.GPIOPortF_Handler  os_switch.o
    0x00001f78   0x00000014   Code   RO         1089    i.HardBeat_Toggle   heartbeat.o
    0x00001f8c   0x00000018   Code   RO         1207    i.HardFault_Handler  os.o
    0x00001fa4   0x0000001c   Code   RO         1091    i.HeartBeat_Toggle  heartbeat.o
    0x00001fc0   0x00000080   Code   RO          385    i.IntDisable        interrupt.o
    0x00002040   0x00000080   Code   RO          386    i.IntEnable         interrupt.o
    0x000020c0   0x0000000c   Code   RO         2974    i.LED_GreenOff      led.o
    0x000020cc   0x0000000c   Code   RO         2975    i.LED_GreenOn       led.o
    0x000020d8   0x0000006c   Code   RO         2977    i.LED_Init          led.o
    0x00002144   0x00000014   Code   RO         2980    i.LED_RedToggle     led.o
    0x00002158   0x000000c0   Code   RO         1212    i.OS_AddThread      os.o
    0x00002218   0x00000024   Code   RO         1218    i.OS_GetHighestPriorityNum  os.o
    0x0000223c   0x0000002c   Code   RO         1219    i.OS_GetNextThread  os.o
    0x00002268   0x00000064   Code   RO         1223    i.OS_Kill           os.o
    0x000022cc   0x00000050   Code   RO         1229    i.OS_Signal         os.o
    0x0000231c   0x0000006c   Code   RO         1230    i.OS_Sleep          os.o
    0x00002388   0x0000002c   Code   RO         1232    i.OS_SwitchThread   os.o
    0x000023b4   0x00000024   Code   RO         1571    i.OS_Time           os_time.o
    0x000023d8   0x00000006   Code   RO         1572    i.OS_TimeDifference  os_time.o
    0x000023de   0x00000002   PAD
    0x000023e0   0x0000008c   Code   RO         1574    i.OS_UpdateTimeInfoOnDisable  os_time.o
    0x0000246c   0x0000009c   Code   RO         1575    i.OS_UpdateTimeInfoOnEnable  os_time.o
    0x00002508   0x0000007c   Code   RO         1233    i.OS_Wait           os.o
    0x00002584   0x00000054   Code   RO         1234    i.OS_Wake           os.o
    0x000025d8   0x00000010   Code   RO         1628    i.Output_Init       st7735.o
    0x000025e8   0x0000007c   Code   RO           12    i.PLL_Init          pll.o
    0x00002664   0x00000040   Code   RO         2098    i.Ping1Fifo_Put     ping.o
    0x000026a4   0x00000040   Code   RO         2104    i.Ping2Fifo_Put     ping.o
    0x000026e4   0x00000040   Code   RO         2110    i.Ping3Fifo_Put     ping.o
    0x00002724   0x00000040   Code   RO         2116    i.Ping4Fifo_Put     ping.o
    0x00002764   0x0000001c   Code   RO         2122    i.Ping_Fifo1_Put    ping.o
    0x00002780   0x0000001c   Code   RO         2126    i.Ping_Fifo2_Put    ping.o
    0x0000279c   0x0000001c   Code   RO         2130    i.Ping_Fifo3_Put    ping.o
    0x000027b8   0x0000001c   Code   RO         2134    i.Ping_Fifo4_Put    ping.o
    0x000027d4   0x0000004a   Code   RO         1237    i.RemoveFromList    os.o
    0x0000281e   0x00000002   PAD
    0x00002820   0x000000f4   Code   RO         1635    i.ST7735_DrawCharS  st7735.o
    0x00002914   0x00000048   Code   RO         1638    i.ST7735_DrawPixel  st7735.o
    0x0000295c   0x00000056   Code   RO         1639    i.ST7735_DrawString  st7735.o
    0x000029b2   0x00000002   PAD
    0x000029b4   0x000000ac   Code   RO         1640    i.ST7735_FillRect   st7735.o
    0x00002a60   0x00000024   Code   RO         1641    i.ST7735_FillScreen  st7735.o
    0x00002a84   0x0000007c   Code   RO         1643    i.ST7735_InitR      st7735.o
    0x00002b00   0x000000d4   Code   RO         1646    i.ST7735_OutChar    st7735.o
    0x00002bd4   0x00000020   Code   RO         1661    i.ST7735_SetCursor  st7735.o
    0x00002bf4   0x00000054   Code   RO         2779    i.SearchCheck       esp8266.o
    0x00002c48   0x00000030   Code   RO         2780    i.SearchStart       esp8266.o
    0x00002c78   0x000000d4   Code   RO         2781    i.ServerResponseSearchCheck  esp8266.o
    0x00002d4c   0x00000040   Code   RO         2782    i.ServerResponseSearchStart  esp8266.o
    0x00002d8c   0x000000ec   Code   RO         1238    i.SetInitialStack   os.o
    0x00002e78   0x00000020   Code   RO         1436    i.Timer1A_Handler   os_periodictasks.o
    0x00002e98   0x00000060   Code   RO         1239    i.Timer2A_Handler   os.o
    0x00002ef8   0x00000018   Code   RO          155    i.Timer3A_Handler   timer3.o
    0x00002f10   0x00000020   Code   RO         1438    i.Timer3B_Handler   os_periodictasks.o
    0x00002f30   0x00000014   Code   RO          552    i.Timer5A_Handler   diskio.o
    0x00002f44   0x00000058   Code   RO         1948    i.UART0_Handler     uart.o
    0x00002f9c   0x00000030   Code   RO         2783    i.UART2_Handler     esp8266.o
    0x00002fcc   0x00000038   Code   RO         1955    i.UART_OutChar      uart.o
    0x00003004   0x0000003c   Code   RO         1962    i.URxFifo_Put       uart.o
    0x00003040   0x00000018   Code   RO         1963    i.URxFifo_Size      uart.o
    0x00003058   0x0000003c   Code   RO         1964    i.UTxFifo_Get       uart.o
    0x00003094   0x0000003c   Code   RO         1966    i.UTxFifo_Put       uart.o
    0x000030d0   0x00000018   Code   RO         1967    i.UTxFifo_Size      uart.o
    0x000030e8   0x0000000e   Code   RO         3060    i._is_digit         c_w.l(__printf_wp.o)
    0x000030f6   0x00000002   PAD
    0x000030f8   0x00000078   Code   RO         1440    i.calculateJitter   os_periodictasks.o
    0x00003170   0x00000056   Code   RO         1665    i.commandList       st7735.o
    0x000031c6   0x00000002   PAD
    0x000031c8   0x00000240   Code   RO         1666    i.commonInit        st7735.o
    0x00003408   0x00000034   Code   RO         1968    i.copyHardwareToSoftware  uart.o
    0x0000343c   0x00000034   Code   RO         1969    i.copySoftwareToHardware  uart.o
    0x00003470   0x00000040   Code   RO          559    i.disk_timerproc    diskio.o
    0x000034b0   0x00000008   Code   RO         1667    i.ferror            st7735.o
    0x000034b8   0x00000010   Code   RO         1670    i.fputc             st7735.o
    0x000034c8   0x0000000e   Code   RO         2784    i.lc                esp8266.o
    0x000034d6   0x00000002   PAD
    0x000034d8   0x00000090   Code   RO           41    i.main              main.o
    0x00003568   0x00000068   Code   RO         2137    i.processPingData   ping.o
    0x000035d0   0x00000012   Code   RO         1672    i.pushColor         st7735.o
    0x000035e2   0x00000002   PAD
    0x000035e4   0x00000074   Code   RO         1674    i.setAddrWindow     st7735.o
    0x00003658   0x0000004c   Code   RO         1676    i.writecommand      st7735.o
    0x000036a4   0x00000050   Code   RO         1677    i.writedata         st7735.o
    0x000036f4   0x000007e2   Data   RO         1679    .constdata          st7735.o
    0x00003ed6   0x00000011   Data   RO         3068    .constdata          c_w.l(__printf_flags_ss_wp.o)
    0x00003ee7   0x00000004   Data   RO         3208    .constdata          c_w.l(sys_io.o)
    0x00003eeb   0x00000004   Data   RO         3209    .constdata          c_w.l(sys_io.o)
    0x00003eef   0x00000004   Data   RO         3210    .constdata          c_w.l(sys_io.o)
    0x00003ef3   0x00000001   PAD
    0x00003ef4   0x00000020   Data   RO         3523    Region$$Table       anon$$obj.o


    Execution Region ER_RW (Base: 0x20000000, Size: 0x00000264, Max: 0xffffffff, ABSOLUTE, COMPRESSED[0x0000008c])

    Base Addr    Size         Type   Attr      Idx    E Section Name        Object

    0x20000000   0x00000088   Data   RW           43    .data               main.o
    0x20000088   0x00000004   Data   RW          157    .data               timer3.o
    0x2000008c   0x00000008   Data   RW          342    .data               can0.o
    0x20000094   0x00000010   Data   RW          487    .data               adc.o
    0x200000a4   0x0000000d   Data   RW          571    .data               diskio.o
    0x200000b1   0x00000007   PAD
    0x200000b8   0x0000007b   Data   RW         1241    .data               os.o
    0x20000133   0x00000001   PAD
    0x20000134   0x00000005   Data   RW         1443    .data               os_periodictasks.o
    0x20000139   0x00000003   PAD
    0x2000013c   0x00000018   Data   RW         1511    .data               os_switch.o
    0x20000154   0x00000034   Data   RW         1680    .data               st7735.o
    0x20000188   0x00000030   Data   RW         1971    .data               uart.o
    0x200001b8   0x00000060   Data   RW         2140    .data               ping.o
    0x20000218   0x00000040   Data   RW         2787    .data               esp8266.o
    0x20000258   0x00000004   Data   RW         3164    .data               c_w.l(stdio_streams.o)
    0x2000025c   0x00000004   Data   RW         3165    .data               c_w.l(stdio_streams.o)
    0x20000260   0x00000004   Data   RW         3166    .data               c_w.l(stdio_streams.o)


    Execution Region ER_ZI (Base: 0x20000264, Size: 0x000074f4, Max: 0xffffffff, ABSOLUTE)

    Base Addr    Size         Type   Attr      Idx    E Section Name        Object

    0x20000264   0x00006190   Zero   RW         1240    .bss                os.o
    0x200063f4   0x00000128   Zero   RW         1441    .bss                os_periodictasks.o
    0x2000651c   0x00000020   Zero   RW         1970    .bss                uart.o
    0x2000653c   0x000000a0   Zero   RW         2139    .bss                ping.o
    0x200065dc   0x00000c20   Zero   RW         2785    .bss                esp8266.o
    0x200071fc   0x00000054   Zero   RW         3161    .bss                c_w.l(stdio_streams.o)
    0x20007250   0x00000054   Zero   RW         3162    .bss                c_w.l(stdio_streams.o)
    0x200072a4   0x00000054   Zero   RW         3163    .bss                c_w.l(stdio_streams.o)
    0x200072f8   0x00000060   Zero   RW         3396    .bss                c_w.l(libspace.o)
    0x20007358   0x00000000   Zero   RW            2    HEAP                startup.o
    0x20007358   0x00000400   Zero   RW            1    STACK               startup.o


==============================================================================

Image component sizes


      Code (inc. data)   RO Data    RW Data    ZI Data      Debug   Object Name

        32         12          0         16          0       2045   adc.o
       900          8          0          0          0       9628   can.o
       128         14          0          8          0       1127   can0.o
        84         18          0         13          0       3203   diskio.o
      2384        790          0         64       3104      13643   esp8266.o
         0          0          0          0          0       1188   fixed.o
        48         10          0          0          0        701   heartbeat.o
       256         24          0          0          0        913   interrupt.o
       176         40          0          0          0       1710   led.o
       144         60          0        136          0       3389   main.o
      1414        164          0        123      24976      10348   os.o
       184         28          0          5        296       2440   os_periodictasks.o
       220         34          0         24          0       1782   os_switch.o
       338         74          0          0          0       1967   os_time.o
       184          8          0          0          0        232   osasm.o
       660         90          0         96        160       6474   ping.o
       124          6          0          0          0       4615   pll.o
      1998        208       2018         52          0      14472   st7735.o
       692        632          0          0       1024        876   startup.o
        24          8          0          4          0        781   timer3.o
       476         92          0         48         32       5004   uart.o

    ----------------------------------------------------------------------
     10488       2320       2050        600      29592      86538   Object Totals
         0          0         32          0          0          0   (incl. Generated)
        22          0          0         11          0          0   (incl. Padding)

    ----------------------------------------------------------------------

      Code (inc. data)   RO Data    RW Data    ZI Data      Debug   Library Member Name

        24          4          0          0          0         84   __2printf.o
        44          6          0          0          0         84   __2sprintf.o
        90          0          0          0          0          0   __dczerorl2.o
         8          0          0          0          0         68   __main.o
       396          6         17          0          0         92   __printf_flags_ss_wp.o
        14          0          0          0          0         68   __printf_wp.o
        52          8          0          0          0          0   __scatter.o
        28          0          0          0          0          0   __scatter_zi.o
        44          0          0          0          0        108   _printf_char.o
        48          6          0          0          0         96   _printf_char_common.o
        36          4          0          0          0         80   _printf_char_file.o
         6          0          0          0          0          0   _printf_d.o
       120         18          0          0          0         92   _printf_dec.o
       184          0          0          0          0         88   _printf_intcommon.o
         0          0          0          0          0          0   _printf_percent.o
         4          0          0          0          0          0   _printf_percent_end.o
         6          0          0          0          0          0   _printf_s.o
        82          0          0          0          0         80   _printf_str.o
        10          0          0          0          0         68   _sputc.o
        10          0          0          0          0         68   defsig_exit.o
        50          0          0          0          0         88   defsig_general.o
        80         58          0          0          0         76   defsig_rtmem_inner.o
        14          0          0          0          0         80   defsig_rtmem_outer.o
        52         38          0          0          0         76   defsig_rtred_inner.o
        14          0          0          0          0         80   defsig_rtred_outer.o
        12          0          0          0          0         72   exit.o
        76          0          0          0          0         88   fclose.o
       236          4          0          0          0        128   fopen.o
       248          6          0          0          0         84   fseek.o
        70          0          0          0          0         76   ftell.o
        94          0          0          0          0         80   h1_alloc.o
        52          0          0          0          0         68   h1_extend.o
        78          0          0          0          0         80   h1_free.o
        14          0          0          0          0         84   h1_init.o
         6          0          0          0          0        152   heapauxi.o
         4          0          0          0          0        136   hguard.o
         0          0          0          0          0          0   indicate_semi.o
       138          0          0          0          0        168   init_alloc.o
       312         46          0          0          0        112   initio.o
         2          0          0          0          0          0   libinit.o
        14          0          0          0          0          0   libinit2.o
         2          0          0          0          0          0   libshutdown.o
         6          0          0          0          0          0   libshutdown2.o
         8          4          0          0         96         68   libspace.o
         0          0          0          0          0          0   maybetermalloc1.o
         8          4          0          0          0         68   rt_errno_addr_intlibspace.o
         8          4          0          0          0         68   rt_heap_descriptor_intlibspace.o
        78          0          0          0          0         80   rt_memclr_w.o
         0          0          0          0          0          0   rtentry.o
        12          0          0          0          0          0   rtentry2.o
         6          0          0          0          0          0   rtentry4.o
         2          0          0          0          0          0   rtexit.o
        10          0          0          0          0          0   rtexit2.o
        70          0          0          0          0         80   setvbuf.o
       240          6          0          0          0        156   stdio.o
         0          0          0         12        252          0   stdio_streams.o
        72          0          0          0          0         80   strcpy.o
        62          0          0          0          0         76   strlen.o
        12          4          0          0          0         68   sys_exit.o
       102          0         12          0          0        240   sys_io.o
        74          0          0          0          0         80   sys_stackheap_outer.o
        14          0          0          0          0         76   sys_wrch.o
         2          0          0          0          0         68   use_no_semi.o

    ----------------------------------------------------------------------
      3580        226         30         12        348       4012   Library Totals
        20          0          1          0          0          0   (incl. Padding)

    ----------------------------------------------------------------------

      Code (inc. data)   RO Data    RW Data    ZI Data      Debug   Library Name

      3560        226         29         12        348       4012   c_w.l

    ----------------------------------------------------------------------
      3580        226         30         12        348       4012   Library Totals

    ----------------------------------------------------------------------

==============================================================================


      Code (inc. data)   RO Data    RW Data    ZI Data      Debug   

     14068       2546       2080        612      29940      82646   Grand Totals
     14068       2546       2080        140      29940      82646   ELF Image Totals (compressed)
     14068       2546       2080        140          0          0   ROM Totals

==============================================================================

    Total RO  Size (Code + RO Data)                16148 (  15.77kB)
    Total RW  Size (RW Data + ZI Data)             30552 (  29.84kB)
    Total ROM Size (Code + RO Data + RW Data)      16288 (  15.91kB)

==============================================================================

