<html>
<body>
<pre>
<h1>µVision Build Log</h1>
<h2>Project:</h2>
C:\Users\Kapil\Desktop\RTOS-realTImeCommSystem\RTOSgradproj\ESP8266_SensorBoard\ESP8266_SensorBoard\espDemo.uvproj
Project File Date:  05/09/2016

<h2>Output:</h2>
Build target 'esp8266'
compiling esp8266.c...
linking...
Program Size: Code=4860 RO-data=32 RW-data=212 ZI-data=6196  
".\esp8266.axf" - 0 Error(s), 0 Warning(s).
Load "C:\\Users\\Kapil\\Desktop\\RTOS-realTImeCommSystem\\RTOSgradproj\\ESP8266_SensorBoard\\ESP8266_SensorBoard\\esp8266.axf" 
Connecting: Mode=JTAG, Speed=1000000Hz
Erase Done.
Programming Done.
Verify OK.
</pre>
</body>
</html>
rror(s), 2 Warning(s).
Load "C:\\Users\\Kapil\\Desktop\\RTOS-realTImeCommSystem\\RTOSgradproj\\ESP8266_SensorBoard\\ESP8266_SensorBoard\\esp8266.axf" 
Connecting: Mode=JTAG, Speed=1000000Hz
Erase Done.
Programming Done.
Verify OK.
SensorBoard\\esp8266.axf" 
Connecting: Mode=JTAG, Speed=1000000Hz
Erase Done.
Programming Done.
Verify OK.
